
Discarded input sections

 .text          0x00000000        0x0 ./main.o
 .data          0x00000000        0x0 ./main.o
 .bss           0x00000000        0x0 ./main.o
 .text          0x00000000        0x0 ./uart_test/init.o
 .data          0x00000000        0x0 ./uart_test/init.o
 .bss           0x00000000        0x0 ./uart_test/init.o
 .text          0x00000000        0x0 ./StdPeripheralDriver/src/misc.o
 .data          0x00000000        0x0 ./StdPeripheralDriver/src/misc.o
 .bss           0x00000000        0x0 ./StdPeripheralDriver/src/misc.o
 .text.NVIC_PriorityGroupConfig
                0x00000000       0x24 ./StdPeripheralDriver/src/misc.o
 .text.NVIC_Init
                0x00000000       0xd8 ./StdPeripheralDriver/src/misc.o
 .text.NVIC_SetVectorTable
                0x00000000       0x2c ./StdPeripheralDriver/src/misc.o
 .text.NVIC_SystemLPConfig
                0x00000000       0x44 ./StdPeripheralDriver/src/misc.o
 .text.SysTick_CLKSourceConfig
                0x00000000       0x38 ./StdPeripheralDriver/src/misc.o
 .text          0x00000000        0x0 ./StdPeripheralDriver/src/stm32f10x_adc.o
 .data          0x00000000        0x0 ./StdPeripheralDriver/src/stm32f10x_adc.o
 .bss           0x00000000        0x0 ./StdPeripheralDriver/src/stm32f10x_adc.o
 .text.ADC_DeInit
                0x00000000       0x80 ./StdPeripheralDriver/src/stm32f10x_adc.o
 .text.ADC_Init
                0x00000000       0xbc ./StdPeripheralDriver/src/stm32f10x_adc.o
 .text.ADC_StructInit
                0x00000000       0x44 ./StdPeripheralDriver/src/stm32f10x_adc.o
 .text.ADC_Cmd  0x00000000       0x38 ./StdPeripheralDriver/src/stm32f10x_adc.o
 .text.ADC_DMACmd
                0x00000000       0x38 ./StdPeripheralDriver/src/stm32f10x_adc.o
 .text.ADC_ITConfig
                0x00000000       0x48 ./StdPeripheralDriver/src/stm32f10x_adc.o
 .text.ADC_ResetCalibration
                0x00000000       0x20 ./StdPeripheralDriver/src/stm32f10x_adc.o
 .text.ADC_GetResetCalibrationStatus
                0x00000000       0x38 ./StdPeripheralDriver/src/stm32f10x_adc.o
 .text.ADC_StartCalibration
                0x00000000       0x20 ./StdPeripheralDriver/src/stm32f10x_adc.o
 .text.ADC_GetCalibrationStatus
                0x00000000       0x38 ./StdPeripheralDriver/src/stm32f10x_adc.o
 .text.ADC_SoftwareStartConvCmd
                0x00000000       0x38 ./StdPeripheralDriver/src/stm32f10x_adc.o
 .text.ADC_GetSoftwareStartConvStatus
                0x00000000       0x38 ./StdPeripheralDriver/src/stm32f10x_adc.o
 .text.ADC_DiscModeChannelCountConfig
                0x00000000       0x4c ./StdPeripheralDriver/src/stm32f10x_adc.o
 .text.ADC_DiscModeCmd
                0x00000000       0x38 ./StdPeripheralDriver/src/stm32f10x_adc.o
 .text.ADC_RegularChannelConfig
                0x00000000      0x1d0 ./StdPeripheralDriver/src/stm32f10x_adc.o
 .text.ADC_ExternalTrigConvCmd
                0x00000000       0x38 ./StdPeripheralDriver/src/stm32f10x_adc.o
 .text.ADC_GetConversionValue
                0x00000000       0x1c ./StdPeripheralDriver/src/stm32f10x_adc.o
 .text.ADC_GetDualModeConversionValue
                0x00000000       0x14 ./StdPeripheralDriver/src/stm32f10x_adc.o
 .text.ADC_AutoInjectedConvCmd
                0x00000000       0x38 ./StdPeripheralDriver/src/stm32f10x_adc.o
 .text.ADC_InjectedDiscModeCmd
                0x00000000       0x38 ./StdPeripheralDriver/src/stm32f10x_adc.o
 .text.ADC_ExternalTrigInjectedConvConfig
                0x00000000       0x38 ./StdPeripheralDriver/src/stm32f10x_adc.o
 .text.ADC_ExternalTrigInjectedConvCmd
                0x00000000       0x38 ./StdPeripheralDriver/src/stm32f10x_adc.o
 .text.ADC_SoftwareStartInjectedConvCmd
                0x00000000       0x38 ./StdPeripheralDriver/src/stm32f10x_adc.o
 .text.ADC_GetSoftwareStartInjectedConvCmdStatus
                0x00000000       0x38 ./StdPeripheralDriver/src/stm32f10x_adc.o
 .text.ADC_InjectedChannelConfig
                0x00000000      0x150 ./StdPeripheralDriver/src/stm32f10x_adc.o
 .text.ADC_InjectedSequencerLengthConfig
                0x00000000       0x4c ./StdPeripheralDriver/src/stm32f10x_adc.o
 .text.ADC_SetInjectedOffset
                0x00000000       0x34 ./StdPeripheralDriver/src/stm32f10x_adc.o
 .text.ADC_GetInjectedConversionValue
                0x00000000       0x34 ./StdPeripheralDriver/src/stm32f10x_adc.o
 .text.ADC_AnalogWatchdogCmd
                0x00000000       0x3c ./StdPeripheralDriver/src/stm32f10x_adc.o
 .text.ADC_AnalogWatchdogThresholdsConfig
                0x00000000       0x28 ./StdPeripheralDriver/src/stm32f10x_adc.o
 .text.ADC_AnalogWatchdogSingleChannelConfig
                0x00000000       0x3c ./StdPeripheralDriver/src/stm32f10x_adc.o
 .text.ADC_TempSensorVrefintCmd
                0x00000000       0x38 ./StdPeripheralDriver/src/stm32f10x_adc.o
 .text.ADC_GetFlagStatus
                0x00000000       0x3c ./StdPeripheralDriver/src/stm32f10x_adc.o
 .text.ADC_ClearFlag
                0x00000000       0x20 ./StdPeripheralDriver/src/stm32f10x_adc.o
 .text.ADC_GetITStatus
                0x00000000       0x68 ./StdPeripheralDriver/src/stm32f10x_adc.o
 .text.ADC_ClearITPendingBit
                0x00000000       0x30 ./StdPeripheralDriver/src/stm32f10x_adc.o
 .text          0x00000000        0x0 ./StdPeripheralDriver/src/stm32f10x_bkp.o
 .data          0x00000000        0x0 ./StdPeripheralDriver/src/stm32f10x_bkp.o
 .bss           0x00000000        0x0 ./StdPeripheralDriver/src/stm32f10x_bkp.o
 .text.BKP_DeInit
                0x00000000       0x18 ./StdPeripheralDriver/src/stm32f10x_bkp.o
 .text.BKP_TamperPinLevelConfig
                0x00000000       0x20 ./StdPeripheralDriver/src/stm32f10x_bkp.o
 .text.BKP_TamperPinCmd
                0x00000000       0x20 ./StdPeripheralDriver/src/stm32f10x_bkp.o
 .text.BKP_ITConfig
                0x00000000       0x20 ./StdPeripheralDriver/src/stm32f10x_bkp.o
 .text.BKP_RTCOutputConfig
                0x00000000       0x3c ./StdPeripheralDriver/src/stm32f10x_bkp.o
 .text.BKP_SetRTCCalibrationValue
                0x00000000       0x40 ./StdPeripheralDriver/src/stm32f10x_bkp.o
 .text.BKP_WriteBackupRegister
                0x00000000       0x34 ./StdPeripheralDriver/src/stm32f10x_bkp.o
 .text.BKP_ReadBackupRegister
                0x00000000       0x34 ./StdPeripheralDriver/src/stm32f10x_bkp.o
 .text.BKP_GetFlagStatus
                0x00000000       0x18 ./StdPeripheralDriver/src/stm32f10x_bkp.o
 .text.BKP_ClearFlag
                0x00000000       0x20 ./StdPeripheralDriver/src/stm32f10x_bkp.o
 .text.BKP_GetITStatus
                0x00000000       0x18 ./StdPeripheralDriver/src/stm32f10x_bkp.o
 .text.BKP_ClearITPendingBit
                0x00000000       0x20 ./StdPeripheralDriver/src/stm32f10x_bkp.o
 .text          0x00000000        0x0 ./StdPeripheralDriver/src/stm32f10x_can.o
 .data          0x00000000        0x0 ./StdPeripheralDriver/src/stm32f10x_can.o
 .bss           0x00000000        0x0 ./StdPeripheralDriver/src/stm32f10x_can.o
 .text.CAN_DeInit
                0x00000000       0x50 ./StdPeripheralDriver/src/stm32f10x_can.o
 .text.CAN_Init
                0x00000000      0x1c0 ./StdPeripheralDriver/src/stm32f10x_can.o
 .text.CAN_FilterInit
                0x00000000      0x19c ./StdPeripheralDriver/src/stm32f10x_can.o
 .text.CAN_StructInit
                0x00000000       0x6c ./StdPeripheralDriver/src/stm32f10x_can.o
 .text.CAN_SlaveStartBank
                0x00000000       0x64 ./StdPeripheralDriver/src/stm32f10x_can.o
 .text.CAN_DBGFreeze
                0x00000000       0x38 ./StdPeripheralDriver/src/stm32f10x_can.o
 .text.CAN_TTComModeCmd
                0x00000000       0x98 ./StdPeripheralDriver/src/stm32f10x_can.o
 .text.CAN_Transmit
                0x00000000      0x1ec ./StdPeripheralDriver/src/stm32f10x_can.o
 .text.CAN_TransmitStatus
                0x00000000       0xf0 ./StdPeripheralDriver/src/stm32f10x_can.o
 .text.CAN_CancelTransmit
                0x00000000       0x54 ./StdPeripheralDriver/src/stm32f10x_can.o
 .text.CAN_Receive
                0x00000000      0x1a8 ./StdPeripheralDriver/src/stm32f10x_can.o
 .text.CAN_FIFORelease
                0x00000000       0x38 ./StdPeripheralDriver/src/stm32f10x_can.o
 .text.CAN_MessagePending
                0x00000000       0x50 ./StdPeripheralDriver/src/stm32f10x_can.o
 .text.CAN_OperatingModeRequest
                0x00000000      0x114 ./StdPeripheralDriver/src/stm32f10x_can.o
 .text.CAN_Sleep
                0x00000000       0x40 ./StdPeripheralDriver/src/stm32f10x_can.o
 .text.CAN_WakeUp
                0x00000000       0x5c ./StdPeripheralDriver/src/stm32f10x_can.o
 .text.CAN_GetLastErrorCode
                0x00000000       0x28 ./StdPeripheralDriver/src/stm32f10x_can.o
 .text.CAN_GetReceiveErrorCounter
                0x00000000       0x28 ./StdPeripheralDriver/src/stm32f10x_can.o
 .text.CAN_GetLSBTransmitErrorCounter
                0x00000000       0x2c ./StdPeripheralDriver/src/stm32f10x_can.o
 .text.CAN_ITConfig
                0x00000000       0x3c ./StdPeripheralDriver/src/stm32f10x_can.o
 .text.CAN_GetFlagStatus
                0x00000000      0x104 ./StdPeripheralDriver/src/stm32f10x_can.o
 .text.CAN_ClearFlag
                0x00000000       0x78 ./StdPeripheralDriver/src/stm32f10x_can.o
 .text.CAN_GetITStatus
                0x00000000      0x1b8 ./StdPeripheralDriver/src/stm32f10x_can.o
 .text.CAN_ClearITPendingBit
                0x00000000       0xf8 ./StdPeripheralDriver/src/stm32f10x_can.o
 .text.CheckITStatus
                0x00000000       0x38 ./StdPeripheralDriver/src/stm32f10x_can.o
 .text          0x00000000        0x0 ./StdPeripheralDriver/src/stm32f10x_cec.o
 .data          0x00000000        0x0 ./StdPeripheralDriver/src/stm32f10x_cec.o
 .bss           0x00000000        0x0 ./StdPeripheralDriver/src/stm32f10x_cec.o
 .text.CEC_DeInit
                0x00000000       0x20 ./StdPeripheralDriver/src/stm32f10x_cec.o
 .text.CEC_Init
                0x00000000       0x48 ./StdPeripheralDriver/src/stm32f10x_cec.o
 .text.CEC_Cmd  0x00000000       0x38 ./StdPeripheralDriver/src/stm32f10x_cec.o
 .text.CEC_ITConfig
                0x00000000       0x20 ./StdPeripheralDriver/src/stm32f10x_cec.o
 .text.CEC_OwnAddressConfig
                0x00000000       0x20 ./StdPeripheralDriver/src/stm32f10x_cec.o
 .text.CEC_SetPrescaler
                0x00000000       0x20 ./StdPeripheralDriver/src/stm32f10x_cec.o
 .text.CEC_SendDataByte
                0x00000000       0x20 ./StdPeripheralDriver/src/stm32f10x_cec.o
 .text.CEC_ReceiveDataByte
                0x00000000       0x18 ./StdPeripheralDriver/src/stm32f10x_cec.o
 .text.CEC_StartOfMessage
                0x00000000       0x18 ./StdPeripheralDriver/src/stm32f10x_cec.o
 .text.CEC_EndOfMessageCmd
                0x00000000       0x20 ./StdPeripheralDriver/src/stm32f10x_cec.o
 .text.CEC_GetFlagStatus
                0x00000000       0x7c ./StdPeripheralDriver/src/stm32f10x_cec.o
 .text.CEC_ClearFlag
                0x00000000       0x44 ./StdPeripheralDriver/src/stm32f10x_cec.o
 .text.CEC_GetITStatus
                0x00000000       0x54 ./StdPeripheralDriver/src/stm32f10x_cec.o
 .text.CEC_ClearITPendingBit
                0x00000000       0x44 ./StdPeripheralDriver/src/stm32f10x_cec.o
 .text          0x00000000        0x0 ./StdPeripheralDriver/src/stm32f10x_crc.o
 .data          0x00000000        0x0 ./StdPeripheralDriver/src/stm32f10x_crc.o
 .bss           0x00000000        0x0 ./StdPeripheralDriver/src/stm32f10x_crc.o
 .text.CRC_ResetDR
                0x00000000       0x18 ./StdPeripheralDriver/src/stm32f10x_crc.o
 .text.CRC_CalcCRC
                0x00000000       0x24 ./StdPeripheralDriver/src/stm32f10x_crc.o
 .text.CRC_CalcBlockCRC
                0x00000000       0x4c ./StdPeripheralDriver/src/stm32f10x_crc.o
 .text.CRC_GetCRC
                0x00000000       0x14 ./StdPeripheralDriver/src/stm32f10x_crc.o
 .text.CRC_SetIDRegister
                0x00000000       0x20 ./StdPeripheralDriver/src/stm32f10x_crc.o
 .text.CRC_GetIDRegister
                0x00000000       0x18 ./StdPeripheralDriver/src/stm32f10x_crc.o
 .text          0x00000000        0x0 ./StdPeripheralDriver/src/stm32f10x_dac.o
 .data          0x00000000        0x0 ./StdPeripheralDriver/src/stm32f10x_dac.o
 .bss           0x00000000        0x0 ./StdPeripheralDriver/src/stm32f10x_dac.o
 .text.DAC_DeInit
                0x00000000       0x20 ./StdPeripheralDriver/src/stm32f10x_dac.o
 .text.DAC_Init
                0x00000000       0x70 ./StdPeripheralDriver/src/stm32f10x_dac.o
 .text.DAC_StructInit
                0x00000000       0x34 ./StdPeripheralDriver/src/stm32f10x_dac.o
 .text.DAC_Cmd  0x00000000       0x54 ./StdPeripheralDriver/src/stm32f10x_dac.o
 .text.DAC_ITConfig
                0x00000000       0x50 ./StdPeripheralDriver/src/stm32f10x_dac.o
 .text.DAC_DMACmd
                0x00000000       0x54 ./StdPeripheralDriver/src/stm32f10x_dac.o
 .text.DAC_SoftwareTriggerCmd
                0x00000000       0x5c ./StdPeripheralDriver/src/stm32f10x_dac.o
 .text.DAC_DualSoftwareTriggerCmd
                0x00000000       0x38 ./StdPeripheralDriver/src/stm32f10x_dac.o
 .text.DAC_WaveGenerationCmd
                0x00000000       0x50 ./StdPeripheralDriver/src/stm32f10x_dac.o
 .text.DAC_SetChannel1Data
                0x00000000       0x38 ./StdPeripheralDriver/src/stm32f10x_dac.o
 .text.DAC_SetChannel2Data
                0x00000000       0x38 ./StdPeripheralDriver/src/stm32f10x_dac.o
 .text.DAC_SetDualChannelData
                0x00000000       0x64 ./StdPeripheralDriver/src/stm32f10x_dac.o
 .text.DAC_GetDataOutputValue
                0x00000000       0x38 ./StdPeripheralDriver/src/stm32f10x_dac.o
 .text.DAC_GetFlagStatus
                0x00000000       0x44 ./StdPeripheralDriver/src/stm32f10x_dac.o
 .text.DAC_ClearFlag
                0x00000000       0x24 ./StdPeripheralDriver/src/stm32f10x_dac.o
 .text.DAC_GetITStatus
                0x00000000       0x64 ./StdPeripheralDriver/src/stm32f10x_dac.o
 .text.DAC_ClearITPendingBit
                0x00000000       0x24 ./StdPeripheralDriver/src/stm32f10x_dac.o
 .text          0x00000000        0x0 ./StdPeripheralDriver/src/stm32f10x_dbgmcu.o
 .data          0x00000000        0x0 ./StdPeripheralDriver/src/stm32f10x_dbgmcu.o
 .bss           0x00000000        0x0 ./StdPeripheralDriver/src/stm32f10x_dbgmcu.o
 .text.DBGMCU_GetREVID
                0x00000000       0x18 ./StdPeripheralDriver/src/stm32f10x_dbgmcu.o
 .text.DBGMCU_GetDEVID
                0x00000000       0x1c ./StdPeripheralDriver/src/stm32f10x_dbgmcu.o
 .text.DBGMCU_Config
                0x00000000       0x44 ./StdPeripheralDriver/src/stm32f10x_dbgmcu.o
 .text          0x00000000        0x0 ./StdPeripheralDriver/src/stm32f10x_dma.o
 .data          0x00000000        0x0 ./StdPeripheralDriver/src/stm32f10x_dma.o
 .bss           0x00000000        0x0 ./StdPeripheralDriver/src/stm32f10x_dma.o
 .text.DMA_DeInit
                0x00000000      0x180 ./StdPeripheralDriver/src/stm32f10x_dma.o
 .text.DMA_Init
                0x00000000       0x84 ./StdPeripheralDriver/src/stm32f10x_dma.o
 .text.DMA_StructInit
                0x00000000       0x6c ./StdPeripheralDriver/src/stm32f10x_dma.o
 .text.DMA_Cmd  0x00000000       0x3c ./StdPeripheralDriver/src/stm32f10x_dma.o
 .text.DMA_ITConfig
                0x00000000       0x3c ./StdPeripheralDriver/src/stm32f10x_dma.o
 .text.DMA_SetCurrDataCounter
                0x00000000       0x1c ./StdPeripheralDriver/src/stm32f10x_dma.o
 .text.DMA_GetCurrDataCounter
                0x00000000       0x1c ./StdPeripheralDriver/src/stm32f10x_dma.o
 .text.DMA_GetFlagStatus
                0x00000000       0x5c ./StdPeripheralDriver/src/stm32f10x_dma.o
 .text.DMA_ClearFlag
                0x00000000       0x34 ./StdPeripheralDriver/src/stm32f10x_dma.o
 .text.DMA_GetITStatus
                0x00000000       0x5c ./StdPeripheralDriver/src/stm32f10x_dma.o
 .text.DMA_ClearITPendingBit
                0x00000000       0x34 ./StdPeripheralDriver/src/stm32f10x_dma.o
 .text          0x00000000        0x0 ./StdPeripheralDriver/src/stm32f10x_exti.o
 .data          0x00000000        0x0 ./StdPeripheralDriver/src/stm32f10x_exti.o
 .bss           0x00000000        0x0 ./StdPeripheralDriver/src/stm32f10x_exti.o
 .text.EXTI_DeInit
                0x00000000       0x38 ./StdPeripheralDriver/src/stm32f10x_exti.o
 .text.EXTI_Init
                0x00000000       0xfc ./StdPeripheralDriver/src/stm32f10x_exti.o
 .text.EXTI_StructInit
                0x00000000       0x34 ./StdPeripheralDriver/src/stm32f10x_exti.o
 .text.EXTI_GenerateSWInterrupt
                0x00000000       0x24 ./StdPeripheralDriver/src/stm32f10x_exti.o
 .text.EXTI_GetFlagStatus
                0x00000000       0x3c ./StdPeripheralDriver/src/stm32f10x_exti.o
 .text.EXTI_ClearFlag
                0x00000000       0x1c ./StdPeripheralDriver/src/stm32f10x_exti.o
 .text.EXTI_GetITStatus
                0x00000000       0x54 ./StdPeripheralDriver/src/stm32f10x_exti.o
 .text.EXTI_ClearITPendingBit
                0x00000000       0x1c ./StdPeripheralDriver/src/stm32f10x_exti.o
 .text          0x00000000        0x0 ./StdPeripheralDriver/src/stm32f10x_flash.o
 .data          0x00000000        0x0 ./StdPeripheralDriver/src/stm32f10x_flash.o
 .bss           0x00000000        0x0 ./StdPeripheralDriver/src/stm32f10x_flash.o
 .text.FLASH_SetLatency
                0x00000000       0x3c ./StdPeripheralDriver/src/stm32f10x_flash.o
 .text.FLASH_HalfCycleAccessCmd
                0x00000000       0x30 ./StdPeripheralDriver/src/stm32f10x_flash.o
 .text.FLASH_PrefetchBufferCmd
                0x00000000       0x30 ./StdPeripheralDriver/src/stm32f10x_flash.o
 .text.FLASH_Unlock
                0x00000000       0x24 ./StdPeripheralDriver/src/stm32f10x_flash.o
 .text.FLASH_UnlockBank1
                0x00000000       0x24 ./StdPeripheralDriver/src/stm32f10x_flash.o
 .text.FLASH_Lock
                0x00000000       0x1c ./StdPeripheralDriver/src/stm32f10x_flash.o
 .text.FLASH_LockBank1
                0x00000000       0x1c ./StdPeripheralDriver/src/stm32f10x_flash.o
 .text.FLASH_ErasePage
                0x00000000       0x6c ./StdPeripheralDriver/src/stm32f10x_flash.o
 .text.FLASH_EraseAllPages
                0x00000000       0x64 ./StdPeripheralDriver/src/stm32f10x_flash.o
 .text.FLASH_EraseAllBank1Pages
                0x00000000       0x64 ./StdPeripheralDriver/src/stm32f10x_flash.o
 .text.FLASH_EraseOptionBytes
                0x00000000       0xe4 ./StdPeripheralDriver/src/stm32f10x_flash.o
 .text.FLASH_ProgramWord
                0x00000000       0xa0 ./StdPeripheralDriver/src/stm32f10x_flash.o
 .text.FLASH_ProgramHalfWord
                0x00000000       0x64 ./StdPeripheralDriver/src/stm32f10x_flash.o
 .text.FLASH_ProgramOptionByteData
                0x00000000       0x80 ./StdPeripheralDriver/src/stm32f10x_flash.o
 .text.FLASH_EnableWriteProtection
                0x00000000      0x128 ./StdPeripheralDriver/src/stm32f10x_flash.o
 .text.FLASH_ReadOutProtection
                0x00000000       0xe4 ./StdPeripheralDriver/src/stm32f10x_flash.o
 .text.FLASH_UserOptionByteConfig
                0x00000000       0x9c ./StdPeripheralDriver/src/stm32f10x_flash.o
 .text.FLASH_GetUserOptionByte
                0x00000000       0x18 ./StdPeripheralDriver/src/stm32f10x_flash.o
 .text.FLASH_GetWriteProtectionOptionByte
                0x00000000       0x14 ./StdPeripheralDriver/src/stm32f10x_flash.o
 .text.FLASH_GetReadOutProtectionStatus
                0x00000000       0x38 ./StdPeripheralDriver/src/stm32f10x_flash.o
 .text.FLASH_GetPrefetchBufferStatus
                0x00000000       0x38 ./StdPeripheralDriver/src/stm32f10x_flash.o
 .text.FLASH_ITConfig
                0x00000000       0x44 ./StdPeripheralDriver/src/stm32f10x_flash.o
 .text.FLASH_GetFlagStatus
                0x00000000       0x60 ./StdPeripheralDriver/src/stm32f10x_flash.o
 .text.FLASH_ClearFlag
                0x00000000       0x1c ./StdPeripheralDriver/src/stm32f10x_flash.o
 .text.FLASH_GetStatus
                0x00000000       0x64 ./StdPeripheralDriver/src/stm32f10x_flash.o
 .text.FLASH_GetBank1Status
                0x00000000       0x64 ./StdPeripheralDriver/src/stm32f10x_flash.o
 .text.FLASH_WaitForLastOperation
                0x00000000       0x4c ./StdPeripheralDriver/src/stm32f10x_flash.o
 .text.FLASH_WaitForLastBank1Operation
                0x00000000       0x4c ./StdPeripheralDriver/src/stm32f10x_flash.o
 .text          0x00000000        0x0 ./StdPeripheralDriver/src/stm32f10x_fsmc.o
 .data          0x00000000        0x0 ./StdPeripheralDriver/src/stm32f10x_fsmc.o
 .bss           0x00000000        0x0 ./StdPeripheralDriver/src/stm32f10x_fsmc.o
 .text.FSMC_NORSRAMDeInit
                0x00000000       0x58 ./StdPeripheralDriver/src/stm32f10x_fsmc.o
 .text.FSMC_NANDDeInit
                0x00000000       0x64 ./StdPeripheralDriver/src/stm32f10x_fsmc.o
 .text.FSMC_PCCARDDeInit
                0x00000000       0x38 ./StdPeripheralDriver/src/stm32f10x_fsmc.o
 .text.FSMC_NORSRAMInit
                0x00000000      0x150 ./StdPeripheralDriver/src/stm32f10x_fsmc.o
 .text.FSMC_NANDInit
                0x00000000       0xe8 ./StdPeripheralDriver/src/stm32f10x_fsmc.o
 .text.FSMC_PCCARDInit
                0x00000000       0xc8 ./StdPeripheralDriver/src/stm32f10x_fsmc.o
 .text.FSMC_NORSRAMStructInit
                0x00000000      0x108 ./StdPeripheralDriver/src/stm32f10x_fsmc.o
 .text.FSMC_NANDStructInit
                0x00000000       0x9c ./StdPeripheralDriver/src/stm32f10x_fsmc.o
 .text.FSMC_PCCARDStructInit
                0x00000000       0xa4 ./StdPeripheralDriver/src/stm32f10x_fsmc.o
 .text.FSMC_NORSRAMCmd
                0x00000000       0x54 ./StdPeripheralDriver/src/stm32f10x_fsmc.o
 .text.FSMC_NANDCmd
                0x00000000       0x70 ./StdPeripheralDriver/src/stm32f10x_fsmc.o
 .text.FSMC_PCCARDCmd
                0x00000000       0x40 ./StdPeripheralDriver/src/stm32f10x_fsmc.o
 .text.FSMC_NANDECCCmd
                0x00000000       0x70 ./StdPeripheralDriver/src/stm32f10x_fsmc.o
 .text.FSMC_GetECC
                0x00000000       0x38 ./StdPeripheralDriver/src/stm32f10x_fsmc.o
 .text.FSMC_ITConfig
                0x00000000       0xb0 ./StdPeripheralDriver/src/stm32f10x_fsmc.o
 .text.FSMC_GetFlagStatus
                0x00000000       0x70 ./StdPeripheralDriver/src/stm32f10x_fsmc.o
 .text.FSMC_ClearFlag
                0x00000000       0x68 ./StdPeripheralDriver/src/stm32f10x_fsmc.o
 .text.FSMC_GetITStatus
                0x00000000       0x94 ./StdPeripheralDriver/src/stm32f10x_fsmc.o
 .text.FSMC_ClearITPendingBit
                0x00000000       0x74 ./StdPeripheralDriver/src/stm32f10x_fsmc.o
 .text          0x00000000        0x0 ./StdPeripheralDriver/src/stm32f10x_gpio.o
 .data          0x00000000        0x0 ./StdPeripheralDriver/src/stm32f10x_gpio.o
 .bss           0x00000000        0x0 ./StdPeripheralDriver/src/stm32f10x_gpio.o
 .text.GPIO_DeInit
                0x00000000      0x118 ./StdPeripheralDriver/src/stm32f10x_gpio.o
 .text.GPIO_AFIODeInit
                0x00000000       0x20 ./StdPeripheralDriver/src/stm32f10x_gpio.o
 .text.GPIO_Init
                0x00000000      0x1c0 ./StdPeripheralDriver/src/stm32f10x_gpio.o
 .text.GPIO_StructInit
                0x00000000       0x2c ./StdPeripheralDriver/src/stm32f10x_gpio.o
 .text.GPIO_ReadInputDataBit
                0x00000000       0x3c ./StdPeripheralDriver/src/stm32f10x_gpio.o
 .text.GPIO_ReadInputData
                0x00000000       0x1c ./StdPeripheralDriver/src/stm32f10x_gpio.o
 .text.GPIO_ReadOutputDataBit
                0x00000000       0x3c ./StdPeripheralDriver/src/stm32f10x_gpio.o
 .text.GPIO_ReadOutputData
                0x00000000       0x1c ./StdPeripheralDriver/src/stm32f10x_gpio.o
 .text.GPIO_SetBits
                0x00000000       0x1c ./StdPeripheralDriver/src/stm32f10x_gpio.o
 .text.GPIO_ResetBits
                0x00000000       0x1c ./StdPeripheralDriver/src/stm32f10x_gpio.o
 .text.GPIO_WriteBit
                0x00000000       0x30 ./StdPeripheralDriver/src/stm32f10x_gpio.o
 .text.GPIO_Write
                0x00000000       0x1c ./StdPeripheralDriver/src/stm32f10x_gpio.o
 .text.GPIO_PinLockConfig
                0x00000000       0x44 ./StdPeripheralDriver/src/stm32f10x_gpio.o
 .text.GPIO_EventOutputConfig
                0x00000000       0x54 ./StdPeripheralDriver/src/stm32f10x_gpio.o
 .text.GPIO_EventOutputCmd
                0x00000000       0x20 ./StdPeripheralDriver/src/stm32f10x_gpio.o
 .text.GPIO_PinRemapConfig
                0x00000000      0x104 ./StdPeripheralDriver/src/stm32f10x_gpio.o
 .text.GPIO_EXTILineConfig
                0x00000000       0x9c ./StdPeripheralDriver/src/stm32f10x_gpio.o
 .text.GPIO_ETH_MediaInterfaceConfig
                0x00000000       0x1c ./StdPeripheralDriver/src/stm32f10x_gpio.o
 .text          0x00000000        0x0 ./StdPeripheralDriver/src/stm32f10x_i2c.o
 .data          0x00000000        0x0 ./StdPeripheralDriver/src/stm32f10x_i2c.o
 .bss           0x00000000        0x0 ./StdPeripheralDriver/src/stm32f10x_i2c.o
 .text.I2C_DeInit
                0x00000000       0x50 ./StdPeripheralDriver/src/stm32f10x_i2c.o
 .text.I2C_Init
                0x00000000      0x1b0 ./StdPeripheralDriver/src/stm32f10x_i2c.o
 .text.I2C_StructInit
                0x00000000       0x44 ./StdPeripheralDriver/src/stm32f10x_i2c.o
 .text.I2C_Cmd  0x00000000       0x40 ./StdPeripheralDriver/src/stm32f10x_i2c.o
 .text.I2C_DMACmd
                0x00000000       0x40 ./StdPeripheralDriver/src/stm32f10x_i2c.o
 .text.I2C_DMALastTransferCmd
                0x00000000       0x40 ./StdPeripheralDriver/src/stm32f10x_i2c.o
 .text.I2C_GenerateSTART
                0x00000000       0x40 ./StdPeripheralDriver/src/stm32f10x_i2c.o
 .text.I2C_GenerateSTOP
                0x00000000       0x40 ./StdPeripheralDriver/src/stm32f10x_i2c.o
 .text.I2C_AcknowledgeConfig
                0x00000000       0x40 ./StdPeripheralDriver/src/stm32f10x_i2c.o
 .text.I2C_OwnAddress2Config
                0x00000000       0x44 ./StdPeripheralDriver/src/stm32f10x_i2c.o
 .text.I2C_DualAddressCmd
                0x00000000       0x40 ./StdPeripheralDriver/src/stm32f10x_i2c.o
 .text.I2C_GeneralCallCmd
                0x00000000       0x40 ./StdPeripheralDriver/src/stm32f10x_i2c.o
 .text.I2C_ITConfig
                0x00000000       0x4c ./StdPeripheralDriver/src/stm32f10x_i2c.o
 .text.I2C_SendData
                0x00000000       0x20 ./StdPeripheralDriver/src/stm32f10x_i2c.o
 .text.I2C_ReceiveData
                0x00000000       0x1c ./StdPeripheralDriver/src/stm32f10x_i2c.o
 .text.I2C_Send7bitAddress
                0x00000000       0x3c ./StdPeripheralDriver/src/stm32f10x_i2c.o
 .text.I2C_ReadRegister
                0x00000000       0x30 ./StdPeripheralDriver/src/stm32f10x_i2c.o
 .text.I2C_SoftwareResetCmd
                0x00000000       0x48 ./StdPeripheralDriver/src/stm32f10x_i2c.o
 .text.I2C_NACKPositionConfig
                0x00000000       0x40 ./StdPeripheralDriver/src/stm32f10x_i2c.o
 .text.I2C_SMBusAlertConfig
                0x00000000       0x40 ./StdPeripheralDriver/src/stm32f10x_i2c.o
 .text.I2C_TransmitPEC
                0x00000000       0x40 ./StdPeripheralDriver/src/stm32f10x_i2c.o
 .text.I2C_PECPositionConfig
                0x00000000       0x40 ./StdPeripheralDriver/src/stm32f10x_i2c.o
 .text.I2C_CalculatePEC
                0x00000000       0x40 ./StdPeripheralDriver/src/stm32f10x_i2c.o
 .text.I2C_GetPEC
                0x00000000       0x24 ./StdPeripheralDriver/src/stm32f10x_i2c.o
 .text.I2C_ARPCmd
                0x00000000       0x40 ./StdPeripheralDriver/src/stm32f10x_i2c.o
 .text.I2C_StretchClockCmd
                0x00000000       0x40 ./StdPeripheralDriver/src/stm32f10x_i2c.o
 .text.I2C_FastModeDutyCycleConfig
                0x00000000       0x40 ./StdPeripheralDriver/src/stm32f10x_i2c.o
 .text.I2C_CheckEvent
                0x00000000       0x70 ./StdPeripheralDriver/src/stm32f10x_i2c.o
 .text.I2C_GetLastEvent
                0x00000000       0x50 ./StdPeripheralDriver/src/stm32f10x_i2c.o
 .text.I2C_GetFlagStatus
                0x00000000       0x7c ./StdPeripheralDriver/src/stm32f10x_i2c.o
 .text.I2C_ClearFlag
                0x00000000       0x30 ./StdPeripheralDriver/src/stm32f10x_i2c.o
 .text.I2C_GetITStatus
                0x00000000       0x68 ./StdPeripheralDriver/src/stm32f10x_i2c.o
 .text.I2C_ClearITPendingBit
                0x00000000       0x30 ./StdPeripheralDriver/src/stm32f10x_i2c.o
 .text          0x00000000        0x0 ./StdPeripheralDriver/src/stm32f10x_iwdg.o
 .data          0x00000000        0x0 ./StdPeripheralDriver/src/stm32f10x_iwdg.o
 .bss           0x00000000        0x0 ./StdPeripheralDriver/src/stm32f10x_iwdg.o
 .text.IWDG_WriteAccessCmd
                0x00000000       0x20 ./StdPeripheralDriver/src/stm32f10x_iwdg.o
 .text.IWDG_SetPrescaler
                0x00000000       0x20 ./StdPeripheralDriver/src/stm32f10x_iwdg.o
 .text.IWDG_SetReload
                0x00000000       0x20 ./StdPeripheralDriver/src/stm32f10x_iwdg.o
 .text.IWDG_ReloadCounter
                0x00000000       0x18 ./StdPeripheralDriver/src/stm32f10x_iwdg.o
 .text.IWDG_Enable
                0x00000000       0x18 ./StdPeripheralDriver/src/stm32f10x_iwdg.o
 .text.IWDG_GetFlagStatus
                0x00000000       0x40 ./StdPeripheralDriver/src/stm32f10x_iwdg.o
 .text          0x00000000        0x0 ./StdPeripheralDriver/src/stm32f10x_pwr.o
 .data          0x00000000        0x0 ./StdPeripheralDriver/src/stm32f10x_pwr.o
 .bss           0x00000000        0x0 ./StdPeripheralDriver/src/stm32f10x_pwr.o
 .text.__WFI    0x00000000        0xc ./StdPeripheralDriver/src/stm32f10x_pwr.o
 .text.__WFE    0x00000000        0xc ./StdPeripheralDriver/src/stm32f10x_pwr.o
 .text.PWR_DeInit
                0x00000000       0x20 ./StdPeripheralDriver/src/stm32f10x_pwr.o
 .text.PWR_BackupAccessCmd
                0x00000000       0x20 ./StdPeripheralDriver/src/stm32f10x_pwr.o
 .text.PWR_PVDCmd
                0x00000000       0x20 ./StdPeripheralDriver/src/stm32f10x_pwr.o
 .text.PWR_PVDLevelConfig
                0x00000000       0x3c ./StdPeripheralDriver/src/stm32f10x_pwr.o
 .text.PWR_WakeUpPinCmd
                0x00000000       0x20 ./StdPeripheralDriver/src/stm32f10x_pwr.o
 .text.PWR_EnterSTOPMode
                0x00000000       0x68 ./StdPeripheralDriver/src/stm32f10x_pwr.o
 .text.PWR_EnterSTANDBYMode
                0x00000000       0x38 ./StdPeripheralDriver/src/stm32f10x_pwr.o
 .text.PWR_GetFlagStatus
                0x00000000       0x3c ./StdPeripheralDriver/src/stm32f10x_pwr.o
 .text.PWR_ClearFlag
                0x00000000       0x28 ./StdPeripheralDriver/src/stm32f10x_pwr.o
 .text          0x00000000        0x0 ./StdPeripheralDriver/src/stm32f10x_rcc.o
 .data          0x00000000        0x0 ./StdPeripheralDriver/src/stm32f10x_rcc.o
 .bss           0x00000000        0x0 ./StdPeripheralDriver/src/stm32f10x_rcc.o
 .data.APBAHBPrescTable
                0x00000000       0x10 ./StdPeripheralDriver/src/stm32f10x_rcc.o
 .data.ADCPrescTable
                0x00000000        0x4 ./StdPeripheralDriver/src/stm32f10x_rcc.o
 .text.RCC_DeInit
                0x00000000       0x64 ./StdPeripheralDriver/src/stm32f10x_rcc.o
 .text.RCC_HSEConfig
                0x00000000       0x5c ./StdPeripheralDriver/src/stm32f10x_rcc.o
 .text.RCC_WaitForHSEStartUp
                0x00000000       0x64 ./StdPeripheralDriver/src/stm32f10x_rcc.o
 .text.RCC_AdjustHSICalibrationValue
                0x00000000       0x40 ./StdPeripheralDriver/src/stm32f10x_rcc.o
 .text.RCC_HSICmd
                0x00000000       0x20 ./StdPeripheralDriver/src/stm32f10x_rcc.o
 .text.RCC_PLLConfig
                0x00000000       0x44 ./StdPeripheralDriver/src/stm32f10x_rcc.o
 .text.RCC_PLLCmd
                0x00000000       0x20 ./StdPeripheralDriver/src/stm32f10x_rcc.o
 .text.RCC_PREDIV1Config
                0x00000000       0x48 ./StdPeripheralDriver/src/stm32f10x_rcc.o
 .text.RCC_SYSCLKConfig
                0x00000000       0x3c ./StdPeripheralDriver/src/stm32f10x_rcc.o
 .text.RCC_GetSYSCLKSource
                0x00000000       0x1c ./StdPeripheralDriver/src/stm32f10x_rcc.o
 .text.RCC_HCLKConfig
                0x00000000       0x3c ./StdPeripheralDriver/src/stm32f10x_rcc.o
 .text.RCC_PCLK1Config
                0x00000000       0x3c ./StdPeripheralDriver/src/stm32f10x_rcc.o
 .text.RCC_PCLK2Config
                0x00000000       0x40 ./StdPeripheralDriver/src/stm32f10x_rcc.o
 .text.RCC_ITConfig
                0x00000000       0x50 ./StdPeripheralDriver/src/stm32f10x_rcc.o
 .text.RCC_USBCLKConfig
                0x00000000       0x1c ./StdPeripheralDriver/src/stm32f10x_rcc.o
 .text.RCC_ADCCLKConfig
                0x00000000       0x3c ./StdPeripheralDriver/src/stm32f10x_rcc.o
 .text.RCC_LSEConfig
                0x00000000       0x48 ./StdPeripheralDriver/src/stm32f10x_rcc.o
 .text.RCC_LSICmd
                0x00000000       0x20 ./StdPeripheralDriver/src/stm32f10x_rcc.o
 .text.RCC_RTCCLKConfig
                0x00000000       0x24 ./StdPeripheralDriver/src/stm32f10x_rcc.o
 .text.RCC_RTCCLKCmd
                0x00000000       0x20 ./StdPeripheralDriver/src/stm32f10x_rcc.o
 .text.RCC_GetClocksFreq
                0x00000000      0x17c ./StdPeripheralDriver/src/stm32f10x_rcc.o
 .text.RCC_AHBPeriphClockCmd
                0x00000000       0x44 ./StdPeripheralDriver/src/stm32f10x_rcc.o
 .text.RCC_APB2PeriphClockCmd
                0x00000000       0x44 ./StdPeripheralDriver/src/stm32f10x_rcc.o
 .text.RCC_APB1PeriphClockCmd
                0x00000000       0x44 ./StdPeripheralDriver/src/stm32f10x_rcc.o
 .text.RCC_APB2PeriphResetCmd
                0x00000000       0x44 ./StdPeripheralDriver/src/stm32f10x_rcc.o
 .text.RCC_APB1PeriphResetCmd
                0x00000000       0x44 ./StdPeripheralDriver/src/stm32f10x_rcc.o
 .text.RCC_BackupResetCmd
                0x00000000       0x20 ./StdPeripheralDriver/src/stm32f10x_rcc.o
 .text.RCC_ClockSecuritySystemCmd
                0x00000000       0x20 ./StdPeripheralDriver/src/stm32f10x_rcc.o
 .text.RCC_MCOConfig
                0x00000000       0x20 ./StdPeripheralDriver/src/stm32f10x_rcc.o
 .text.RCC_GetFlagStatus
                0x00000000       0x84 ./StdPeripheralDriver/src/stm32f10x_rcc.o
 .text.RCC_ClearFlag
                0x00000000       0x1c ./StdPeripheralDriver/src/stm32f10x_rcc.o
 .text.RCC_GetITStatus
                0x00000000       0x40 ./StdPeripheralDriver/src/stm32f10x_rcc.o
 .text.RCC_ClearITPendingBit
                0x00000000       0x20 ./StdPeripheralDriver/src/stm32f10x_rcc.o
 .text          0x00000000        0x0 ./StdPeripheralDriver/src/stm32f10x_rtc.o
 .data          0x00000000        0x0 ./StdPeripheralDriver/src/stm32f10x_rtc.o
 .bss           0x00000000        0x0 ./StdPeripheralDriver/src/stm32f10x_rtc.o
 .text.RTC_ITConfig
                0x00000000       0x50 ./StdPeripheralDriver/src/stm32f10x_rtc.o
 .text.RTC_EnterConfigMode
                0x00000000       0x20 ./StdPeripheralDriver/src/stm32f10x_rtc.o
 .text.RTC_ExitConfigMode
                0x00000000       0x20 ./StdPeripheralDriver/src/stm32f10x_rtc.o
 .text.RTC_GetCounter
                0x00000000       0x34 ./StdPeripheralDriver/src/stm32f10x_rtc.o
 .text.RTC_SetCounter
                0x00000000       0x30 ./StdPeripheralDriver/src/stm32f10x_rtc.o
 .text.RTC_SetPrescaler
                0x00000000       0x34 ./StdPeripheralDriver/src/stm32f10x_rtc.o
 .text.RTC_SetAlarm
                0x00000000       0x30 ./StdPeripheralDriver/src/stm32f10x_rtc.o
 .text.RTC_GetDivider
                0x00000000       0x3c ./StdPeripheralDriver/src/stm32f10x_rtc.o
 .text.RTC_WaitForLastTask
                0x00000000       0x20 ./StdPeripheralDriver/src/stm32f10x_rtc.o
 .text.RTC_WaitForSynchro
                0x00000000       0x30 ./StdPeripheralDriver/src/stm32f10x_rtc.o
 .text.RTC_GetFlagStatus
                0x00000000       0x44 ./StdPeripheralDriver/src/stm32f10x_rtc.o
 .text.RTC_ClearFlag
                0x00000000       0x30 ./StdPeripheralDriver/src/stm32f10x_rtc.o
 .text.RTC_GetITStatus
                0x00000000       0x5c ./StdPeripheralDriver/src/stm32f10x_rtc.o
 .text.RTC_ClearITPendingBit
                0x00000000       0x30 ./StdPeripheralDriver/src/stm32f10x_rtc.o
 .text          0x00000000        0x0 ./StdPeripheralDriver/src/stm32f10x_sdio.o
 .data          0x00000000        0x0 ./StdPeripheralDriver/src/stm32f10x_sdio.o
 .bss           0x00000000        0x0 ./StdPeripheralDriver/src/stm32f10x_sdio.o
 .text.SDIO_DeInit
                0x00000000       0x58 ./StdPeripheralDriver/src/stm32f10x_sdio.o
 .text.SDIO_Init
                0x00000000       0x64 ./StdPeripheralDriver/src/stm32f10x_sdio.o
 .text.SDIO_StructInit
                0x00000000       0x44 ./StdPeripheralDriver/src/stm32f10x_sdio.o
 .text.SDIO_ClockCmd
                0x00000000       0x20 ./StdPeripheralDriver/src/stm32f10x_sdio.o
 .text.SDIO_SetPowerState
                0x00000000       0x30 ./StdPeripheralDriver/src/stm32f10x_sdio.o
 .text.SDIO_GetPowerState
                0x00000000       0x18 ./StdPeripheralDriver/src/stm32f10x_sdio.o
 .text.SDIO_ITConfig
                0x00000000       0x44 ./StdPeripheralDriver/src/stm32f10x_sdio.o
 .text.SDIO_DMACmd
                0x00000000       0x20 ./StdPeripheralDriver/src/stm32f10x_sdio.o
 .text.SDIO_SendCommand
                0x00000000       0x5c ./StdPeripheralDriver/src/stm32f10x_sdio.o
 .text.SDIO_CmdStructInit
                0x00000000       0x3c ./StdPeripheralDriver/src/stm32f10x_sdio.o
 .text.SDIO_GetCommandResponse
                0x00000000       0x18 ./StdPeripheralDriver/src/stm32f10x_sdio.o
 .text.SDIO_GetResponse
                0x00000000       0x2c ./StdPeripheralDriver/src/stm32f10x_sdio.o
 .text.SDIO_DataConfig
                0x00000000       0x60 ./StdPeripheralDriver/src/stm32f10x_sdio.o
 .text.SDIO_DataStructInit
                0x00000000       0x44 ./StdPeripheralDriver/src/stm32f10x_sdio.o
 .text.SDIO_GetDataCounter
                0x00000000       0x14 ./StdPeripheralDriver/src/stm32f10x_sdio.o
 .text.SDIO_ReadData
                0x00000000       0x18 ./StdPeripheralDriver/src/stm32f10x_sdio.o
 .text.SDIO_WriteData
                0x00000000       0x20 ./StdPeripheralDriver/src/stm32f10x_sdio.o
 .text.SDIO_GetFIFOCount
                0x00000000       0x14 ./StdPeripheralDriver/src/stm32f10x_sdio.o
 .text.SDIO_StartSDIOReadWait
                0x00000000       0x20 ./StdPeripheralDriver/src/stm32f10x_sdio.o
 .text.SDIO_StopSDIOReadWait
                0x00000000       0x20 ./StdPeripheralDriver/src/stm32f10x_sdio.o
 .text.SDIO_SetSDIOReadWaitMode
                0x00000000       0x1c ./StdPeripheralDriver/src/stm32f10x_sdio.o
 .text.SDIO_SetSDIOOperation
                0x00000000       0x20 ./StdPeripheralDriver/src/stm32f10x_sdio.o
 .text.SDIO_SendSDIOSuspendCmd
                0x00000000       0x20 ./StdPeripheralDriver/src/stm32f10x_sdio.o
 .text.SDIO_CommandCompletionCmd
                0x00000000       0x20 ./StdPeripheralDriver/src/stm32f10x_sdio.o
 .text.SDIO_CEATAITCmd
                0x00000000       0x2c ./StdPeripheralDriver/src/stm32f10x_sdio.o
 .text.SDIO_SendCEATACmd
                0x00000000       0x20 ./StdPeripheralDriver/src/stm32f10x_sdio.o
 .text.SDIO_GetFlagStatus
                0x00000000       0x3c ./StdPeripheralDriver/src/stm32f10x_sdio.o
 .text.SDIO_ClearFlag
                0x00000000       0x1c ./StdPeripheralDriver/src/stm32f10x_sdio.o
 .text.SDIO_GetITStatus
                0x00000000       0x3c ./StdPeripheralDriver/src/stm32f10x_sdio.o
 .text.SDIO_ClearITPendingBit
                0x00000000       0x1c ./StdPeripheralDriver/src/stm32f10x_sdio.o
 .text          0x00000000        0x0 ./StdPeripheralDriver/src/stm32f10x_spi.o
 .data          0x00000000        0x0 ./StdPeripheralDriver/src/stm32f10x_spi.o
 .bss           0x00000000        0x0 ./StdPeripheralDriver/src/stm32f10x_spi.o
 .text.SPI_I2S_DeInit
                0x00000000       0x80 ./StdPeripheralDriver/src/stm32f10x_spi.o
 .text.SPI_Init
                0x00000000       0x98 ./StdPeripheralDriver/src/stm32f10x_spi.o
 .text.I2S_Init
                0x00000000      0x1a0 ./StdPeripheralDriver/src/stm32f10x_spi.o
 .text.SPI_StructInit
                0x00000000       0x5c ./StdPeripheralDriver/src/stm32f10x_spi.o
 .text.I2S_StructInit
                0x00000000       0x44 ./StdPeripheralDriver/src/stm32f10x_spi.o
 .text.SPI_Cmd  0x00000000       0x40 ./StdPeripheralDriver/src/stm32f10x_spi.o
 .text.I2S_Cmd  0x00000000       0x40 ./StdPeripheralDriver/src/stm32f10x_spi.o
 .text.SPI_I2S_ITConfig
                0x00000000       0x70 ./StdPeripheralDriver/src/stm32f10x_spi.o
 .text.SPI_I2S_DMACmd
                0x00000000       0x4c ./StdPeripheralDriver/src/stm32f10x_spi.o
 .text.SPI_I2S_SendData
                0x00000000       0x1c ./StdPeripheralDriver/src/stm32f10x_spi.o
 .text.SPI_I2S_ReceiveData
                0x00000000       0x1c ./StdPeripheralDriver/src/stm32f10x_spi.o
 .text.SPI_NSSInternalSoftwareConfig
                0x00000000       0x44 ./StdPeripheralDriver/src/stm32f10x_spi.o
 .text.SPI_SSOutputCmd
                0x00000000       0x40 ./StdPeripheralDriver/src/stm32f10x_spi.o
 .text.SPI_DataSizeConfig
                0x00000000       0x38 ./StdPeripheralDriver/src/stm32f10x_spi.o
 .text.SPI_TransmitCRC
                0x00000000       0x24 ./StdPeripheralDriver/src/stm32f10x_spi.o
 .text.SPI_CalculateCRC
                0x00000000       0x40 ./StdPeripheralDriver/src/stm32f10x_spi.o
 .text.SPI_GetCRC
                0x00000000       0x34 ./StdPeripheralDriver/src/stm32f10x_spi.o
 .text.SPI_GetCRCPolynomial
                0x00000000       0x1c ./StdPeripheralDriver/src/stm32f10x_spi.o
 .text.SPI_BiDirectionalLineConfig
                0x00000000       0x40 ./StdPeripheralDriver/src/stm32f10x_spi.o
 .text.SPI_I2S_GetFlagStatus
                0x00000000       0x40 ./StdPeripheralDriver/src/stm32f10x_spi.o
 .text.SPI_I2S_ClearFlag
                0x00000000       0x24 ./StdPeripheralDriver/src/stm32f10x_spi.o
 .text.SPI_I2S_GetITStatus
                0x00000000       0x8c ./StdPeripheralDriver/src/stm32f10x_spi.o
 .text.SPI_I2S_ClearITPendingBit
                0x00000000       0x38 ./StdPeripheralDriver/src/stm32f10x_spi.o
 .text          0x00000000        0x0 ./StdPeripheralDriver/src/stm32f10x_tim.o
 .data          0x00000000        0x0 ./StdPeripheralDriver/src/stm32f10x_tim.o
 .bss           0x00000000        0x0 ./StdPeripheralDriver/src/stm32f10x_tim.o
 .text.TIM_DeInit
                0x00000000      0x290 ./StdPeripheralDriver/src/stm32f10x_tim.o
 .text.TIM_TimeBaseInit
                0x00000000      0x100 ./StdPeripheralDriver/src/stm32f10x_tim.o
 .text.TIM_OC1Init
                0x00000000      0x12c ./StdPeripheralDriver/src/stm32f10x_tim.o
 .text.TIM_OC2Init
                0x00000000      0x130 ./StdPeripheralDriver/src/stm32f10x_tim.o
 .text.TIM_OC3Init
                0x00000000      0x12c ./StdPeripheralDriver/src/stm32f10x_tim.o
 .text.TIM_OC4Init
                0x00000000       0xe4 ./StdPeripheralDriver/src/stm32f10x_tim.o
 .text.TIM_ICInit
                0x00000000       0xa8 ./StdPeripheralDriver/src/stm32f10x_tim.o
 .text.TIM_PWMIConfig
                0x00000000       0xc4 ./StdPeripheralDriver/src/stm32f10x_tim.o
 .text.TIM_BDTRConfig
                0x00000000       0x5c ./StdPeripheralDriver/src/stm32f10x_tim.o
 .text.TIM_TimeBaseStructInit
                0x00000000       0x3c ./StdPeripheralDriver/src/stm32f10x_tim.o
 .text.TIM_OCStructInit
                0x00000000       0x54 ./StdPeripheralDriver/src/stm32f10x_tim.o
 .text.TIM_ICStructInit
                0x00000000       0x3c ./StdPeripheralDriver/src/stm32f10x_tim.o
 .text.TIM_BDTRStructInit
                0x00000000       0x4c ./StdPeripheralDriver/src/stm32f10x_tim.o
 .text.TIM_Cmd  0x00000000       0x40 ./StdPeripheralDriver/src/stm32f10x_tim.o
 .text.TIM_CtrlPWMOutputs
                0x00000000       0x50 ./StdPeripheralDriver/src/stm32f10x_tim.o
 .text.TIM_ITConfig
                0x00000000       0x4c ./StdPeripheralDriver/src/stm32f10x_tim.o
 .text.TIM_GenerateEvent
                0x00000000       0x1c ./StdPeripheralDriver/src/stm32f10x_tim.o
 .text.TIM_DMAConfig
                0x00000000       0x2c ./StdPeripheralDriver/src/stm32f10x_tim.o
 .text.TIM_DMACmd
                0x00000000       0x4c ./StdPeripheralDriver/src/stm32f10x_tim.o
 .text.TIM_InternalClockConfig
                0x00000000       0x24 ./StdPeripheralDriver/src/stm32f10x_tim.o
 .text.TIM_ITRxExternalClockConfig
                0x00000000       0x30 ./StdPeripheralDriver/src/stm32f10x_tim.o
 .text.TIM_TIxExternalClockConfig
                0x00000000       0x58 ./StdPeripheralDriver/src/stm32f10x_tim.o
 .text.TIM_ETRClockMode1Config
                0x00000000       0x54 ./StdPeripheralDriver/src/stm32f10x_tim.o
 .text.TIM_ETRClockMode2Config
                0x00000000       0x34 ./StdPeripheralDriver/src/stm32f10x_tim.o
 .text.TIM_ETRConfig
                0x00000000       0x54 ./StdPeripheralDriver/src/stm32f10x_tim.o
 .text.TIM_PrescalerConfig
                0x00000000       0x28 ./StdPeripheralDriver/src/stm32f10x_tim.o
 .text.TIM_CounterModeConfig
                0x00000000       0x3c ./StdPeripheralDriver/src/stm32f10x_tim.o
 .text.TIM_SelectInputTrigger
                0x00000000       0x3c ./StdPeripheralDriver/src/stm32f10x_tim.o
 .text.TIM_EncoderInterfaceConfig
                0x00000000       0x98 ./StdPeripheralDriver/src/stm32f10x_tim.o
 .text.TIM_ForcedOC1Config
                0x00000000       0x3c ./StdPeripheralDriver/src/stm32f10x_tim.o
 .text.TIM_ForcedOC2Config
                0x00000000       0x40 ./StdPeripheralDriver/src/stm32f10x_tim.o
 .text.TIM_ForcedOC3Config
                0x00000000       0x3c ./StdPeripheralDriver/src/stm32f10x_tim.o
 .text.TIM_ForcedOC4Config
                0x00000000       0x40 ./StdPeripheralDriver/src/stm32f10x_tim.o
 .text.TIM_ARRPreloadConfig
                0x00000000       0x40 ./StdPeripheralDriver/src/stm32f10x_tim.o
 .text.TIM_SelectCOM
                0x00000000       0x40 ./StdPeripheralDriver/src/stm32f10x_tim.o
 .text.TIM_SelectCCDMA
                0x00000000       0x40 ./StdPeripheralDriver/src/stm32f10x_tim.o
 .text.TIM_CCPreloadControl
                0x00000000       0x40 ./StdPeripheralDriver/src/stm32f10x_tim.o
 .text.TIM_OC1PreloadConfig
                0x00000000       0x3c ./StdPeripheralDriver/src/stm32f10x_tim.o
 .text.TIM_OC2PreloadConfig
                0x00000000       0x40 ./StdPeripheralDriver/src/stm32f10x_tim.o
 .text.TIM_OC3PreloadConfig
                0x00000000       0x3c ./StdPeripheralDriver/src/stm32f10x_tim.o
 .text.TIM_OC4PreloadConfig
                0x00000000       0x40 ./StdPeripheralDriver/src/stm32f10x_tim.o
 .text.TIM_OC1FastConfig
                0x00000000       0x3c ./StdPeripheralDriver/src/stm32f10x_tim.o
 .text.TIM_OC2FastConfig
                0x00000000       0x40 ./StdPeripheralDriver/src/stm32f10x_tim.o
 .text.TIM_OC3FastConfig
                0x00000000       0x3c ./StdPeripheralDriver/src/stm32f10x_tim.o
 .text.TIM_OC4FastConfig
                0x00000000       0x40 ./StdPeripheralDriver/src/stm32f10x_tim.o
 .text.TIM_ClearOC1Ref
                0x00000000       0x3c ./StdPeripheralDriver/src/stm32f10x_tim.o
 .text.TIM_ClearOC2Ref
                0x00000000       0x44 ./StdPeripheralDriver/src/stm32f10x_tim.o
 .text.TIM_ClearOC3Ref
                0x00000000       0x3c ./StdPeripheralDriver/src/stm32f10x_tim.o
 .text.TIM_ClearOC4Ref
                0x00000000       0x44 ./StdPeripheralDriver/src/stm32f10x_tim.o
 .text.TIM_OC1PolarityConfig
                0x00000000       0x3c ./StdPeripheralDriver/src/stm32f10x_tim.o
 .text.TIM_OC1NPolarityConfig
                0x00000000       0x3c ./StdPeripheralDriver/src/stm32f10x_tim.o
 .text.TIM_OC2PolarityConfig
                0x00000000       0x40 ./StdPeripheralDriver/src/stm32f10x_tim.o
 .text.TIM_OC2NPolarityConfig
                0x00000000       0x40 ./StdPeripheralDriver/src/stm32f10x_tim.o
 .text.TIM_OC3PolarityConfig
                0x00000000       0x40 ./StdPeripheralDriver/src/stm32f10x_tim.o
 .text.TIM_OC3NPolarityConfig
                0x00000000       0x40 ./StdPeripheralDriver/src/stm32f10x_tim.o
 .text.TIM_OC4PolarityConfig
                0x00000000       0x40 ./StdPeripheralDriver/src/stm32f10x_tim.o
 .text.TIM_CCxCmd
                0x00000000       0x60 ./StdPeripheralDriver/src/stm32f10x_tim.o
 .text.TIM_CCxNCmd
                0x00000000       0x60 ./StdPeripheralDriver/src/stm32f10x_tim.o
 .text.TIM_SelectOCxM
                0x00000000       0xc0 ./StdPeripheralDriver/src/stm32f10x_tim.o
 .text.TIM_UpdateDisableConfig
                0x00000000       0x40 ./StdPeripheralDriver/src/stm32f10x_tim.o
 .text.TIM_UpdateRequestConfig
                0x00000000       0x40 ./StdPeripheralDriver/src/stm32f10x_tim.o
 .text.TIM_SelectHallSensor
                0x00000000       0x40 ./StdPeripheralDriver/src/stm32f10x_tim.o
 .text.TIM_SelectOnePulseMode
                0x00000000       0x38 ./StdPeripheralDriver/src/stm32f10x_tim.o
 .text.TIM_SelectOutputTrigger
                0x00000000       0x38 ./StdPeripheralDriver/src/stm32f10x_tim.o
 .text.TIM_SelectSlaveMode
                0x00000000       0x38 ./StdPeripheralDriver/src/stm32f10x_tim.o
 .text.TIM_SelectMasterSlaveMode
                0x00000000       0x38 ./StdPeripheralDriver/src/stm32f10x_tim.o
 .text.TIM_SetCounter
                0x00000000       0x1c ./StdPeripheralDriver/src/stm32f10x_tim.o
 .text.TIM_SetAutoreload
                0x00000000       0x1c ./StdPeripheralDriver/src/stm32f10x_tim.o
 .text.TIM_SetCompare1
                0x00000000       0x1c ./StdPeripheralDriver/src/stm32f10x_tim.o
 .text.TIM_SetCompare2
                0x00000000       0x1c ./StdPeripheralDriver/src/stm32f10x_tim.o
 .text.TIM_SetCompare3
                0x00000000       0x1c ./StdPeripheralDriver/src/stm32f10x_tim.o
 .text.TIM_SetCompare4
                0x00000000       0x20 ./StdPeripheralDriver/src/stm32f10x_tim.o
 .text.TIM_SetIC1Prescaler
                0x00000000       0x38 ./StdPeripheralDriver/src/stm32f10x_tim.o
 .text.TIM_SetIC2Prescaler
                0x00000000       0x40 ./StdPeripheralDriver/src/stm32f10x_tim.o
 .text.TIM_SetIC3Prescaler
                0x00000000       0x38 ./StdPeripheralDriver/src/stm32f10x_tim.o
 .text.TIM_SetIC4Prescaler
                0x00000000       0x40 ./StdPeripheralDriver/src/stm32f10x_tim.o
 .text.TIM_SetClockDivision
                0x00000000       0x38 ./StdPeripheralDriver/src/stm32f10x_tim.o
 .text.TIM_GetCapture1
                0x00000000       0x1c ./StdPeripheralDriver/src/stm32f10x_tim.o
 .text.TIM_GetCapture2
                0x00000000       0x1c ./StdPeripheralDriver/src/stm32f10x_tim.o
 .text.TIM_GetCapture3
                0x00000000       0x1c ./StdPeripheralDriver/src/stm32f10x_tim.o
 .text.TIM_GetCapture4
                0x00000000       0x1c ./StdPeripheralDriver/src/stm32f10x_tim.o
 .text.TIM_GetCounter
                0x00000000       0x1c ./StdPeripheralDriver/src/stm32f10x_tim.o
 .text.TIM_GetPrescaler
                0x00000000       0x1c ./StdPeripheralDriver/src/stm32f10x_tim.o
 .text.TIM_GetFlagStatus
                0x00000000       0x40 ./StdPeripheralDriver/src/stm32f10x_tim.o
 .text.TIM_ClearFlag
                0x00000000       0x24 ./StdPeripheralDriver/src/stm32f10x_tim.o
 .text.TIM_GetITStatus
                0x00000000       0x64 ./StdPeripheralDriver/src/stm32f10x_tim.o
 .text.TIM_ClearITPendingBit
                0x00000000       0x24 ./StdPeripheralDriver/src/stm32f10x_tim.o
 .text.TI1_Config
                0x00000000       0xe4 ./StdPeripheralDriver/src/stm32f10x_tim.o
 .text.TI2_Config
                0x00000000      0x100 ./StdPeripheralDriver/src/stm32f10x_tim.o
 .text.TI3_Config
                0x00000000       0xf0 ./StdPeripheralDriver/src/stm32f10x_tim.o
 .text.TI4_Config
                0x00000000      0x108 ./StdPeripheralDriver/src/stm32f10x_tim.o
 .text          0x00000000        0x0 ./StdPeripheralDriver/src/stm32f10x_usart.o
 .data          0x00000000        0x0 ./StdPeripheralDriver/src/stm32f10x_usart.o
 .bss           0x00000000        0x0 ./StdPeripheralDriver/src/stm32f10x_usart.o
 .text.USART_DeInit
                0x00000000       0xcc ./StdPeripheralDriver/src/stm32f10x_usart.o
 .text.USART_Init
                0x00000000      0x1b0 ./StdPeripheralDriver/src/stm32f10x_usart.o
 .text.USART_StructInit
                0x00000000       0x44 ./StdPeripheralDriver/src/stm32f10x_usart.o
 .text.USART_ClockInit
                0x00000000       0x60 ./StdPeripheralDriver/src/stm32f10x_usart.o
 .text.USART_ClockStructInit
                0x00000000       0x34 ./StdPeripheralDriver/src/stm32f10x_usart.o
 .text.USART_Cmd
                0x00000000       0x40 ./StdPeripheralDriver/src/stm32f10x_usart.o
 .text.USART_ITConfig
                0x00000000       0xa8 ./StdPeripheralDriver/src/stm32f10x_usart.o
 .text.USART_DMACmd
                0x00000000       0x4c ./StdPeripheralDriver/src/stm32f10x_usart.o
 .text.USART_SetAddress
                0x00000000       0x3c ./StdPeripheralDriver/src/stm32f10x_usart.o
 .text.USART_WakeUpConfig
                0x00000000       0x38 ./StdPeripheralDriver/src/stm32f10x_usart.o
 .text.USART_ReceiverWakeUpCmd
                0x00000000       0x40 ./StdPeripheralDriver/src/stm32f10x_usart.o
 .text.USART_LINBreakDetectLengthConfig
                0x00000000       0x38 ./StdPeripheralDriver/src/stm32f10x_usart.o
 .text.USART_LINCmd
                0x00000000       0x40 ./StdPeripheralDriver/src/stm32f10x_usart.o
 .text.USART_SendData
                0x00000000       0x28 ./StdPeripheralDriver/src/stm32f10x_usart.o
 .text.USART_ReceiveData
                0x00000000       0x24 ./StdPeripheralDriver/src/stm32f10x_usart.o
 .text.USART_SendBreak
                0x00000000       0x24 ./StdPeripheralDriver/src/stm32f10x_usart.o
 .text.USART_SetGuardTime
                0x00000000       0x40 ./StdPeripheralDriver/src/stm32f10x_usart.o
 .text.USART_SetPrescaler
                0x00000000       0x3c ./StdPeripheralDriver/src/stm32f10x_usart.o
 .text.USART_SmartCardCmd
                0x00000000       0x40 ./StdPeripheralDriver/src/stm32f10x_usart.o
 .text.USART_SmartCardNACKCmd
                0x00000000       0x40 ./StdPeripheralDriver/src/stm32f10x_usart.o
 .text.USART_HalfDuplexCmd
                0x00000000       0x40 ./StdPeripheralDriver/src/stm32f10x_usart.o
 .text.USART_OverSampling8Cmd
                0x00000000       0x48 ./StdPeripheralDriver/src/stm32f10x_usart.o
 .text.USART_OneBitMethodCmd
                0x00000000       0x40 ./StdPeripheralDriver/src/stm32f10x_usart.o
 .text.USART_IrDAConfig
                0x00000000       0x38 ./StdPeripheralDriver/src/stm32f10x_usart.o
 .text.USART_IrDACmd
                0x00000000       0x40 ./StdPeripheralDriver/src/stm32f10x_usart.o
 .text.USART_GetFlagStatus
                0x00000000       0x40 ./StdPeripheralDriver/src/stm32f10x_usart.o
 .text.USART_ClearFlag
                0x00000000       0x24 ./StdPeripheralDriver/src/stm32f10x_usart.o
 .text.USART_GetITStatus
                0x00000000       0xcc ./StdPeripheralDriver/src/stm32f10x_usart.o
 .text.USART_ClearITPendingBit
                0x00000000       0x44 ./StdPeripheralDriver/src/stm32f10x_usart.o
 .text          0x00000000        0x0 ./StdPeripheralDriver/src/stm32f10x_wwdg.o
 .data          0x00000000        0x0 ./StdPeripheralDriver/src/stm32f10x_wwdg.o
 .bss           0x00000000        0x0 ./StdPeripheralDriver/src/stm32f10x_wwdg.o
 .text.WWDG_DeInit
                0x00000000       0x20 ./StdPeripheralDriver/src/stm32f10x_wwdg.o
 .text.WWDG_SetPrescaler
                0x00000000       0x38 ./StdPeripheralDriver/src/stm32f10x_wwdg.o
 .text.WWDG_SetWindowValue
                0x00000000       0x3c ./StdPeripheralDriver/src/stm32f10x_wwdg.o
 .text.WWDG_EnableIT
                0x00000000       0x18 ./StdPeripheralDriver/src/stm32f10x_wwdg.o
 .text.WWDG_SetCounter
                0x00000000       0x24 ./StdPeripheralDriver/src/stm32f10x_wwdg.o
 .text.WWDG_Enable
                0x00000000       0x24 ./StdPeripheralDriver/src/stm32f10x_wwdg.o
 .text.WWDG_GetFlagStatus
                0x00000000       0x18 ./StdPeripheralDriver/src/stm32f10x_wwdg.o
 .text.WWDG_ClearFlag
                0x00000000       0x18 ./StdPeripheralDriver/src/stm32f10x_wwdg.o
 .text          0x00000000        0x0 ./CMSIS/core_cm3.o
 .data          0x00000000        0x0 ./CMSIS/core_cm3.o
 .bss           0x00000000        0x0 ./CMSIS/core_cm3.o
 .text.__get_PSP
                0x00000000       0x10 ./CMSIS/core_cm3.o
 .text.__set_PSP
                0x00000000        0x8 ./CMSIS/core_cm3.o
 .text.__get_MSP
                0x00000000       0x10 ./CMSIS/core_cm3.o
 .text.__set_MSP
                0x00000000        0x8 ./CMSIS/core_cm3.o
 .text.__get_BASEPRI
                0x00000000       0x20 ./CMSIS/core_cm3.o
 .text.__set_BASEPRI
                0x00000000       0x18 ./CMSIS/core_cm3.o
 .text.__get_PRIMASK
                0x00000000       0x20 ./CMSIS/core_cm3.o
 .text.__set_PRIMASK
                0x00000000       0x18 ./CMSIS/core_cm3.o
 .text.__get_FAULTMASK
                0x00000000       0x20 ./CMSIS/core_cm3.o
 .text.__set_FAULTMASK
                0x00000000       0x18 ./CMSIS/core_cm3.o
 .text.__get_CONTROL
                0x00000000       0x20 ./CMSIS/core_cm3.o
 .text.__set_CONTROL
                0x00000000       0x18 ./CMSIS/core_cm3.o
 .text.__REV    0x00000000       0x24 ./CMSIS/core_cm3.o
 .text.__REV16  0x00000000       0x24 ./CMSIS/core_cm3.o
 .text.__REVSH  0x00000000       0x24 ./CMSIS/core_cm3.o
 .text.__RBIT   0x00000000       0x24 ./CMSIS/core_cm3.o
 .text.__LDREXB
                0x00000000       0x24 ./CMSIS/core_cm3.o
 .text.__LDREXH
                0x00000000       0x24 ./CMSIS/core_cm3.o
 .text.__LDREXW
                0x00000000       0x24 ./CMSIS/core_cm3.o
 .text.__STREXB
                0x00000000       0x2c ./CMSIS/core_cm3.o
 .text.__STREXH
                0x00000000       0x2c ./CMSIS/core_cm3.o
 .text.__STREXW
                0x00000000       0x28 ./CMSIS/core_cm3.o
 .text          0x00000000       0x14 ./CMSIS/startup_stm32f10x_md_vl.o
 .data          0x00000000        0x0 ./CMSIS/startup_stm32f10x_md_vl.o
 .bss           0x00000000        0x0 ./CMSIS/startup_stm32f10x_md_vl.o
 .text          0x00000000        0x0 ./CMSIS/system_stm32f10x.o
 .data          0x00000000        0x0 ./CMSIS/system_stm32f10x.o
 .bss           0x00000000        0x0 ./CMSIS/system_stm32f10x.o
 .data.SystemCoreClock
                0x00000000        0x4 ./CMSIS/system_stm32f10x.o
 .data.AHBPrescTable
                0x00000000       0x10 ./CMSIS/system_stm32f10x.o
 .text.SystemCoreClockUpdate
                0x00000000       0xe4 ./CMSIS/system_stm32f10x.o

Memory Configuration

Name             Origin             Length             Attributes
FLASH            0x08000000         0x00020000         xr
RAM              0x20000000         0x00002000         xrw
*default*        0x00000000         0xffffffff

Linker script and memory map

LOAD ./main.o
LOAD ./uart_test/init.o
LOAD ./StdPeripheralDriver/src/misc.o
LOAD ./StdPeripheralDriver/src/stm32f10x_adc.o
LOAD ./StdPeripheralDriver/src/stm32f10x_bkp.o
LOAD ./StdPeripheralDriver/src/stm32f10x_can.o
LOAD ./StdPeripheralDriver/src/stm32f10x_cec.o
LOAD ./StdPeripheralDriver/src/stm32f10x_crc.o
LOAD ./StdPeripheralDriver/src/stm32f10x_dac.o
LOAD ./StdPeripheralDriver/src/stm32f10x_dbgmcu.o
LOAD ./StdPeripheralDriver/src/stm32f10x_dma.o
LOAD ./StdPeripheralDriver/src/stm32f10x_exti.o
LOAD ./StdPeripheralDriver/src/stm32f10x_flash.o
LOAD ./StdPeripheralDriver/src/stm32f10x_fsmc.o
LOAD ./StdPeripheralDriver/src/stm32f10x_gpio.o
LOAD ./StdPeripheralDriver/src/stm32f10x_i2c.o
LOAD ./StdPeripheralDriver/src/stm32f10x_iwdg.o
LOAD ./StdPeripheralDriver/src/stm32f10x_pwr.o
LOAD ./StdPeripheralDriver/src/stm32f10x_rcc.o
LOAD ./StdPeripheralDriver/src/stm32f10x_rtc.o
LOAD ./StdPeripheralDriver/src/stm32f10x_sdio.o
LOAD ./StdPeripheralDriver/src/stm32f10x_spi.o
LOAD ./StdPeripheralDriver/src/stm32f10x_tim.o
LOAD ./StdPeripheralDriver/src/stm32f10x_usart.o
LOAD ./StdPeripheralDriver/src/stm32f10x_wwdg.o
LOAD ./CMSIS/core_cm3.o
LOAD ./CMSIS/startup_stm32f10x_md_vl.o
LOAD ./CMSIS/system_stm32f10x.o
START GROUP
LOAD /home/serg/arm/robocraft/arm-toolchain/bin/../lib/gcc/arm-none-eabi/4.5.2/thumb2/libgcc.a
LOAD /home/serg/arm/robocraft/arm-toolchain/bin/../lib/gcc/arm-none-eabi/4.5.2/../../../../arm-none-eabi/lib/thumb2/libc.a
END GROUP
                0x20002000                _estack = 0x20002000
                0x00000000                MIN_HEAP_SIZE = 0x0
                0x00000100                MIN_STACK_SIZE = 0x100

.isr_vector     0x08000000      0x1d0
                0x08000000                . = ALIGN (0x4)
 *(.isr_vector)
 .isr_vector    0x08000000      0x1d0 ./CMSIS/startup_stm32f10x_md_vl.o
                0x08000000                g_pfnVectors
                0x080001d0                . = ALIGN (0x4)

.text           0x080001d0      0x1b8
                0x080001d0                . = ALIGN (0x4)
 *(.text)
 *(.text*)
 .text.__NOP    0x080001d0        0xc ./main.o
 .text.main     0x080001dc        0xc ./main.o
                0x080001dc                main
 .text.Reset_Handler
                0x080001e8       0x44 ./CMSIS/startup_stm32f10x_md_vl.o
                0x080001e8                Reset_Handler
 .text.Default_Handler
                0x0800022c        0x2 ./CMSIS/startup_stm32f10x_md_vl.o
                0x0800022c                EXTI2_IRQHandler
                0x0800022c                DebugMon_Handler
                0x0800022c                TIM1_CC_IRQHandler
                0x0800022c                HardFault_Handler
                0x0800022c                SysTick_Handler
                0x0800022c                PVD_IRQHandler
                0x0800022c                PendSV_Handler
                0x0800022c                NMI_Handler
                0x0800022c                EXTI3_IRQHandler
                0x0800022c                EXTI0_IRQHandler
                0x0800022c                I2C2_EV_IRQHandler
                0x0800022c                TIM1_UP_TIM16_IRQHandler
                0x0800022c                UsageFault_Handler
                0x0800022c                SPI1_IRQHandler
                0x0800022c                TAMPER_IRQHandler
                0x0800022c                TIM6_DAC_IRQHandler
                0x0800022c                DMA1_Channel4_IRQHandler
                0x0800022c                ADC1_IRQHandler
                0x0800022c                USART3_IRQHandler
                0x0800022c                RTC_IRQHandler
                0x0800022c                DMA1_Channel7_IRQHandler
                0x0800022c                TIM4_IRQHandler
                0x0800022c                I2C1_EV_IRQHandler
                0x0800022c                DMA1_Channel6_IRQHandler
                0x0800022c                TIM3_IRQHandler
                0x0800022c                RCC_IRQHandler
                0x0800022c                DMA1_Channel1_IRQHandler
                0x0800022c                Default_Handler
                0x0800022c                CEC_IRQHandler
                0x0800022c                EXTI15_10_IRQHandler
                0x0800022c                TIM7_IRQHandler
                0x0800022c                EXTI9_5_IRQHandler
                0x0800022c                SPI2_IRQHandler
                0x0800022c                MemManage_Handler
                0x0800022c                SVC_Handler
                0x0800022c                DMA1_Channel5_IRQHandler
                0x0800022c                EXTI4_IRQHandler
                0x0800022c                TIM1_TRG_COM_TIM17_IRQHandler
                0x0800022c                DMA1_Channel3_IRQHandler
                0x0800022c                WWDG_IRQHandler
                0x0800022c                TIM2_IRQHandler
                0x0800022c                EXTI1_IRQHandler
                0x0800022c                RTCAlarm_IRQHandler
                0x0800022c                USART2_IRQHandler
                0x0800022c                I2C2_ER_IRQHandler
                0x0800022c                DMA1_Channel2_IRQHandler
                0x0800022c                FLASH_IRQHandler
                0x0800022c                BusFault_Handler
                0x0800022c                USART1_IRQHandler
                0x0800022c                I2C1_ER_IRQHandler
                0x0800022c                TIM1_BRK_TIM15_IRQHandler
 *fill*         0x0800022e        0x2 00
 .text.SystemInit
                0x08000230       0x70 ./CMSIS/system_stm32f10x.o
                0x08000230                SystemInit
 .text.SetSysClock
                0x080002a0        0xc ./CMSIS/system_stm32f10x.o
 .text.SetSysClockTo24
                0x080002ac       0xdc ./CMSIS/system_stm32f10x.o
 *(.rodata)
 *(.rodata*)
 *(.glue_7)
 .glue_7        0x00000000        0x0 linker stubs
 *(.glue_7t)
 .glue_7t       0x00000000        0x0 linker stubs
 *(.init)
 *(.fini)
                0x08000388                . = ALIGN (0x4)
                0x08000388                _etext = .

.vfp11_veneer   0x08000388        0x0
 .vfp11_veneer  0x00000000        0x0 linker stubs

.v4_bx          0x08000388        0x0
 .v4_bx         0x00000000        0x0 linker stubs

.ARM.extab
 *(.ARM.extab* .gnu.linkonce.armextab.*)

.ARM            0x08000388        0x0
                0x08000388                __exidx_start = .
 *(.ARM.exidx*)
                0x08000388                __exidx_end = .

.ARM.attributes
                0x08000388       0x2f
 *(.ARM.attributes)
 .ARM.attributes
                0x08000388       0x31 ./main.o
 .ARM.attributes
                0x080003b9       0x31 ./uart_test/init.o
 .ARM.attributes
                0x080003ea       0x31 ./StdPeripheralDriver/src/misc.o
 .ARM.attributes
                0x0800041b       0x31 ./StdPeripheralDriver/src/stm32f10x_adc.o
 .ARM.attributes
                0x0800044c       0x31 ./StdPeripheralDriver/src/stm32f10x_bkp.o
 .ARM.attributes
                0x0800047d       0x31 ./StdPeripheralDriver/src/stm32f10x_can.o
 .ARM.attributes
                0x080004ae       0x31 ./StdPeripheralDriver/src/stm32f10x_cec.o
 .ARM.attributes
                0x080004df       0x31 ./StdPeripheralDriver/src/stm32f10x_crc.o
 .ARM.attributes
                0x08000510       0x31 ./StdPeripheralDriver/src/stm32f10x_dac.o
 .ARM.attributes
                0x08000541       0x31 ./StdPeripheralDriver/src/stm32f10x_dbgmcu.o
 .ARM.attributes
                0x08000572       0x31 ./StdPeripheralDriver/src/stm32f10x_dma.o
 .ARM.attributes
                0x080005a3       0x31 ./StdPeripheralDriver/src/stm32f10x_exti.o
 .ARM.attributes
                0x080005d4       0x31 ./StdPeripheralDriver/src/stm32f10x_flash.o
 .ARM.attributes
                0x08000605       0x31 ./StdPeripheralDriver/src/stm32f10x_fsmc.o
 .ARM.attributes
                0x08000636       0x31 ./StdPeripheralDriver/src/stm32f10x_gpio.o
 .ARM.attributes
                0x08000667       0x31 ./StdPeripheralDriver/src/stm32f10x_i2c.o
 .ARM.attributes
                0x08000698       0x31 ./StdPeripheralDriver/src/stm32f10x_iwdg.o
 .ARM.attributes
                0x080006c9       0x31 ./StdPeripheralDriver/src/stm32f10x_pwr.o
 .ARM.attributes
                0x080006fa       0x31 ./StdPeripheralDriver/src/stm32f10x_rcc.o
 .ARM.attributes
                0x0800072b       0x31 ./StdPeripheralDriver/src/stm32f10x_rtc.o
 .ARM.attributes
                0x0800075c       0x31 ./StdPeripheralDriver/src/stm32f10x_sdio.o
 .ARM.attributes
                0x0800078d       0x31 ./StdPeripheralDriver/src/stm32f10x_spi.o
 .ARM.attributes
                0x080007be       0x31 ./StdPeripheralDriver/src/stm32f10x_tim.o
 .ARM.attributes
                0x080007ef       0x31 ./StdPeripheralDriver/src/stm32f10x_usart.o
 .ARM.attributes
                0x08000820       0x31 ./StdPeripheralDriver/src/stm32f10x_wwdg.o
 .ARM.attributes
                0x08000851       0x31 ./CMSIS/core_cm3.o
 .ARM.attributes
                0x08000882       0x21 ./CMSIS/startup_stm32f10x_md_vl.o
 .ARM.attributes
                0x080008a3       0x31 ./CMSIS/system_stm32f10x.o

.preinit_array  0x080008d4        0x0
                0x080008d4                PROVIDE (__preinit_array_start, .)
 *(.preinit_array*)
                0x080008d4                PROVIDE (__preinit_array_end, .)

.init_array     0x080008d4        0x0
                0x080008d4                PROVIDE (__init_array_start, .)
 *(SORT(.init_array.*))
 *(.init_array*)
                0x080008d4                PROVIDE (__init_array_end, .)

.fini_array     0x080008d4        0x0
                0x080008d4                PROVIDE (__fini_array_start, .)
 *(.fini_array*)
 *(SORT(.fini_array.*))
                0x080008d4                PROVIDE (__fini_array_end, .)
                0x080008d4                _sidata = .

.data           0x20000000        0x0 load address 0x080008d4
                0x20000000                . = ALIGN (0x4)
                0x20000000                _sdata = .
 *(.data)
 *(.data*)
                0x20000000                . = ALIGN (0x4)
                0x20000000                _edata = .
                0x20000000                . = ALIGN (0x4)

.bss            0x20000000        0x0
                0x20000000                _sbss = .
                0x20000000                __bss_start__ = _sbss
 *(.bss)
 *(.bss*)
 *(COMMON)
                0x20000000                . = ALIGN (0x4)
                0x20000000                _ebss = .
                0x20000000                __bss_end__ = _ebss
                0x20000000                PROVIDE (end, _ebss)
                0x20000000                PROVIDE (_end, _ebss)

._user_heap_stack
                0x20000000      0x100
                0x20000000                . = ALIGN (0x4)
                0x20000000                . = (. + MIN_HEAP_SIZE)
                0x20000100                . = (. + MIN_STACK_SIZE)
 *fill*         0x20000000      0x100 00
                0x20000100                . = ALIGN (0x4)

/DISCARD/
 libc.a(*)
 libm.a(*)
 libgcc.a(*)
OUTPUT(uart_test.elf elf32-littlearm)

.debug_abbrev   0x00000000     0x2271
 .debug_abbrev  0x00000000       0x6e ./main.o
 .debug_abbrev  0x0000006e       0x16 ./uart_test/init.o
 .debug_abbrev  0x00000084      0x139 ./StdPeripheralDriver/src/misc.o
 .debug_abbrev  0x000001bd      0x178 ./StdPeripheralDriver/src/stm32f10x_adc.o
 .debug_abbrev  0x00000335      0x15a ./StdPeripheralDriver/src/stm32f10x_bkp.o
 .debug_abbrev  0x0000048f      0x1b0 ./StdPeripheralDriver/src/stm32f10x_can.o
 .debug_abbrev  0x0000063f      0x18d ./StdPeripheralDriver/src/stm32f10x_cec.o
 .debug_abbrev  0x000007cc      0x10e ./StdPeripheralDriver/src/stm32f10x_crc.o
 .debug_abbrev  0x000008da      0x176 ./StdPeripheralDriver/src/stm32f10x_dac.o
 .debug_abbrev  0x00000a50       0xde ./StdPeripheralDriver/src/stm32f10x_dbgmcu.o
 .debug_abbrev  0x00000b2e      0x152 ./StdPeripheralDriver/src/stm32f10x_dma.o
 .debug_abbrev  0x00000c80      0x14e ./StdPeripheralDriver/src/stm32f10x_exti.o
 .debug_abbrev  0x00000dce      0x166 ./StdPeripheralDriver/src/stm32f10x_flash.o
 .debug_abbrev  0x00000f34      0x16a ./StdPeripheralDriver/src/stm32f10x_fsmc.o
 .debug_abbrev  0x0000109e      0x1a8 ./StdPeripheralDriver/src/stm32f10x_gpio.o
 .debug_abbrev  0x00001246      0x161 ./StdPeripheralDriver/src/stm32f10x_i2c.o
 .debug_abbrev  0x000013a7       0xfe ./StdPeripheralDriver/src/stm32f10x_iwdg.o
 .debug_abbrev  0x000014a5      0x188 ./StdPeripheralDriver/src/stm32f10x_pwr.o
 .debug_abbrev  0x0000162d      0x195 ./StdPeripheralDriver/src/stm32f10x_rcc.o
 .debug_abbrev  0x000017c2      0x16a ./StdPeripheralDriver/src/stm32f10x_rtc.o
 .debug_abbrev  0x0000192c      0x1a6 ./StdPeripheralDriver/src/stm32f10x_sdio.o
 .debug_abbrev  0x00001ad2      0x161 ./StdPeripheralDriver/src/stm32f10x_spi.o
 .debug_abbrev  0x00001c33      0x176 ./StdPeripheralDriver/src/stm32f10x_tim.o
 .debug_abbrev  0x00001da9      0x15f ./StdPeripheralDriver/src/stm32f10x_usart.o
 .debug_abbrev  0x00001f08       0xfc ./StdPeripheralDriver/src/stm32f10x_wwdg.o
 .debug_abbrev  0x00002004       0xd9 ./CMSIS/core_cm3.o
 .debug_abbrev  0x000020dd       0x12 ./CMSIS/startup_stm32f10x_md_vl.o
 .debug_abbrev  0x000020ef      0x182 ./CMSIS/system_stm32f10x.o

.debug_info     0x00000000     0xbd29
 .debug_info    0x00000000       0xc2 ./main.o
 .debug_info    0x000000c2       0x29 ./uart_test/init.o
 .debug_info    0x000000eb      0x54e ./StdPeripheralDriver/src/misc.o
 .debug_info    0x00000639      0xc16 ./StdPeripheralDriver/src/stm32f10x_adc.o
 .debug_info    0x0000124f      0x881 ./StdPeripheralDriver/src/stm32f10x_bkp.o
 .debug_info    0x00001ad0      0xc5f ./StdPeripheralDriver/src/stm32f10x_can.o
 .debug_info    0x0000272f      0x444 ./StdPeripheralDriver/src/stm32f10x_cec.o
 .debug_info    0x00002b73      0x208 ./StdPeripheralDriver/src/stm32f10x_crc.o
 .debug_info    0x00002d7b      0x679 ./StdPeripheralDriver/src/stm32f10x_dac.o
 .debug_info    0x000033f4      0x162 ./StdPeripheralDriver/src/stm32f10x_dbgmcu.o
 .debug_info    0x00003556      0x4aa ./StdPeripheralDriver/src/stm32f10x_dma.o
 .debug_info    0x00003a00      0x369 ./StdPeripheralDriver/src/stm32f10x_exti.o
 .debug_info    0x00003d69      0x821 ./StdPeripheralDriver/src/stm32f10x_flash.o
 .debug_info    0x0000458a      0x9a1 ./StdPeripheralDriver/src/stm32f10x_fsmc.o
 .debug_info    0x00004f2b      0x72b ./StdPeripheralDriver/src/stm32f10x_gpio.o
 .debug_info    0x00005656      0xb9c ./StdPeripheralDriver/src/stm32f10x_i2c.o
 .debug_info    0x000061f2      0x208 ./StdPeripheralDriver/src/stm32f10x_iwdg.o
 .debug_info    0x000063fa      0x463 ./StdPeripheralDriver/src/stm32f10x_pwr.o
 .debug_info    0x0000685d      0x97e ./StdPeripheralDriver/src/stm32f10x_rcc.o
 .debug_info    0x000071db      0x472 ./StdPeripheralDriver/src/stm32f10x_rtc.o
 .debug_info    0x0000764d      0x897 ./StdPeripheralDriver/src/stm32f10x_sdio.o
 .debug_info    0x00007ee4      0x979 ./StdPeripheralDriver/src/stm32f10x_spi.o
 .debug_info    0x0000885d     0x1e20 ./StdPeripheralDriver/src/stm32f10x_tim.o
 .debug_info    0x0000a67d      0xa74 ./StdPeripheralDriver/src/stm32f10x_usart.o
 .debug_info    0x0000b0f1      0x23d ./StdPeripheralDriver/src/stm32f10x_wwdg.o
 .debug_info    0x0000b32e      0x550 ./CMSIS/core_cm3.o
 .debug_info    0x0000b87e       0x70 ./CMSIS/startup_stm32f10x_md_vl.o
 .debug_info    0x0000b8ee      0x43b ./CMSIS/system_stm32f10x.o

.debug_line     0x00000000     0x5fc2
 .debug_line    0x00000000      0x194 ./main.o
 .debug_line    0x00000194       0x34 ./uart_test/init.o
 .debug_line    0x000001c8      0x237 ./StdPeripheralDriver/src/misc.o
 .debug_line    0x000003ff      0x529 ./StdPeripheralDriver/src/stm32f10x_adc.o
 .debug_line    0x00000928      0x2d7 ./StdPeripheralDriver/src/stm32f10x_bkp.o
 .debug_line    0x00000bff      0x571 ./StdPeripheralDriver/src/stm32f10x_can.o
 .debug_line    0x00001170      0x317 ./StdPeripheralDriver/src/stm32f10x_cec.o
 .debug_line    0x00001487      0x25d ./StdPeripheralDriver/src/stm32f10x_crc.o
 .debug_line    0x000016e4      0x35b ./StdPeripheralDriver/src/stm32f10x_dac.o
 .debug_line    0x00001a3f      0x21b ./StdPeripheralDriver/src/stm32f10x_dbgmcu.o
 .debug_line    0x00001c5a      0x309 ./StdPeripheralDriver/src/stm32f10x_dma.o
 .debug_line    0x00001f63      0x297 ./StdPeripheralDriver/src/stm32f10x_exti.o
 .debug_line    0x000021fa      0x4cc ./StdPeripheralDriver/src/stm32f10x_flash.o
 .debug_line    0x000026c6      0x459 ./StdPeripheralDriver/src/stm32f10x_fsmc.o
 .debug_line    0x00002b1f      0x3b4 ./StdPeripheralDriver/src/stm32f10x_gpio.o
 .debug_line    0x00002ed3      0x4ca ./StdPeripheralDriver/src/stm32f10x_i2c.o
 .debug_line    0x0000339d      0x24f ./StdPeripheralDriver/src/stm32f10x_iwdg.o
 .debug_line    0x000035ec      0x2cd ./StdPeripheralDriver/src/stm32f10x_pwr.o
 .debug_line    0x000038b9      0x4c7 ./StdPeripheralDriver/src/stm32f10x_rcc.o
 .debug_line    0x00003d80      0x308 ./StdPeripheralDriver/src/stm32f10x_rtc.o
 .debug_line    0x00004088      0x451 ./StdPeripheralDriver/src/stm32f10x_sdio.o
 .debug_line    0x000044d9      0x415 ./StdPeripheralDriver/src/stm32f10x_spi.o
 .debug_line    0x000048ee      0xa94 ./StdPeripheralDriver/src/stm32f10x_tim.o
 .debug_line    0x00005382      0x48d ./StdPeripheralDriver/src/stm32f10x_usart.o
 .debug_line    0x0000580f      0x289 ./StdPeripheralDriver/src/stm32f10x_wwdg.o
 .debug_line    0x00005a98      0x2ba ./CMSIS/core_cm3.o
 .debug_line    0x00005d52       0x77 ./CMSIS/startup_stm32f10x_md_vl.o
 .debug_line    0x00005dc9      0x1f9 ./CMSIS/system_stm32f10x.o

.debug_macinfo  0x00000000   0x56f563
 .debug_macinfo
                0x00000000    0x34c2b ./main.o
 .debug_macinfo
                0x00034c2b     0x21e5 ./uart_test/init.o
 .debug_macinfo
                0x00036e10    0x3512b ./StdPeripheralDriver/src/misc.o
 .debug_macinfo
                0x0006bf3b    0x399af ./StdPeripheralDriver/src/stm32f10x_adc.o
 .debug_macinfo
                0x000a58ea    0x37f5e ./StdPeripheralDriver/src/stm32f10x_bkp.o
 .debug_macinfo
                0x000dd848    0x38fd9 ./StdPeripheralDriver/src/stm32f10x_can.o
 .debug_macinfo
                0x00116821    0x37af4 ./StdPeripheralDriver/src/stm32f10x_cec.o
 .debug_macinfo
                0x0014e315    0x34c44 ./StdPeripheralDriver/src/stm32f10x_crc.o
 .debug_macinfo
                0x00182f59    0x38407 ./StdPeripheralDriver/src/stm32f10x_dac.o
 .debug_macinfo
                0x001bb360    0x3511a ./StdPeripheralDriver/src/stm32f10x_dbgmcu.o
 .debug_macinfo
                0x001f047a    0x39aaf ./StdPeripheralDriver/src/stm32f10x_dma.o
 .debug_macinfo
                0x00229f29    0x3527b ./StdPeripheralDriver/src/stm32f10x_exti.o
 .debug_macinfo
                0x0025f1a4    0x3676c ./StdPeripheralDriver/src/stm32f10x_flash.o
 .debug_macinfo
                0x00295910    0x38b5a ./StdPeripheralDriver/src/stm32f10x_fsmc.o
 .debug_macinfo
                0x002ce46a    0x391f5 ./StdPeripheralDriver/src/stm32f10x_gpio.o
 .debug_macinfo
                0x0030765f    0x393c8 ./StdPeripheralDriver/src/stm32f10x_i2c.o
 .debug_macinfo
                0x00340a27    0x3503b ./StdPeripheralDriver/src/stm32f10x_iwdg.o
 .debug_macinfo
                0x00375a62    0x37897 ./StdPeripheralDriver/src/stm32f10x_pwr.o
 .debug_macinfo
                0x003ad2f9    0x37995 ./StdPeripheralDriver/src/stm32f10x_rcc.o
 .debug_macinfo
                0x003e4c8e    0x34f6e ./StdPeripheralDriver/src/stm32f10x_rtc.o
 .debug_macinfo
                0x00419bfc    0x39829 ./StdPeripheralDriver/src/stm32f10x_sdio.o
 .debug_macinfo
                0x00453425    0x38c83 ./StdPeripheralDriver/src/stm32f10x_spi.o
 .debug_macinfo
                0x0048c0a8    0x3bdad ./StdPeripheralDriver/src/stm32f10x_tim.o
 .debug_macinfo
                0x004c7e55    0x38b05 ./StdPeripheralDriver/src/stm32f10x_usart.o
 .debug_macinfo
                0x0050095a    0x374cf ./StdPeripheralDriver/src/stm32f10x_wwdg.o
 .debug_macinfo
                0x00537e29     0x2adb ./CMSIS/core_cm3.o
 .debug_macinfo
                0x0053a904    0x34c5f ./CMSIS/system_stm32f10x.o

.debug_loc      0x00000000     0x6bdc
 .debug_loc     0x00000000       0x58 ./main.o
 .debug_loc     0x00000058      0x118 ./StdPeripheralDriver/src/misc.o
 .debug_loc     0x00000170      0x7d4 ./StdPeripheralDriver/src/stm32f10x_adc.o
 .debug_loc     0x00000944      0x264 ./StdPeripheralDriver/src/stm32f10x_bkp.o
 .debug_loc     0x00000ba8      0x578 ./StdPeripheralDriver/src/stm32f10x_can.o
 .debug_loc     0x00001120      0x2ec ./StdPeripheralDriver/src/stm32f10x_cec.o
 .debug_loc     0x0000140c      0x12c ./StdPeripheralDriver/src/stm32f10x_crc.o
 .debug_loc     0x00001538      0x3ac ./StdPeripheralDriver/src/stm32f10x_dac.o
 .debug_loc     0x000018e4       0x90 ./StdPeripheralDriver/src/stm32f10x_dbgmcu.o
 .debug_loc     0x00001974      0x268 ./StdPeripheralDriver/src/stm32f10x_dma.o
 .debug_loc     0x00001bdc      0x1b4 ./StdPeripheralDriver/src/stm32f10x_exti.o
 .debug_loc     0x00001d90      0x5d8 ./StdPeripheralDriver/src/stm32f10x_flash.o
 .debug_loc     0x00002368      0x41c ./StdPeripheralDriver/src/stm32f10x_fsmc.o
 .debug_loc     0x00002784      0x3e4 ./StdPeripheralDriver/src/stm32f10x_gpio.o
 .debug_loc     0x00002b68      0x738 ./StdPeripheralDriver/src/stm32f10x_i2c.o
 .debug_loc     0x000032a0      0x138 ./StdPeripheralDriver/src/stm32f10x_iwdg.o
 .debug_loc     0x000033d8      0x238 ./StdPeripheralDriver/src/stm32f10x_pwr.o
 .debug_loc     0x00003610      0x714 ./StdPeripheralDriver/src/stm32f10x_rcc.o
 .debug_loc     0x00003d24      0x2e0 ./StdPeripheralDriver/src/stm32f10x_rtc.o
 .debug_loc     0x00004004      0x648 ./StdPeripheralDriver/src/stm32f10x_sdio.o
 .debug_loc     0x0000464c      0x508 ./StdPeripheralDriver/src/stm32f10x_spi.o
 .debug_loc     0x00004b54     0x13e8 ./StdPeripheralDriver/src/stm32f10x_tim.o
 .debug_loc     0x00005f3c      0x658 ./StdPeripheralDriver/src/stm32f10x_usart.o
 .debug_loc     0x00006594      0x190 ./StdPeripheralDriver/src/stm32f10x_wwdg.o
 .debug_loc     0x00006724      0x3f0 ./CMSIS/core_cm3.o
 .debug_loc     0x00006b14       0xc8 ./CMSIS/system_stm32f10x.o

.debug_pubnames
                0x00000000     0x2ca9
 .debug_pubnames
                0x00000000       0x1b ./main.o
 .debug_pubnames
                0x0000001b       0x89 ./StdPeripheralDriver/src/misc.o
 .debug_pubnames
                0x000000a4      0x401 ./StdPeripheralDriver/src/stm32f10x_adc.o
 .debug_pubnames
                0x000004a5      0x128 ./StdPeripheralDriver/src/stm32f10x_bkp.o
 .debug_pubnames
                0x000005cd      0x208 ./StdPeripheralDriver/src/stm32f10x_can.o
 .debug_pubnames
                0x000007d5      0x12b ./StdPeripheralDriver/src/stm32f10x_cec.o
 .debug_pubnames
                0x00000900       0x82 ./StdPeripheralDriver/src/stm32f10x_crc.o
 .debug_pubnames
                0x00000982      0x17d ./StdPeripheralDriver/src/stm32f10x_dac.o
 .debug_pubnames
                0x00000aff       0x4c ./StdPeripheralDriver/src/stm32f10x_dbgmcu.o
 .debug_pubnames
                0x00000b4b       0xea ./StdPeripheralDriver/src/stm32f10x_dma.o
 .debug_pubnames
                0x00000c35       0xbb ./StdPeripheralDriver/src/stm32f10x_exti.o
 .debug_pubnames
                0x00000cf0      0x2f2 ./StdPeripheralDriver/src/stm32f10x_flash.o
 .debug_pubnames
                0x00000fe2      0x1a3 ./StdPeripheralDriver/src/stm32f10x_fsmc.o
 .debug_pubnames
                0x00001185      0x19d ./StdPeripheralDriver/src/stm32f10x_gpio.o
 .debug_pubnames
                0x00001322      0x2cb ./StdPeripheralDriver/src/stm32f10x_i2c.o
 .debug_pubnames
                0x000015ed       0x91 ./StdPeripheralDriver/src/stm32f10x_iwdg.o
 .debug_pubnames
                0x0000167e       0xcb ./StdPeripheralDriver/src/stm32f10x_pwr.o
 .debug_pubnames
                0x00001749      0x2da ./StdPeripheralDriver/src/stm32f10x_rcc.o
 .debug_pubnames
                0x00001a23      0x136 ./StdPeripheralDriver/src/stm32f10x_rtc.o
 .debug_pubnames
                0x00001b59      0x2ac ./StdPeripheralDriver/src/stm32f10x_sdio.o
 .debug_pubnames
                0x00001e05      0x1f6 ./StdPeripheralDriver/src/stm32f10x_spi.o
 .debug_pubnames
                0x00001ffb      0x7b0 ./StdPeripheralDriver/src/stm32f10x_tim.o
 .debug_pubnames
                0x000027ab      0x294 ./StdPeripheralDriver/src/stm32f10x_usart.o
 .debug_pubnames
                0x00002a3f       0xb0 ./StdPeripheralDriver/src/stm32f10x_wwdg.o
 .debug_pubnames
                0x00002aef      0x159 ./CMSIS/core_cm3.o
 .debug_pubnames
                0x00002c48       0x61 ./CMSIS/system_stm32f10x.o

.debug_pubtypes
                0x00000000      0xed4
 .debug_pubtypes
                0x00000000       0x12 ./main.o
 .debug_pubtypes
                0x00000012       0x80 ./StdPeripheralDriver/src/misc.o
 .debug_pubtypes
                0x00000092       0x8c ./StdPeripheralDriver/src/stm32f10x_adc.o
 .debug_pubtypes
                0x0000011e       0x78 ./StdPeripheralDriver/src/stm32f10x_bkp.o
 .debug_pubtypes
                0x00000196      0x115 ./StdPeripheralDriver/src/stm32f10x_can.o
 .debug_pubtypes
                0x000002ab       0x8c ./StdPeripheralDriver/src/stm32f10x_cec.o
 .debug_pubtypes
                0x00000337       0x48 ./StdPeripheralDriver/src/stm32f10x_crc.o
 .debug_pubtypes
                0x0000037f       0x8c ./StdPeripheralDriver/src/stm32f10x_dac.o
 .debug_pubtypes
                0x0000040b       0x46 ./StdPeripheralDriver/src/stm32f10x_dbgmcu.o
 .debug_pubtypes
                0x00000451       0x98 ./StdPeripheralDriver/src/stm32f10x_dma.o
 .debug_pubtypes
                0x000004e9       0xa2 ./StdPeripheralDriver/src/stm32f10x_exti.o
 .debug_pubtypes
                0x0000058b       0x8d ./StdPeripheralDriver/src/stm32f10x_flash.o
 .debug_pubtypes
                0x00000618      0x168 ./StdPeripheralDriver/src/stm32f10x_fsmc.o
 .debug_pubtypes
                0x00000780       0xc3 ./StdPeripheralDriver/src/stm32f10x_gpio.o
 .debug_pubtypes
                0x00000843       0xb2 ./StdPeripheralDriver/src/stm32f10x_i2c.o
 .debug_pubtypes
                0x000008f5       0x58 ./StdPeripheralDriver/src/stm32f10x_iwdg.o
 .debug_pubtypes
                0x0000094d       0x78 ./StdPeripheralDriver/src/stm32f10x_pwr.o
 .debug_pubtypes
                0x000009c5       0x9e ./StdPeripheralDriver/src/stm32f10x_rcc.o
 .debug_pubtypes
                0x00000a63       0x78 ./StdPeripheralDriver/src/stm32f10x_rtc.o
 .debug_pubtypes
                0x00000adb       0xb2 ./StdPeripheralDriver/src/stm32f10x_sdio.o
 .debug_pubtypes
                0x00000b8d       0xb6 ./StdPeripheralDriver/src/stm32f10x_spi.o
 .debug_pubtypes
                0x00000c43       0xd8 ./StdPeripheralDriver/src/stm32f10x_tim.o
 .debug_pubtypes
                0x00000d1b       0xc9 ./StdPeripheralDriver/src/stm32f10x_usart.o
 .debug_pubtypes
                0x00000de4       0x4b ./StdPeripheralDriver/src/stm32f10x_wwdg.o
 .debug_pubtypes
                0x00000e2f       0x50 ./CMSIS/core_cm3.o
 .debug_pubtypes
                0x00000e7f       0x55 ./CMSIS/system_stm32f10x.o

.debug_aranges  0x00000000     0x1278
 .debug_aranges
                0x00000000       0x28 ./main.o
 .debug_aranges
                0x00000028       0x40 ./StdPeripheralDriver/src/misc.o
 .debug_aranges
                0x00000068      0x138 ./StdPeripheralDriver/src/stm32f10x_adc.o
 .debug_aranges
                0x000001a0       0x78 ./StdPeripheralDriver/src/stm32f10x_bkp.o
 .debug_aranges
                0x00000218       0xe0 ./StdPeripheralDriver/src/stm32f10x_can.o
 .debug_aranges
                0x000002f8       0x88 ./StdPeripheralDriver/src/stm32f10x_cec.o
 .debug_aranges
                0x00000380       0x48 ./StdPeripheralDriver/src/stm32f10x_crc.o
 .debug_aranges
                0x000003c8       0xa0 ./StdPeripheralDriver/src/stm32f10x_dac.o
 .debug_aranges
                0x00000468       0x30 ./StdPeripheralDriver/src/stm32f10x_dbgmcu.o
 .debug_aranges
                0x00000498       0x70 ./StdPeripheralDriver/src/stm32f10x_dma.o
 .debug_aranges
                0x00000508       0x58 ./StdPeripheralDriver/src/stm32f10x_exti.o
 .debug_aranges
                0x00000560       0xf8 ./StdPeripheralDriver/src/stm32f10x_flash.o
 .debug_aranges
                0x00000658       0xb0 ./StdPeripheralDriver/src/stm32f10x_fsmc.o
 .debug_aranges
                0x00000708       0xa8 ./StdPeripheralDriver/src/stm32f10x_gpio.o
 .debug_aranges
                0x000007b0      0x120 ./StdPeripheralDriver/src/stm32f10x_i2c.o
 .debug_aranges
                0x000008d0       0x48 ./StdPeripheralDriver/src/stm32f10x_iwdg.o
 .debug_aranges
                0x00000918       0x70 ./StdPeripheralDriver/src/stm32f10x_pwr.o
 .debug_aranges
                0x00000988      0x120 ./StdPeripheralDriver/src/stm32f10x_rcc.o
 .debug_aranges
                0x00000aa8       0x88 ./StdPeripheralDriver/src/stm32f10x_rtc.o
 .debug_aranges
                0x00000b30      0x108 ./StdPeripheralDriver/src/stm32f10x_sdio.o
 .debug_aranges
                0x00000c38       0xd0 ./StdPeripheralDriver/src/stm32f10x_spi.o
 .debug_aranges
                0x00000d08      0x2f0 ./StdPeripheralDriver/src/stm32f10x_tim.o
 .debug_aranges
                0x00000ff8      0x100 ./StdPeripheralDriver/src/stm32f10x_usart.o
 .debug_aranges
                0x000010f8       0x58 ./StdPeripheralDriver/src/stm32f10x_wwdg.o
 .debug_aranges
                0x00001150       0xc8 ./CMSIS/core_cm3.o
 .debug_aranges
                0x00001218       0x28 ./CMSIS/startup_stm32f10x_md_vl.o
 .debug_aranges
                0x00001240       0x38 ./CMSIS/system_stm32f10x.o

.debug_ranges   0x00000000     0x10d0
 .debug_ranges  0x00000000       0x18 ./main.o
 .debug_ranges  0x00000018       0x30 ./StdPeripheralDriver/src/misc.o
 .debug_ranges  0x00000048      0x128 ./StdPeripheralDriver/src/stm32f10x_adc.o
 .debug_ranges  0x00000170       0x68 ./StdPeripheralDriver/src/stm32f10x_bkp.o
 .debug_ranges  0x000001d8       0xd0 ./StdPeripheralDriver/src/stm32f10x_can.o
 .debug_ranges  0x000002a8       0x78 ./StdPeripheralDriver/src/stm32f10x_cec.o
 .debug_ranges  0x00000320       0x38 ./StdPeripheralDriver/src/stm32f10x_crc.o
 .debug_ranges  0x00000358       0x90 ./StdPeripheralDriver/src/stm32f10x_dac.o
 .debug_ranges  0x000003e8       0x20 ./StdPeripheralDriver/src/stm32f10x_dbgmcu.o
 .debug_ranges  0x00000408       0x60 ./StdPeripheralDriver/src/stm32f10x_dma.o
 .debug_ranges  0x00000468       0x48 ./StdPeripheralDriver/src/stm32f10x_exti.o
 .debug_ranges  0x000004b0       0xe8 ./StdPeripheralDriver/src/stm32f10x_flash.o
 .debug_ranges  0x00000598       0xa0 ./StdPeripheralDriver/src/stm32f10x_fsmc.o
 .debug_ranges  0x00000638       0x98 ./StdPeripheralDriver/src/stm32f10x_gpio.o
 .debug_ranges  0x000006d0      0x110 ./StdPeripheralDriver/src/stm32f10x_i2c.o
 .debug_ranges  0x000007e0       0x38 ./StdPeripheralDriver/src/stm32f10x_iwdg.o
 .debug_ranges  0x00000818       0x60 ./StdPeripheralDriver/src/stm32f10x_pwr.o
 .debug_ranges  0x00000878      0x110 ./StdPeripheralDriver/src/stm32f10x_rcc.o
 .debug_ranges  0x00000988       0x78 ./StdPeripheralDriver/src/stm32f10x_rtc.o
 .debug_ranges  0x00000a00       0xf8 ./StdPeripheralDriver/src/stm32f10x_sdio.o
 .debug_ranges  0x00000af8       0xc0 ./StdPeripheralDriver/src/stm32f10x_spi.o
 .debug_ranges  0x00000bb8      0x2e0 ./StdPeripheralDriver/src/stm32f10x_tim.o
 .debug_ranges  0x00000e98       0xf0 ./StdPeripheralDriver/src/stm32f10x_usart.o
 .debug_ranges  0x00000f88       0x48 ./StdPeripheralDriver/src/stm32f10x_wwdg.o
 .debug_ranges  0x00000fd0       0xb8 ./CMSIS/core_cm3.o
 .debug_ranges  0x00001088       0x20 ./CMSIS/startup_stm32f10x_md_vl.o
 .debug_ranges  0x000010a8       0x28 ./CMSIS/system_stm32f10x.o

.debug_str      0x00000000     0x4bfb
 .debug_str     0x00000000       0xa6 ./main.o
                                 0xda (size before relaxing)
 .debug_str     0x000000a6       0x3d ./uart_test/init.o
                                 0x49 (size before relaxing)
 .debug_str     0x000000e3      0x261 ./StdPeripheralDriver/src/misc.o
                                0x332 (size before relaxing)
 .debug_str     0x00000344      0x533 ./StdPeripheralDriver/src/stm32f10x_adc.o
                                0x66a (size before relaxing)
 .debug_str     0x00000877      0x3b4 ./StdPeripheralDriver/src/stm32f10x_bkp.o
                                0x524 (size before relaxing)
 .debug_str     0x00000c2b      0x514 ./StdPeripheralDriver/src/stm32f10x_can.o
                                0x69d (size before relaxing)
 .debug_str     0x0000113f      0x19c ./StdPeripheralDriver/src/stm32f10x_cec.o
                                0x2e5 (size before relaxing)
 .debug_str     0x000012db       0xb2 ./StdPeripheralDriver/src/stm32f10x_crc.o
                                0x1aa (size before relaxing)
 .debug_str     0x0000138d      0x265 ./StdPeripheralDriver/src/stm32f10x_dac.o
                                0x3b2 (size before relaxing)
 .debug_str     0x000015f2       0x80 ./StdPeripheralDriver/src/stm32f10x_dbgmcu.o
                                0x176 (size before relaxing)
 .debug_str     0x00001672      0x206 ./StdPeripheralDriver/src/stm32f10x_dma.o
                                0x330 (size before relaxing)
 .debug_str     0x00001878      0x1af ./StdPeripheralDriver/src/stm32f10x_exti.o
                                0x2cd (size before relaxing)
 .debug_str     0x00001a27      0x40f ./StdPeripheralDriver/src/stm32f10x_flash.o
                                0x557 (size before relaxing)
 .debug_str     0x00001e36      0x5bd ./StdPeripheralDriver/src/stm32f10x_fsmc.o
                                0x6f3 (size before relaxing)
 .debug_str     0x000023f3      0x366 ./StdPeripheralDriver/src/stm32f10x_gpio.o
                                0x488 (size before relaxing)
 .debug_str     0x00002759      0x428 ./StdPeripheralDriver/src/stm32f10x_i2c.o
                                0x5d5 (size before relaxing)
 .debug_str     0x00002b81       0xca ./StdPeripheralDriver/src/stm32f10x_iwdg.o
                                0x1cb (size before relaxing)
 .debug_str     0x00002c4b      0x10a ./StdPeripheralDriver/src/stm32f10x_pwr.o
                                0x281 (size before relaxing)
 .debug_str     0x00002d55      0x403 ./StdPeripheralDriver/src/stm32f10x_rcc.o
                                0x5dc (size before relaxing)
 .debug_str     0x00003158      0x182 ./StdPeripheralDriver/src/stm32f10x_rtc.o
                                0x311 (size before relaxing)
 .debug_str     0x000032da      0x463 ./StdPeripheralDriver/src/stm32f10x_sdio.o
                                0x5aa (size before relaxing)
 .debug_str     0x0000373d      0x353 ./StdPeripheralDriver/src/stm32f10x_spi.o
                                0x56c (size before relaxing)
 .debug_str     0x00003a90      0xae4 ./StdPeripheralDriver/src/stm32f10x_tim.o
                                0xd4c (size before relaxing)
 .debug_str     0x00004574      0x412 ./StdPeripheralDriver/src/stm32f10x_usart.o
                                0x5ff (size before relaxing)
 .debug_str     0x00004986       0xc6 ./StdPeripheralDriver/src/stm32f10x_wwdg.o
                                0x1d7 (size before relaxing)
 .debug_str     0x00004a4c      0x146 ./CMSIS/core_cm3.o
                                0x22f (size before relaxing)
 .debug_str     0x00004b92       0x69 ./CMSIS/system_stm32f10x.o
                                0x232 (size before relaxing)

.comment        0x00000000       0x2a
 .comment       0x00000000       0x2a ./main.o
                                 0x2b (size before relaxing)
 .comment       0x00000000       0x2b ./uart_test/init.o
 .comment       0x00000000       0x2b ./StdPeripheralDriver/src/misc.o
 .comment       0x00000000       0x2b ./StdPeripheralDriver/src/stm32f10x_adc.o
 .comment       0x00000000       0x2b ./StdPeripheralDriver/src/stm32f10x_bkp.o
 .comment       0x00000000       0x2b ./StdPeripheralDriver/src/stm32f10x_can.o
 .comment       0x00000000       0x2b ./StdPeripheralDriver/src/stm32f10x_cec.o
 .comment       0x00000000       0x2b ./StdPeripheralDriver/src/stm32f10x_crc.o
 .comment       0x00000000       0x2b ./StdPeripheralDriver/src/stm32f10x_dac.o
 .comment       0x00000000       0x2b ./StdPeripheralDriver/src/stm32f10x_dbgmcu.o
 .comment       0x00000000       0x2b ./StdPeripheralDriver/src/stm32f10x_dma.o
 .comment       0x00000000       0x2b ./StdPeripheralDriver/src/stm32f10x_exti.o
 .comment       0x00000000       0x2b ./StdPeripheralDriver/src/stm32f10x_flash.o
 .comment       0x00000000       0x2b ./StdPeripheralDriver/src/stm32f10x_fsmc.o
 .comment       0x00000000       0x2b ./StdPeripheralDriver/src/stm32f10x_gpio.o
 .comment       0x00000000       0x2b ./StdPeripheralDriver/src/stm32f10x_i2c.o
 .comment       0x00000000       0x2b ./StdPeripheralDriver/src/stm32f10x_iwdg.o
 .comment       0x00000000       0x2b ./StdPeripheralDriver/src/stm32f10x_pwr.o
 .comment       0x00000000       0x2b ./StdPeripheralDriver/src/stm32f10x_rcc.o
 .comment       0x00000000       0x2b ./StdPeripheralDriver/src/stm32f10x_rtc.o
 .comment       0x00000000       0x2b ./StdPeripheralDriver/src/stm32f10x_sdio.o
 .comment       0x00000000       0x2b ./StdPeripheralDriver/src/stm32f10x_spi.o
 .comment       0x00000000       0x2b ./StdPeripheralDriver/src/stm32f10x_tim.o
 .comment       0x00000000       0x2b ./StdPeripheralDriver/src/stm32f10x_usart.o
 .comment       0x00000000       0x2b ./StdPeripheralDriver/src/stm32f10x_wwdg.o
 .comment       0x00000000       0x2b ./CMSIS/core_cm3.o
 .comment       0x00000000       0x2b ./CMSIS/system_stm32f10x.o

.debug_frame    0x00000000     0x39c4
 .debug_frame   0x00000000       0x48 ./main.o
 .debug_frame   0x00000048       0x9c ./StdPeripheralDriver/src/misc.o
 .debug_frame   0x000000e4      0x404 ./StdPeripheralDriver/src/stm32f10x_adc.o
 .debug_frame   0x000004e8      0x160 ./StdPeripheralDriver/src/stm32f10x_bkp.o
 .debug_frame   0x00000648      0x2d4 ./StdPeripheralDriver/src/stm32f10x_can.o
 .debug_frame   0x0000091c      0x198 ./StdPeripheralDriver/src/stm32f10x_cec.o
 .debug_frame   0x00000ab4       0xb8 ./StdPeripheralDriver/src/stm32f10x_crc.o
 .debug_frame   0x00000b6c      0x1ec ./StdPeripheralDriver/src/stm32f10x_dac.o
 .debug_frame   0x00000d58       0x64 ./StdPeripheralDriver/src/stm32f10x_dbgmcu.o
 .debug_frame   0x00000dbc      0x144 ./StdPeripheralDriver/src/stm32f10x_dma.o
 .debug_frame   0x00000f00       0xf0 ./StdPeripheralDriver/src/stm32f10x_exti.o
 .debug_frame   0x00000ff0      0x350 ./StdPeripheralDriver/src/stm32f10x_flash.o
 .debug_frame   0x00001340      0x224 ./StdPeripheralDriver/src/stm32f10x_fsmc.o
 .debug_frame   0x00001564      0x210 ./StdPeripheralDriver/src/stm32f10x_gpio.o
 .debug_frame   0x00001774      0x3b4 ./StdPeripheralDriver/src/stm32f10x_i2c.o
 .debug_frame   0x00001b28       0xb8 ./StdPeripheralDriver/src/stm32f10x_iwdg.o
 .debug_frame   0x00001be0      0x148 ./StdPeripheralDriver/src/stm32f10x_pwr.o
 .debug_frame   0x00001d28      0x3b0 ./StdPeripheralDriver/src/stm32f10x_rcc.o
 .debug_frame   0x000020d8      0x1a4 ./StdPeripheralDriver/src/stm32f10x_rtc.o
 .debug_frame   0x0000227c      0x358 ./StdPeripheralDriver/src/stm32f10x_sdio.o
 .debug_frame   0x000025d4      0x29c ./StdPeripheralDriver/src/stm32f10x_spi.o
 .debug_frame   0x00002870      0xa20 ./StdPeripheralDriver/src/stm32f10x_tim.o
 .debug_frame   0x00003290      0x344 ./StdPeripheralDriver/src/stm32f10x_usart.o
 .debug_frame   0x000035d4       0xf0 ./StdPeripheralDriver/src/stm32f10x_wwdg.o
 .debug_frame   0x000036c4      0x280 ./CMSIS/core_cm3.o
 .debug_frame   0x00003944       0x80 ./CMSIS/system_stm32f10x.o
