   1              		.syntax unified
   2              		.cpu cortex-m3
   3              		.fpu softvfp
   4              		.eabi_attribute 20, 1
   5              		.eabi_attribute 21, 1
   6              		.eabi_attribute 23, 3
   7              		.eabi_attribute 24, 1
   8              		.eabi_attribute 25, 1
   9              		.eabi_attribute 26, 1
  10              		.eabi_attribute 30, 6
  11              		.eabi_attribute 18, 4
  12              		.thumb
  13              		.file	"stm32f10x_exti.c"
  23              	.Ltext0:
  24              		.file 1 "../StdPeripheralDriver/src/stm32f10x_exti.c"
 16272              		.align	2
 16273              		.global	EXTI_DeInit
 16274              		.thumb
 16275              		.thumb_func
 16277              	EXTI_DeInit:
 16278              	.LFB29:
   1:../StdPeripheralDriver/src/stm32f10x_exti.c **** /**
   2:../StdPeripheralDriver/src/stm32f10x_exti.c ****   ******************************************************************************
   3:../StdPeripheralDriver/src/stm32f10x_exti.c ****   * @file    stm32f10x_exti.c
   4:../StdPeripheralDriver/src/stm32f10x_exti.c ****   * @author  MCD Application Team
   5:../StdPeripheralDriver/src/stm32f10x_exti.c ****   * @version V3.5.0
   6:../StdPeripheralDriver/src/stm32f10x_exti.c ****   * @date    11-March-2011
   7:../StdPeripheralDriver/src/stm32f10x_exti.c ****   * @brief   This file provides all the EXTI firmware functions.
   8:../StdPeripheralDriver/src/stm32f10x_exti.c ****   ******************************************************************************
   9:../StdPeripheralDriver/src/stm32f10x_exti.c ****   * @attention
  10:../StdPeripheralDriver/src/stm32f10x_exti.c ****   *
  11:../StdPeripheralDriver/src/stm32f10x_exti.c ****   * THE PRESENT FIRMWARE WHICH IS FOR GUIDANCE ONLY AIMS AT PROVIDING CUSTOMERS
  12:../StdPeripheralDriver/src/stm32f10x_exti.c ****   * WITH CODING INFORMATION REGARDING THEIR PRODUCTS IN ORDER FOR THEM TO SAVE
  13:../StdPeripheralDriver/src/stm32f10x_exti.c ****   * TIME. AS A RESULT, STMICROELECTRONICS SHALL NOT BE HELD LIABLE FOR ANY
  14:../StdPeripheralDriver/src/stm32f10x_exti.c ****   * DIRECT, INDIRECT OR CONSEQUENTIAL DAMAGES WITH RESPECT TO ANY CLAIMS ARISING
  15:../StdPeripheralDriver/src/stm32f10x_exti.c ****   * FROM THE CONTENT OF SUCH FIRMWARE AND/OR THE USE MADE BY CUSTOMERS OF THE
  16:../StdPeripheralDriver/src/stm32f10x_exti.c ****   * CODING INFORMATION CONTAINED HEREIN IN CONNECTION WITH THEIR PRODUCTS.
  17:../StdPeripheralDriver/src/stm32f10x_exti.c ****   *
  18:../StdPeripheralDriver/src/stm32f10x_exti.c ****   * <h2><center>&copy; COPYRIGHT 2011 STMicroelectronics</center></h2>
  19:../StdPeripheralDriver/src/stm32f10x_exti.c ****   ******************************************************************************
  20:../StdPeripheralDriver/src/stm32f10x_exti.c ****   */
  21:../StdPeripheralDriver/src/stm32f10x_exti.c **** 
  22:../StdPeripheralDriver/src/stm32f10x_exti.c **** /* Includes ------------------------------------------------------------------*/
  23:../StdPeripheralDriver/src/stm32f10x_exti.c **** #include "stm32f10x_exti.h"
  24:../StdPeripheralDriver/src/stm32f10x_exti.c **** 
  25:../StdPeripheralDriver/src/stm32f10x_exti.c **** /** @addtogroup STM32F10x_StdPeriph_Driver
  26:../StdPeripheralDriver/src/stm32f10x_exti.c ****   * @{
  27:../StdPeripheralDriver/src/stm32f10x_exti.c ****   */
  28:../StdPeripheralDriver/src/stm32f10x_exti.c **** 
  29:../StdPeripheralDriver/src/stm32f10x_exti.c **** /** @defgroup EXTI 
  30:../StdPeripheralDriver/src/stm32f10x_exti.c ****   * @brief EXTI driver modules
  31:../StdPeripheralDriver/src/stm32f10x_exti.c ****   * @{
  32:../StdPeripheralDriver/src/stm32f10x_exti.c ****   */
  33:../StdPeripheralDriver/src/stm32f10x_exti.c **** 
  34:../StdPeripheralDriver/src/stm32f10x_exti.c **** /** @defgroup EXTI_Private_TypesDefinitions
  35:../StdPeripheralDriver/src/stm32f10x_exti.c ****   * @{
  36:../StdPeripheralDriver/src/stm32f10x_exti.c ****   */
  37:../StdPeripheralDriver/src/stm32f10x_exti.c **** 
  38:../StdPeripheralDriver/src/stm32f10x_exti.c **** /**
  39:../StdPeripheralDriver/src/stm32f10x_exti.c ****   * @}
  40:../StdPeripheralDriver/src/stm32f10x_exti.c ****   */
  41:../StdPeripheralDriver/src/stm32f10x_exti.c **** 
  42:../StdPeripheralDriver/src/stm32f10x_exti.c **** /** @defgroup EXTI_Private_Defines
  43:../StdPeripheralDriver/src/stm32f10x_exti.c ****   * @{
  44:../StdPeripheralDriver/src/stm32f10x_exti.c ****   */
  45:../StdPeripheralDriver/src/stm32f10x_exti.c **** 
  46:../StdPeripheralDriver/src/stm32f10x_exti.c **** #define EXTI_LINENONE    ((uint32_t)0x00000)  /* No interrupt selected */
  47:../StdPeripheralDriver/src/stm32f10x_exti.c **** 
  48:../StdPeripheralDriver/src/stm32f10x_exti.c **** /**
  49:../StdPeripheralDriver/src/stm32f10x_exti.c ****   * @}
  50:../StdPeripheralDriver/src/stm32f10x_exti.c ****   */
  51:../StdPeripheralDriver/src/stm32f10x_exti.c **** 
  52:../StdPeripheralDriver/src/stm32f10x_exti.c **** /** @defgroup EXTI_Private_Macros
  53:../StdPeripheralDriver/src/stm32f10x_exti.c ****   * @{
  54:../StdPeripheralDriver/src/stm32f10x_exti.c ****   */
  55:../StdPeripheralDriver/src/stm32f10x_exti.c **** 
  56:../StdPeripheralDriver/src/stm32f10x_exti.c **** /**
  57:../StdPeripheralDriver/src/stm32f10x_exti.c ****   * @}
  58:../StdPeripheralDriver/src/stm32f10x_exti.c ****   */
  59:../StdPeripheralDriver/src/stm32f10x_exti.c **** 
  60:../StdPeripheralDriver/src/stm32f10x_exti.c **** /** @defgroup EXTI_Private_Variables
  61:../StdPeripheralDriver/src/stm32f10x_exti.c ****   * @{
  62:../StdPeripheralDriver/src/stm32f10x_exti.c ****   */
  63:../StdPeripheralDriver/src/stm32f10x_exti.c **** 
  64:../StdPeripheralDriver/src/stm32f10x_exti.c **** /**
  65:../StdPeripheralDriver/src/stm32f10x_exti.c ****   * @}
  66:../StdPeripheralDriver/src/stm32f10x_exti.c ****   */
  67:../StdPeripheralDriver/src/stm32f10x_exti.c **** 
  68:../StdPeripheralDriver/src/stm32f10x_exti.c **** /** @defgroup EXTI_Private_FunctionPrototypes
  69:../StdPeripheralDriver/src/stm32f10x_exti.c ****   * @{
  70:../StdPeripheralDriver/src/stm32f10x_exti.c ****   */
  71:../StdPeripheralDriver/src/stm32f10x_exti.c **** 
  72:../StdPeripheralDriver/src/stm32f10x_exti.c **** /**
  73:../StdPeripheralDriver/src/stm32f10x_exti.c ****   * @}
  74:../StdPeripheralDriver/src/stm32f10x_exti.c ****   */
  75:../StdPeripheralDriver/src/stm32f10x_exti.c **** 
  76:../StdPeripheralDriver/src/stm32f10x_exti.c **** /** @defgroup EXTI_Private_Functions
  77:../StdPeripheralDriver/src/stm32f10x_exti.c ****   * @{
  78:../StdPeripheralDriver/src/stm32f10x_exti.c ****   */
  79:../StdPeripheralDriver/src/stm32f10x_exti.c **** 
  80:../StdPeripheralDriver/src/stm32f10x_exti.c **** /**
  81:../StdPeripheralDriver/src/stm32f10x_exti.c ****   * @brief  Deinitializes the EXTI peripheral registers to their default reset values.
  82:../StdPeripheralDriver/src/stm32f10x_exti.c ****   * @param  None
  83:../StdPeripheralDriver/src/stm32f10x_exti.c ****   * @retval None
  84:../StdPeripheralDriver/src/stm32f10x_exti.c ****   */
  85:../StdPeripheralDriver/src/stm32f10x_exti.c **** void EXTI_DeInit(void)
  86:../StdPeripheralDriver/src/stm32f10x_exti.c **** {
 16279              		.loc 1 86 0
 16280              		.cfi_startproc
 16281              		@ args = 0, pretend = 0, frame = 0
 16282              		@ frame_needed = 1, uses_anonymous_args = 0
 16283              		@ link register save eliminated.
 16284 0000 80B4     		push	{r7}
 16285              	.LCFI0:
 16286              		.cfi_def_cfa_offset 4
 16287 0002 00AF     		add	r7, sp, #0
 16288              		.cfi_offset 7, -4
 16289              	.LCFI1:
 16290              		.cfi_def_cfa_register 7
  87:../StdPeripheralDriver/src/stm32f10x_exti.c ****   EXTI->IMR = 0x00000000;
 16291              		.loc 1 87 0
 16292 0004 0A4B     		ldr	r3, .L2
 16293 0006 4FF00002 		mov	r2, #0
 16294 000a 1A60     		str	r2, [r3, #0]
  88:../StdPeripheralDriver/src/stm32f10x_exti.c ****   EXTI->EMR = 0x00000000;
 16295              		.loc 1 88 0
 16296 000c 084B     		ldr	r3, .L2
 16297 000e 4FF00002 		mov	r2, #0
 16298 0012 5A60     		str	r2, [r3, #4]
  89:../StdPeripheralDriver/src/stm32f10x_exti.c ****   EXTI->RTSR = 0x00000000; 
 16299              		.loc 1 89 0
 16300 0014 064B     		ldr	r3, .L2
 16301 0016 4FF00002 		mov	r2, #0
 16302 001a 9A60     		str	r2, [r3, #8]
  90:../StdPeripheralDriver/src/stm32f10x_exti.c ****   EXTI->FTSR = 0x00000000; 
 16303              		.loc 1 90 0
 16304 001c 044B     		ldr	r3, .L2
 16305 001e 4FF00002 		mov	r2, #0
 16306 0022 DA60     		str	r2, [r3, #12]
  91:../StdPeripheralDriver/src/stm32f10x_exti.c ****   EXTI->PR = 0x000FFFFF;
 16307              		.loc 1 91 0
 16308 0024 024B     		ldr	r3, .L2
 16309 0026 034A     		ldr	r2, .L2+4
 16310 0028 5A61     		str	r2, [r3, #20]
  92:../StdPeripheralDriver/src/stm32f10x_exti.c **** }
 16311              		.loc 1 92 0
 16312 002a BD46     		mov	sp, r7
 16313 002c 80BC     		pop	{r7}
 16314 002e 7047     		bx	lr
 16315              	.L3:
 16316              		.align	2
 16317              	.L2:
 16318 0030 00040140 		.word	1073808384
 16319 0034 FFFF0F00 		.word	1048575
 16320              		.cfi_endproc
 16321              	.LFE29:
 16323              		.section	.text.EXTI_Init,"ax",%progbits
 16324              		.align	2
 16325              		.global	EXTI_Init
 16326              		.thumb
 16327              		.thumb_func
 16329              	EXTI_Init:
 16330              	.LFB30:
  93:../StdPeripheralDriver/src/stm32f10x_exti.c **** 
  94:../StdPeripheralDriver/src/stm32f10x_exti.c **** /**
  95:../StdPeripheralDriver/src/stm32f10x_exti.c ****   * @brief  Initializes the EXTI peripheral according to the specified
  96:../StdPeripheralDriver/src/stm32f10x_exti.c ****   *         parameters in the EXTI_InitStruct.
  97:../StdPeripheralDriver/src/stm32f10x_exti.c ****   * @param  EXTI_InitStruct: pointer to a EXTI_InitTypeDef structure
  98:../StdPeripheralDriver/src/stm32f10x_exti.c ****   *         that contains the configuration information for the EXTI peripheral.
  99:../StdPeripheralDriver/src/stm32f10x_exti.c ****   * @retval None
 100:../StdPeripheralDriver/src/stm32f10x_exti.c ****   */
 101:../StdPeripheralDriver/src/stm32f10x_exti.c **** void EXTI_Init(EXTI_InitTypeDef* EXTI_InitStruct)
 102:../StdPeripheralDriver/src/stm32f10x_exti.c **** {
 16331              		.loc 1 102 0
 16332              		.cfi_startproc
 16333              		@ args = 0, pretend = 0, frame = 16
 16334              		@ frame_needed = 1, uses_anonymous_args = 0
 16335              		@ link register save eliminated.
 16336 0000 80B4     		push	{r7}
 16337              	.LCFI2:
 16338              		.cfi_def_cfa_offset 4
 16339 0002 85B0     		sub	sp, sp, #20
 16340              	.LCFI3:
 16341              		.cfi_def_cfa_offset 24
 16342 0004 00AF     		add	r7, sp, #0
 16343              		.cfi_offset 7, -4
 16344              	.LCFI4:
 16345              		.cfi_def_cfa_register 7
 16346 0006 7860     		str	r0, [r7, #4]
 103:../StdPeripheralDriver/src/stm32f10x_exti.c ****   uint32_t tmp = 0;
 16347              		.loc 1 103 0
 16348 0008 4FF00003 		mov	r3, #0
 16349 000c FB60     		str	r3, [r7, #12]
 104:../StdPeripheralDriver/src/stm32f10x_exti.c **** 
 105:../StdPeripheralDriver/src/stm32f10x_exti.c ****   /* Check the parameters */
 106:../StdPeripheralDriver/src/stm32f10x_exti.c ****   assert_param(IS_EXTI_MODE(EXTI_InitStruct->EXTI_Mode));
 107:../StdPeripheralDriver/src/stm32f10x_exti.c ****   assert_param(IS_EXTI_TRIGGER(EXTI_InitStruct->EXTI_Trigger));
 108:../StdPeripheralDriver/src/stm32f10x_exti.c ****   assert_param(IS_EXTI_LINE(EXTI_InitStruct->EXTI_Line));  
 109:../StdPeripheralDriver/src/stm32f10x_exti.c ****   assert_param(IS_FUNCTIONAL_STATE(EXTI_InitStruct->EXTI_LineCmd));
 110:../StdPeripheralDriver/src/stm32f10x_exti.c **** 
 111:../StdPeripheralDriver/src/stm32f10x_exti.c ****   tmp = (uint32_t)EXTI_BASE;
 16350              		.loc 1 111 0
 16351 000e 3A4B     		ldr	r3, .L8
 16352 0010 FB60     		str	r3, [r7, #12]
 112:../StdPeripheralDriver/src/stm32f10x_exti.c ****      
 113:../StdPeripheralDriver/src/stm32f10x_exti.c ****   if (EXTI_InitStruct->EXTI_LineCmd != DISABLE)
 16353              		.loc 1 113 0
 16354 0012 7B68     		ldr	r3, [r7, #4]
 16355 0014 9B79     		ldrb	r3, [r3, #6]	@ zero_extendqisi2
 16356 0016 002B     		cmp	r3, #0
 16357 0018 59D0     		beq	.L5
 114:../StdPeripheralDriver/src/stm32f10x_exti.c ****   {
 115:../StdPeripheralDriver/src/stm32f10x_exti.c ****     /* Clear EXTI line configuration */
 116:../StdPeripheralDriver/src/stm32f10x_exti.c ****     EXTI->IMR &= ~EXTI_InitStruct->EXTI_Line;
 16358              		.loc 1 116 0
 16359 001a 374B     		ldr	r3, .L8
 16360 001c 364A     		ldr	r2, .L8
 16361 001e 1168     		ldr	r1, [r2, #0]
 16362 0020 7A68     		ldr	r2, [r7, #4]
 16363 0022 1268     		ldr	r2, [r2, #0]
 16364 0024 6FEA0202 		mvn	r2, r2
 16365 0028 01EA0202 		and	r2, r1, r2
 16366 002c 1A60     		str	r2, [r3, #0]
 117:../StdPeripheralDriver/src/stm32f10x_exti.c ****     EXTI->EMR &= ~EXTI_InitStruct->EXTI_Line;
 16367              		.loc 1 117 0
 16368 002e 324B     		ldr	r3, .L8
 16369 0030 314A     		ldr	r2, .L8
 16370 0032 5168     		ldr	r1, [r2, #4]
 16371 0034 7A68     		ldr	r2, [r7, #4]
 16372 0036 1268     		ldr	r2, [r2, #0]
 16373 0038 6FEA0202 		mvn	r2, r2
 16374 003c 01EA0202 		and	r2, r1, r2
 16375 0040 5A60     		str	r2, [r3, #4]
 118:../StdPeripheralDriver/src/stm32f10x_exti.c ****     
 119:../StdPeripheralDriver/src/stm32f10x_exti.c ****     tmp += EXTI_InitStruct->EXTI_Mode;
 16376              		.loc 1 119 0
 16377 0042 7B68     		ldr	r3, [r7, #4]
 16378 0044 1B79     		ldrb	r3, [r3, #4]	@ zero_extendqisi2
 16379 0046 FA68     		ldr	r2, [r7, #12]
 16380 0048 D318     		adds	r3, r2, r3
 16381 004a FB60     		str	r3, [r7, #12]
 120:../StdPeripheralDriver/src/stm32f10x_exti.c **** 
 121:../StdPeripheralDriver/src/stm32f10x_exti.c ****     *(__IO uint32_t *) tmp |= EXTI_InitStruct->EXTI_Line;
 16382              		.loc 1 121 0
 16383 004c FB68     		ldr	r3, [r7, #12]
 16384 004e FA68     		ldr	r2, [r7, #12]
 16385 0050 1168     		ldr	r1, [r2, #0]
 16386 0052 7A68     		ldr	r2, [r7, #4]
 16387 0054 1268     		ldr	r2, [r2, #0]
 16388 0056 41EA0202 		orr	r2, r1, r2
 16389 005a 1A60     		str	r2, [r3, #0]
 122:../StdPeripheralDriver/src/stm32f10x_exti.c **** 
 123:../StdPeripheralDriver/src/stm32f10x_exti.c ****     /* Clear Rising Falling edge configuration */
 124:../StdPeripheralDriver/src/stm32f10x_exti.c ****     EXTI->RTSR &= ~EXTI_InitStruct->EXTI_Line;
 16390              		.loc 1 124 0
 16391 005c 264B     		ldr	r3, .L8
 16392 005e 264A     		ldr	r2, .L8
 16393 0060 9168     		ldr	r1, [r2, #8]
 16394 0062 7A68     		ldr	r2, [r7, #4]
 16395 0064 1268     		ldr	r2, [r2, #0]
 16396 0066 6FEA0202 		mvn	r2, r2
 16397 006a 01EA0202 		and	r2, r1, r2
 16398 006e 9A60     		str	r2, [r3, #8]
 125:../StdPeripheralDriver/src/stm32f10x_exti.c ****     EXTI->FTSR &= ~EXTI_InitStruct->EXTI_Line;
 16399              		.loc 1 125 0
 16400 0070 214B     		ldr	r3, .L8
 16401 0072 214A     		ldr	r2, .L8
 16402 0074 D168     		ldr	r1, [r2, #12]
 16403 0076 7A68     		ldr	r2, [r7, #4]
 16404 0078 1268     		ldr	r2, [r2, #0]
 16405 007a 6FEA0202 		mvn	r2, r2
 16406 007e 01EA0202 		and	r2, r1, r2
 16407 0082 DA60     		str	r2, [r3, #12]
 126:../StdPeripheralDriver/src/stm32f10x_exti.c ****     
 127:../StdPeripheralDriver/src/stm32f10x_exti.c ****     /* Select the trigger for the selected external interrupts */
 128:../StdPeripheralDriver/src/stm32f10x_exti.c ****     if (EXTI_InitStruct->EXTI_Trigger == EXTI_Trigger_Rising_Falling)
 16408              		.loc 1 128 0
 16409 0084 7B68     		ldr	r3, [r7, #4]
 16410 0086 5B79     		ldrb	r3, [r3, #5]	@ zero_extendqisi2
 16411 0088 102B     		cmp	r3, #16
 16412 008a 10D1     		bne	.L6
 129:../StdPeripheralDriver/src/stm32f10x_exti.c ****     {
 130:../StdPeripheralDriver/src/stm32f10x_exti.c ****       /* Rising Falling edge */
 131:../StdPeripheralDriver/src/stm32f10x_exti.c ****       EXTI->RTSR |= EXTI_InitStruct->EXTI_Line;
 16413              		.loc 1 131 0
 16414 008c 1A4B     		ldr	r3, .L8
 16415 008e 1A4A     		ldr	r2, .L8
 16416 0090 9168     		ldr	r1, [r2, #8]
 16417 0092 7A68     		ldr	r2, [r7, #4]
 16418 0094 1268     		ldr	r2, [r2, #0]
 16419 0096 41EA0202 		orr	r2, r1, r2
 16420 009a 9A60     		str	r2, [r3, #8]
 132:../StdPeripheralDriver/src/stm32f10x_exti.c ****       EXTI->FTSR |= EXTI_InitStruct->EXTI_Line;
 16421              		.loc 1 132 0
 16422 009c 164B     		ldr	r3, .L8
 16423 009e 164A     		ldr	r2, .L8
 16424 00a0 D168     		ldr	r1, [r2, #12]
 16425 00a2 7A68     		ldr	r2, [r7, #4]
 16426 00a4 1268     		ldr	r2, [r2, #0]
 16427 00a6 41EA0202 		orr	r2, r1, r2
 16428 00aa DA60     		str	r2, [r3, #12]
 16429 00ac 1EE0     		b	.L4
 16430              	.L6:
 133:../StdPeripheralDriver/src/stm32f10x_exti.c ****     }
 134:../StdPeripheralDriver/src/stm32f10x_exti.c ****     else
 135:../StdPeripheralDriver/src/stm32f10x_exti.c ****     {
 136:../StdPeripheralDriver/src/stm32f10x_exti.c ****       tmp = (uint32_t)EXTI_BASE;
 16431              		.loc 1 136 0
 16432 00ae 124B     		ldr	r3, .L8
 16433 00b0 FB60     		str	r3, [r7, #12]
 137:../StdPeripheralDriver/src/stm32f10x_exti.c ****       tmp += EXTI_InitStruct->EXTI_Trigger;
 16434              		.loc 1 137 0
 16435 00b2 7B68     		ldr	r3, [r7, #4]
 16436 00b4 5B79     		ldrb	r3, [r3, #5]	@ zero_extendqisi2
 16437 00b6 FA68     		ldr	r2, [r7, #12]
 16438 00b8 D318     		adds	r3, r2, r3
 16439 00ba FB60     		str	r3, [r7, #12]
 138:../StdPeripheralDriver/src/stm32f10x_exti.c **** 
 139:../StdPeripheralDriver/src/stm32f10x_exti.c ****       *(__IO uint32_t *) tmp |= EXTI_InitStruct->EXTI_Line;
 16440              		.loc 1 139 0
 16441 00bc FB68     		ldr	r3, [r7, #12]
 16442 00be FA68     		ldr	r2, [r7, #12]
 16443 00c0 1168     		ldr	r1, [r2, #0]
 16444 00c2 7A68     		ldr	r2, [r7, #4]
 16445 00c4 1268     		ldr	r2, [r2, #0]
 16446 00c6 41EA0202 		orr	r2, r1, r2
 16447 00ca 1A60     		str	r2, [r3, #0]
 16448 00cc 0EE0     		b	.L4
 16449              	.L5:
 140:../StdPeripheralDriver/src/stm32f10x_exti.c ****     }
 141:../StdPeripheralDriver/src/stm32f10x_exti.c ****   }
 142:../StdPeripheralDriver/src/stm32f10x_exti.c ****   else
 143:../StdPeripheralDriver/src/stm32f10x_exti.c ****   {
 144:../StdPeripheralDriver/src/stm32f10x_exti.c ****     tmp += EXTI_InitStruct->EXTI_Mode;
 16450              		.loc 1 144 0
 16451 00ce 7B68     		ldr	r3, [r7, #4]
 16452 00d0 1B79     		ldrb	r3, [r3, #4]	@ zero_extendqisi2
 16453 00d2 FA68     		ldr	r2, [r7, #12]
 16454 00d4 D318     		adds	r3, r2, r3
 16455 00d6 FB60     		str	r3, [r7, #12]
 145:../StdPeripheralDriver/src/stm32f10x_exti.c **** 
 146:../StdPeripheralDriver/src/stm32f10x_exti.c ****     /* Disable the selected external lines */
 147:../StdPeripheralDriver/src/stm32f10x_exti.c ****     *(__IO uint32_t *) tmp &= ~EXTI_InitStruct->EXTI_Line;
 16456              		.loc 1 147 0
 16457 00d8 FB68     		ldr	r3, [r7, #12]
 16458 00da FA68     		ldr	r2, [r7, #12]
 16459 00dc 1168     		ldr	r1, [r2, #0]
 16460 00de 7A68     		ldr	r2, [r7, #4]
 16461 00e0 1268     		ldr	r2, [r2, #0]
 16462 00e2 6FEA0202 		mvn	r2, r2
 16463 00e6 01EA0202 		and	r2, r1, r2
 16464 00ea 1A60     		str	r2, [r3, #0]
 16465              	.L4:
 148:../StdPeripheralDriver/src/stm32f10x_exti.c ****   }
 149:../StdPeripheralDriver/src/stm32f10x_exti.c **** }
 16466              		.loc 1 149 0
 16467 00ec 07F11407 		add	r7, r7, #20
 16468 00f0 BD46     		mov	sp, r7
 16469 00f2 80BC     		pop	{r7}
 16470 00f4 7047     		bx	lr
 16471              	.L9:
 16472 00f6 00BF     		.align	2
 16473              	.L8:
 16474 00f8 00040140 		.word	1073808384
 16475              		.cfi_endproc
 16476              	.LFE30:
 16478              		.section	.text.EXTI_StructInit,"ax",%progbits
 16479              		.align	2
 16480              		.global	EXTI_StructInit
 16481              		.thumb
 16482              		.thumb_func
 16484              	EXTI_StructInit:
 16485              	.LFB31:
 150:../StdPeripheralDriver/src/stm32f10x_exti.c **** 
 151:../StdPeripheralDriver/src/stm32f10x_exti.c **** /**
 152:../StdPeripheralDriver/src/stm32f10x_exti.c ****   * @brief  Fills each EXTI_InitStruct member with its reset value.
 153:../StdPeripheralDriver/src/stm32f10x_exti.c ****   * @param  EXTI_InitStruct: pointer to a EXTI_InitTypeDef structure which will
 154:../StdPeripheralDriver/src/stm32f10x_exti.c ****   *         be initialized.
 155:../StdPeripheralDriver/src/stm32f10x_exti.c ****   * @retval None
 156:../StdPeripheralDriver/src/stm32f10x_exti.c ****   */
 157:../StdPeripheralDriver/src/stm32f10x_exti.c **** void EXTI_StructInit(EXTI_InitTypeDef* EXTI_InitStruct)
 158:../StdPeripheralDriver/src/stm32f10x_exti.c **** {
 16486              		.loc 1 158 0
 16487              		.cfi_startproc
 16488              		@ args = 0, pretend = 0, frame = 8
 16489              		@ frame_needed = 1, uses_anonymous_args = 0
 16490              		@ link register save eliminated.
 16491 0000 80B4     		push	{r7}
 16492              	.LCFI5:
 16493              		.cfi_def_cfa_offset 4
 16494 0002 83B0     		sub	sp, sp, #12
 16495              	.LCFI6:
 16496              		.cfi_def_cfa_offset 16
 16497 0004 00AF     		add	r7, sp, #0
 16498              		.cfi_offset 7, -4
 16499              	.LCFI7:
 16500              		.cfi_def_cfa_register 7
 16501 0006 7860     		str	r0, [r7, #4]
 159:../StdPeripheralDriver/src/stm32f10x_exti.c ****   EXTI_InitStruct->EXTI_Line = EXTI_LINENONE;
 16502              		.loc 1 159 0
 16503 0008 7B68     		ldr	r3, [r7, #4]
 16504 000a 4FF00002 		mov	r2, #0
 16505 000e 1A60     		str	r2, [r3, #0]
 160:../StdPeripheralDriver/src/stm32f10x_exti.c ****   EXTI_InitStruct->EXTI_Mode = EXTI_Mode_Interrupt;
 16506              		.loc 1 160 0
 16507 0010 7B68     		ldr	r3, [r7, #4]
 16508 0012 4FF00002 		mov	r2, #0
 16509 0016 1A71     		strb	r2, [r3, #4]
 161:../StdPeripheralDriver/src/stm32f10x_exti.c ****   EXTI_InitStruct->EXTI_Trigger = EXTI_Trigger_Falling;
 16510              		.loc 1 161 0
 16511 0018 7B68     		ldr	r3, [r7, #4]
 16512 001a 4FF00C02 		mov	r2, #12
 16513 001e 5A71     		strb	r2, [r3, #5]
 162:../StdPeripheralDriver/src/stm32f10x_exti.c ****   EXTI_InitStruct->EXTI_LineCmd = DISABLE;
 16514              		.loc 1 162 0
 16515 0020 7B68     		ldr	r3, [r7, #4]
 16516 0022 4FF00002 		mov	r2, #0
 16517 0026 9A71     		strb	r2, [r3, #6]
 163:../StdPeripheralDriver/src/stm32f10x_exti.c **** }
 16518              		.loc 1 163 0
 16519 0028 07F10C07 		add	r7, r7, #12
 16520 002c BD46     		mov	sp, r7
 16521 002e 80BC     		pop	{r7}
 16522 0030 7047     		bx	lr
 16523              		.cfi_endproc
 16524              	.LFE31:
 16526 0032 00BF     		.section	.text.EXTI_GenerateSWInterrupt,"ax",%progbits
 16527              		.align	2
 16528              		.global	EXTI_GenerateSWInterrupt
 16529              		.thumb
 16530              		.thumb_func
 16532              	EXTI_GenerateSWInterrupt:
 16533              	.LFB32:
 164:../StdPeripheralDriver/src/stm32f10x_exti.c **** 
 165:../StdPeripheralDriver/src/stm32f10x_exti.c **** /**
 166:../StdPeripheralDriver/src/stm32f10x_exti.c ****   * @brief  Generates a Software interrupt.
 167:../StdPeripheralDriver/src/stm32f10x_exti.c ****   * @param  EXTI_Line: specifies the EXTI lines to be enabled or disabled.
 168:../StdPeripheralDriver/src/stm32f10x_exti.c ****   *   This parameter can be any combination of EXTI_Linex where x can be (0..19).
 169:../StdPeripheralDriver/src/stm32f10x_exti.c ****   * @retval None
 170:../StdPeripheralDriver/src/stm32f10x_exti.c ****   */
 171:../StdPeripheralDriver/src/stm32f10x_exti.c **** void EXTI_GenerateSWInterrupt(uint32_t EXTI_Line)
 172:../StdPeripheralDriver/src/stm32f10x_exti.c **** {
 16534              		.loc 1 172 0
 16535              		.cfi_startproc
 16536              		@ args = 0, pretend = 0, frame = 8
 16537              		@ frame_needed = 1, uses_anonymous_args = 0
 16538              		@ link register save eliminated.
 16539 0000 80B4     		push	{r7}
 16540              	.LCFI8:
 16541              		.cfi_def_cfa_offset 4
 16542 0002 83B0     		sub	sp, sp, #12
 16543              	.LCFI9:
 16544              		.cfi_def_cfa_offset 16
 16545 0004 00AF     		add	r7, sp, #0
 16546              		.cfi_offset 7, -4
 16547              	.LCFI10:
 16548              		.cfi_def_cfa_register 7
 16549 0006 7860     		str	r0, [r7, #4]
 173:../StdPeripheralDriver/src/stm32f10x_exti.c ****   /* Check the parameters */
 174:../StdPeripheralDriver/src/stm32f10x_exti.c ****   assert_param(IS_EXTI_LINE(EXTI_Line));
 175:../StdPeripheralDriver/src/stm32f10x_exti.c ****   
 176:../StdPeripheralDriver/src/stm32f10x_exti.c ****   EXTI->SWIER |= EXTI_Line;
 16550              		.loc 1 176 0
 16551 0008 054B     		ldr	r3, .L12
 16552 000a 054A     		ldr	r2, .L12
 16553 000c 1169     		ldr	r1, [r2, #16]
 16554 000e 7A68     		ldr	r2, [r7, #4]
 16555 0010 41EA0202 		orr	r2, r1, r2
 16556 0014 1A61     		str	r2, [r3, #16]
 177:../StdPeripheralDriver/src/stm32f10x_exti.c **** }
 16557              		.loc 1 177 0
 16558 0016 07F10C07 		add	r7, r7, #12
 16559 001a BD46     		mov	sp, r7
 16560 001c 80BC     		pop	{r7}
 16561 001e 7047     		bx	lr
 16562              	.L13:
 16563              		.align	2
 16564              	.L12:
 16565 0020 00040140 		.word	1073808384
 16566              		.cfi_endproc
 16567              	.LFE32:
 16569              		.section	.text.EXTI_GetFlagStatus,"ax",%progbits
 16570              		.align	2
 16571              		.global	EXTI_GetFlagStatus
 16572              		.thumb
 16573              		.thumb_func
 16575              	EXTI_GetFlagStatus:
 16576              	.LFB33:
 178:../StdPeripheralDriver/src/stm32f10x_exti.c **** 
 179:../StdPeripheralDriver/src/stm32f10x_exti.c **** /**
 180:../StdPeripheralDriver/src/stm32f10x_exti.c ****   * @brief  Checks whether the specified EXTI line flag is set or not.
 181:../StdPeripheralDriver/src/stm32f10x_exti.c ****   * @param  EXTI_Line: specifies the EXTI line flag to check.
 182:../StdPeripheralDriver/src/stm32f10x_exti.c ****   *   This parameter can be:
 183:../StdPeripheralDriver/src/stm32f10x_exti.c ****   *     @arg EXTI_Linex: External interrupt line x where x(0..19)
 184:../StdPeripheralDriver/src/stm32f10x_exti.c ****   * @retval The new state of EXTI_Line (SET or RESET).
 185:../StdPeripheralDriver/src/stm32f10x_exti.c ****   */
 186:../StdPeripheralDriver/src/stm32f10x_exti.c **** FlagStatus EXTI_GetFlagStatus(uint32_t EXTI_Line)
 187:../StdPeripheralDriver/src/stm32f10x_exti.c **** {
 16577              		.loc 1 187 0
 16578              		.cfi_startproc
 16579              		@ args = 0, pretend = 0, frame = 16
 16580              		@ frame_needed = 1, uses_anonymous_args = 0
 16581              		@ link register save eliminated.
 16582 0000 80B4     		push	{r7}
 16583              	.LCFI11:
 16584              		.cfi_def_cfa_offset 4
 16585 0002 85B0     		sub	sp, sp, #20
 16586              	.LCFI12:
 16587              		.cfi_def_cfa_offset 24
 16588 0004 00AF     		add	r7, sp, #0
 16589              		.cfi_offset 7, -4
 16590              	.LCFI13:
 16591              		.cfi_def_cfa_register 7
 16592 0006 7860     		str	r0, [r7, #4]
 188:../StdPeripheralDriver/src/stm32f10x_exti.c ****   FlagStatus bitstatus = RESET;
 16593              		.loc 1 188 0
 16594 0008 4FF00003 		mov	r3, #0
 16595 000c FB73     		strb	r3, [r7, #15]
 189:../StdPeripheralDriver/src/stm32f10x_exti.c ****   /* Check the parameters */
 190:../StdPeripheralDriver/src/stm32f10x_exti.c ****   assert_param(IS_GET_EXTI_LINE(EXTI_Line));
 191:../StdPeripheralDriver/src/stm32f10x_exti.c ****   
 192:../StdPeripheralDriver/src/stm32f10x_exti.c ****   if ((EXTI->PR & EXTI_Line) != (uint32_t)RESET)
 16596              		.loc 1 192 0
 16597 000e 0A4B     		ldr	r3, .L17
 16598 0010 5A69     		ldr	r2, [r3, #20]
 16599 0012 7B68     		ldr	r3, [r7, #4]
 16600 0014 02EA0303 		and	r3, r2, r3
 16601 0018 002B     		cmp	r3, #0
 16602 001a 03D0     		beq	.L15
 193:../StdPeripheralDriver/src/stm32f10x_exti.c ****   {
 194:../StdPeripheralDriver/src/stm32f10x_exti.c ****     bitstatus = SET;
 16603              		.loc 1 194 0
 16604 001c 4FF00103 		mov	r3, #1
 16605 0020 FB73     		strb	r3, [r7, #15]
 16606 0022 02E0     		b	.L16
 16607              	.L15:
 195:../StdPeripheralDriver/src/stm32f10x_exti.c ****   }
 196:../StdPeripheralDriver/src/stm32f10x_exti.c ****   else
 197:../StdPeripheralDriver/src/stm32f10x_exti.c ****   {
 198:../StdPeripheralDriver/src/stm32f10x_exti.c ****     bitstatus = RESET;
 16608              		.loc 1 198 0
 16609 0024 4FF00003 		mov	r3, #0
 16610 0028 FB73     		strb	r3, [r7, #15]
 16611              	.L16:
 199:../StdPeripheralDriver/src/stm32f10x_exti.c ****   }
 200:../StdPeripheralDriver/src/stm32f10x_exti.c ****   return bitstatus;
 16612              		.loc 1 200 0
 16613 002a FB7B     		ldrb	r3, [r7, #15]	@ zero_extendqisi2
 201:../StdPeripheralDriver/src/stm32f10x_exti.c **** }
 16614              		.loc 1 201 0
 16615 002c 1846     		mov	r0, r3
 16616 002e 07F11407 		add	r7, r7, #20
 16617 0032 BD46     		mov	sp, r7
 16618 0034 80BC     		pop	{r7}
 16619 0036 7047     		bx	lr
 16620              	.L18:
 16621              		.align	2
 16622              	.L17:
 16623 0038 00040140 		.word	1073808384
 16624              		.cfi_endproc
 16625              	.LFE33:
 16627              		.section	.text.EXTI_ClearFlag,"ax",%progbits
 16628              		.align	2
 16629              		.global	EXTI_ClearFlag
 16630              		.thumb
 16631              		.thumb_func
 16633              	EXTI_ClearFlag:
 16634              	.LFB34:
 202:../StdPeripheralDriver/src/stm32f10x_exti.c **** 
 203:../StdPeripheralDriver/src/stm32f10x_exti.c **** /**
 204:../StdPeripheralDriver/src/stm32f10x_exti.c ****   * @brief  Clears the EXTI's line pending flags.
 205:../StdPeripheralDriver/src/stm32f10x_exti.c ****   * @param  EXTI_Line: specifies the EXTI lines flags to clear.
 206:../StdPeripheralDriver/src/stm32f10x_exti.c ****   *   This parameter can be any combination of EXTI_Linex where x can be (0..19).
 207:../StdPeripheralDriver/src/stm32f10x_exti.c ****   * @retval None
 208:../StdPeripheralDriver/src/stm32f10x_exti.c ****   */
 209:../StdPeripheralDriver/src/stm32f10x_exti.c **** void EXTI_ClearFlag(uint32_t EXTI_Line)
 210:../StdPeripheralDriver/src/stm32f10x_exti.c **** {
 16635              		.loc 1 210 0
 16636              		.cfi_startproc
 16637              		@ args = 0, pretend = 0, frame = 8
 16638              		@ frame_needed = 1, uses_anonymous_args = 0
 16639              		@ link register save eliminated.
 16640 0000 80B4     		push	{r7}
 16641              	.LCFI14:
 16642              		.cfi_def_cfa_offset 4
 16643 0002 83B0     		sub	sp, sp, #12
 16644              	.LCFI15:
 16645              		.cfi_def_cfa_offset 16
 16646 0004 00AF     		add	r7, sp, #0
 16647              		.cfi_offset 7, -4
 16648              	.LCFI16:
 16649              		.cfi_def_cfa_register 7
 16650 0006 7860     		str	r0, [r7, #4]
 211:../StdPeripheralDriver/src/stm32f10x_exti.c ****   /* Check the parameters */
 212:../StdPeripheralDriver/src/stm32f10x_exti.c ****   assert_param(IS_EXTI_LINE(EXTI_Line));
 213:../StdPeripheralDriver/src/stm32f10x_exti.c ****   
 214:../StdPeripheralDriver/src/stm32f10x_exti.c ****   EXTI->PR = EXTI_Line;
 16651              		.loc 1 214 0
 16652 0008 034B     		ldr	r3, .L20
 16653 000a 7A68     		ldr	r2, [r7, #4]
 16654 000c 5A61     		str	r2, [r3, #20]
 215:../StdPeripheralDriver/src/stm32f10x_exti.c **** }
 16655              		.loc 1 215 0
 16656 000e 07F10C07 		add	r7, r7, #12
 16657 0012 BD46     		mov	sp, r7
 16658 0014 80BC     		pop	{r7}
 16659 0016 7047     		bx	lr
 16660              	.L21:
 16661              		.align	2
 16662              	.L20:
 16663 0018 00040140 		.word	1073808384
 16664              		.cfi_endproc
 16665              	.LFE34:
 16667              		.section	.text.EXTI_GetITStatus,"ax",%progbits
 16668              		.align	2
 16669              		.global	EXTI_GetITStatus
 16670              		.thumb
 16671              		.thumb_func
 16673              	EXTI_GetITStatus:
 16674              	.LFB35:
 216:../StdPeripheralDriver/src/stm32f10x_exti.c **** 
 217:../StdPeripheralDriver/src/stm32f10x_exti.c **** /**
 218:../StdPeripheralDriver/src/stm32f10x_exti.c ****   * @brief  Checks whether the specified EXTI line is asserted or not.
 219:../StdPeripheralDriver/src/stm32f10x_exti.c ****   * @param  EXTI_Line: specifies the EXTI line to check.
 220:../StdPeripheralDriver/src/stm32f10x_exti.c ****   *   This parameter can be:
 221:../StdPeripheralDriver/src/stm32f10x_exti.c ****   *     @arg EXTI_Linex: External interrupt line x where x(0..19)
 222:../StdPeripheralDriver/src/stm32f10x_exti.c ****   * @retval The new state of EXTI_Line (SET or RESET).
 223:../StdPeripheralDriver/src/stm32f10x_exti.c ****   */
 224:../StdPeripheralDriver/src/stm32f10x_exti.c **** ITStatus EXTI_GetITStatus(uint32_t EXTI_Line)
 225:../StdPeripheralDriver/src/stm32f10x_exti.c **** {
 16675              		.loc 1 225 0
 16676              		.cfi_startproc
 16677              		@ args = 0, pretend = 0, frame = 16
 16678              		@ frame_needed = 1, uses_anonymous_args = 0
 16679              		@ link register save eliminated.
 16680 0000 80B4     		push	{r7}
 16681              	.LCFI17:
 16682              		.cfi_def_cfa_offset 4
 16683 0002 85B0     		sub	sp, sp, #20
 16684              	.LCFI18:
 16685              		.cfi_def_cfa_offset 24
 16686 0004 00AF     		add	r7, sp, #0
 16687              		.cfi_offset 7, -4
 16688              	.LCFI19:
 16689              		.cfi_def_cfa_register 7
 16690 0006 7860     		str	r0, [r7, #4]
 226:../StdPeripheralDriver/src/stm32f10x_exti.c ****   ITStatus bitstatus = RESET;
 16691              		.loc 1 226 0
 16692 0008 4FF00003 		mov	r3, #0
 16693 000c FB73     		strb	r3, [r7, #15]
 227:../StdPeripheralDriver/src/stm32f10x_exti.c ****   uint32_t enablestatus = 0;
 16694              		.loc 1 227 0
 16695 000e 4FF00003 		mov	r3, #0
 16696 0012 BB60     		str	r3, [r7, #8]
 228:../StdPeripheralDriver/src/stm32f10x_exti.c ****   /* Check the parameters */
 229:../StdPeripheralDriver/src/stm32f10x_exti.c ****   assert_param(IS_GET_EXTI_LINE(EXTI_Line));
 230:../StdPeripheralDriver/src/stm32f10x_exti.c ****   
 231:../StdPeripheralDriver/src/stm32f10x_exti.c ****   enablestatus =  EXTI->IMR & EXTI_Line;
 16697              		.loc 1 231 0
 16698 0014 0E4B     		ldr	r3, .L25
 16699 0016 1A68     		ldr	r2, [r3, #0]
 16700 0018 7B68     		ldr	r3, [r7, #4]
 16701 001a 02EA0303 		and	r3, r2, r3
 16702 001e BB60     		str	r3, [r7, #8]
 232:../StdPeripheralDriver/src/stm32f10x_exti.c ****   if (((EXTI->PR & EXTI_Line) != (uint32_t)RESET) && (enablestatus != (uint32_t)RESET))
 16703              		.loc 1 232 0
 16704 0020 0B4B     		ldr	r3, .L25
 16705 0022 5A69     		ldr	r2, [r3, #20]
 16706 0024 7B68     		ldr	r3, [r7, #4]
 16707 0026 02EA0303 		and	r3, r2, r3
 16708 002a 002B     		cmp	r3, #0
 16709 002c 06D0     		beq	.L23
 16710              		.loc 1 232 0 is_stmt 0 discriminator 1
 16711 002e BB68     		ldr	r3, [r7, #8]
 16712 0030 002B     		cmp	r3, #0
 16713 0032 03D0     		beq	.L23
 233:../StdPeripheralDriver/src/stm32f10x_exti.c ****   {
 234:../StdPeripheralDriver/src/stm32f10x_exti.c ****     bitstatus = SET;
 16714              		.loc 1 234 0 is_stmt 1
 16715 0034 4FF00103 		mov	r3, #1
 16716 0038 FB73     		strb	r3, [r7, #15]
 16717 003a 02E0     		b	.L24
 16718              	.L23:
 235:../StdPeripheralDriver/src/stm32f10x_exti.c ****   }
 236:../StdPeripheralDriver/src/stm32f10x_exti.c ****   else
 237:../StdPeripheralDriver/src/stm32f10x_exti.c ****   {
 238:../StdPeripheralDriver/src/stm32f10x_exti.c ****     bitstatus = RESET;
 16719              		.loc 1 238 0
 16720 003c 4FF00003 		mov	r3, #0
 16721 0040 FB73     		strb	r3, [r7, #15]
 16722              	.L24:
 239:../StdPeripheralDriver/src/stm32f10x_exti.c ****   }
 240:../StdPeripheralDriver/src/stm32f10x_exti.c ****   return bitstatus;
 16723              		.loc 1 240 0
 16724 0042 FB7B     		ldrb	r3, [r7, #15]	@ zero_extendqisi2
 241:../StdPeripheralDriver/src/stm32f10x_exti.c **** }
 16725              		.loc 1 241 0
 16726 0044 1846     		mov	r0, r3
 16727 0046 07F11407 		add	r7, r7, #20
 16728 004a BD46     		mov	sp, r7
 16729 004c 80BC     		pop	{r7}
 16730 004e 7047     		bx	lr
 16731              	.L26:
 16732              		.align	2
 16733              	.L25:
 16734 0050 00040140 		.word	1073808384
 16735              		.cfi_endproc
 16736              	.LFE35:
 16738              		.section	.text.EXTI_ClearITPendingBit,"ax",%progbits
 16739              		.align	2
 16740              		.global	EXTI_ClearITPendingBit
 16741              		.thumb
 16742              		.thumb_func
 16744              	EXTI_ClearITPendingBit:
 16745              	.LFB36:
 242:../StdPeripheralDriver/src/stm32f10x_exti.c **** 
 243:../StdPeripheralDriver/src/stm32f10x_exti.c **** /**
 244:../StdPeripheralDriver/src/stm32f10x_exti.c ****   * @brief  Clears the EXTI's line pending bits.
 245:../StdPeripheralDriver/src/stm32f10x_exti.c ****   * @param  EXTI_Line: specifies the EXTI lines to clear.
 246:../StdPeripheralDriver/src/stm32f10x_exti.c ****   *   This parameter can be any combination of EXTI_Linex where x can be (0..19).
 247:../StdPeripheralDriver/src/stm32f10x_exti.c ****   * @retval None
 248:../StdPeripheralDriver/src/stm32f10x_exti.c ****   */
 249:../StdPeripheralDriver/src/stm32f10x_exti.c **** void EXTI_ClearITPendingBit(uint32_t EXTI_Line)
 250:../StdPeripheralDriver/src/stm32f10x_exti.c **** {
 16746              		.loc 1 250 0
 16747              		.cfi_startproc
 16748              		@ args = 0, pretend = 0, frame = 8
 16749              		@ frame_needed = 1, uses_anonymous_args = 0
 16750              		@ link register save eliminated.
 16751 0000 80B4     		push	{r7}
 16752              	.LCFI20:
 16753              		.cfi_def_cfa_offset 4
 16754 0002 83B0     		sub	sp, sp, #12
 16755              	.LCFI21:
 16756              		.cfi_def_cfa_offset 16
 16757 0004 00AF     		add	r7, sp, #0
 16758              		.cfi_offset 7, -4
 16759              	.LCFI22:
 16760              		.cfi_def_cfa_register 7
 16761 0006 7860     		str	r0, [r7, #4]
 251:../StdPeripheralDriver/src/stm32f10x_exti.c ****   /* Check the parameters */
 252:../StdPeripheralDriver/src/stm32f10x_exti.c ****   assert_param(IS_EXTI_LINE(EXTI_Line));
 253:../StdPeripheralDriver/src/stm32f10x_exti.c ****   
 254:../StdPeripheralDriver/src/stm32f10x_exti.c ****   EXTI->PR = EXTI_Line;
 16762              		.loc 1 254 0
 16763 0008 034B     		ldr	r3, .L28
 16764 000a 7A68     		ldr	r2, [r7, #4]
 16765 000c 5A61     		str	r2, [r3, #20]
 255:../StdPeripheralDriver/src/stm32f10x_exti.c **** }
 16766              		.loc 1 255 0
 16767 000e 07F10C07 		add	r7, r7, #12
 16768 0012 BD46     		mov	sp, r7
 16769 0014 80BC     		pop	{r7}
 16770 0016 7047     		bx	lr
 16771              	.L29:
 16772              		.align	2
 16773              	.L28:
 16774 0018 00040140 		.word	1073808384
 16775              		.cfi_endproc
 16776              	.LFE36:
 16778              		.text
 16779              	.Letext0:
DEFINED SYMBOLS
                            *ABS*:00000000 stm32f10x_exti.c
     /tmp/cc55R9GG.s:16272  .text.EXTI_DeInit:00000000 $t
     /tmp/cc55R9GG.s:16277  .text.EXTI_DeInit:00000000 EXTI_DeInit
     /tmp/cc55R9GG.s:16318  .text.EXTI_DeInit:00000030 $d
     /tmp/cc55R9GG.s:16324  .text.EXTI_Init:00000000 $t
     /tmp/cc55R9GG.s:16329  .text.EXTI_Init:00000000 EXTI_Init
     /tmp/cc55R9GG.s:16474  .text.EXTI_Init:000000f8 $d
     /tmp/cc55R9GG.s:16479  .text.EXTI_StructInit:00000000 $t
     /tmp/cc55R9GG.s:16484  .text.EXTI_StructInit:00000000 EXTI_StructInit
     /tmp/cc55R9GG.s:16527  .text.EXTI_GenerateSWInterrupt:00000000 $t
     /tmp/cc55R9GG.s:16532  .text.EXTI_GenerateSWInterrupt:00000000 EXTI_GenerateSWInterrupt
     /tmp/cc55R9GG.s:16565  .text.EXTI_GenerateSWInterrupt:00000020 $d
     /tmp/cc55R9GG.s:16570  .text.EXTI_GetFlagStatus:00000000 $t
     /tmp/cc55R9GG.s:16575  .text.EXTI_GetFlagStatus:00000000 EXTI_GetFlagStatus
     /tmp/cc55R9GG.s:16623  .text.EXTI_GetFlagStatus:00000038 $d
     /tmp/cc55R9GG.s:16628  .text.EXTI_ClearFlag:00000000 $t
     /tmp/cc55R9GG.s:16633  .text.EXTI_ClearFlag:00000000 EXTI_ClearFlag
     /tmp/cc55R9GG.s:16663  .text.EXTI_ClearFlag:00000018 $d
     /tmp/cc55R9GG.s:16668  .text.EXTI_GetITStatus:00000000 $t
     /tmp/cc55R9GG.s:16673  .text.EXTI_GetITStatus:00000000 EXTI_GetITStatus
     /tmp/cc55R9GG.s:16734  .text.EXTI_GetITStatus:00000050 $d
     /tmp/cc55R9GG.s:16739  .text.EXTI_ClearITPendingBit:00000000 $t
     /tmp/cc55R9GG.s:16744  .text.EXTI_ClearITPendingBit:00000000 EXTI_ClearITPendingBit
     /tmp/cc55R9GG.s:16774  .text.EXTI_ClearITPendingBit:00000018 $d
                     .debug_frame:00000010 $d

NO UNDEFINED SYMBOLS
