   1              		.syntax unified
   2              		.cpu cortex-m3
   3              		.fpu softvfp
   4              		.eabi_attribute 20, 1
   5              		.eabi_attribute 21, 1
   6              		.eabi_attribute 23, 3
   7              		.eabi_attribute 24, 1
   8              		.eabi_attribute 25, 1
   9              		.eabi_attribute 26, 1
  10              		.eabi_attribute 30, 6
  11              		.eabi_attribute 18, 4
  12              		.thumb
  13              		.file	"stm32f10x_cec.c"
  23              	.Ltext0:
  24              		.file 1 "../StdPeripheralDriver/src/stm32f10x_cec.c"
 17622              		.align	2
 17623              		.global	CEC_DeInit
 17624              		.thumb
 17625              		.thumb_func
 17627              	CEC_DeInit:
 17628              	.LFB29:
   1:../StdPeripheralDriver/src/stm32f10x_cec.c **** /**
   2:../StdPeripheralDriver/src/stm32f10x_cec.c ****   ******************************************************************************
   3:../StdPeripheralDriver/src/stm32f10x_cec.c ****   * @file    stm32f10x_cec.c
   4:../StdPeripheralDriver/src/stm32f10x_cec.c ****   * @author  MCD Application Team
   5:../StdPeripheralDriver/src/stm32f10x_cec.c ****   * @version V3.5.0
   6:../StdPeripheralDriver/src/stm32f10x_cec.c ****   * @date    11-March-2011
   7:../StdPeripheralDriver/src/stm32f10x_cec.c ****   * @brief   This file provides all the CEC firmware functions.
   8:../StdPeripheralDriver/src/stm32f10x_cec.c ****   ******************************************************************************
   9:../StdPeripheralDriver/src/stm32f10x_cec.c ****   * @attention
  10:../StdPeripheralDriver/src/stm32f10x_cec.c ****   *
  11:../StdPeripheralDriver/src/stm32f10x_cec.c ****   * THE PRESENT FIRMWARE WHICH IS FOR GUIDANCE ONLY AIMS AT PROVIDING CUSTOMERS
  12:../StdPeripheralDriver/src/stm32f10x_cec.c ****   * WITH CODING INFORMATION REGARDING THEIR PRODUCTS IN ORDER FOR THEM TO SAVE
  13:../StdPeripheralDriver/src/stm32f10x_cec.c ****   * TIME. AS A RESULT, STMICROELECTRONICS SHALL NOT BE HELD LIABLE FOR ANY
  14:../StdPeripheralDriver/src/stm32f10x_cec.c ****   * DIRECT, INDIRECT OR CONSEQUENTIAL DAMAGES WITH RESPECT TO ANY CLAIMS ARISING
  15:../StdPeripheralDriver/src/stm32f10x_cec.c ****   * FROM THE CONTENT OF SUCH FIRMWARE AND/OR THE USE MADE BY CUSTOMERS OF THE
  16:../StdPeripheralDriver/src/stm32f10x_cec.c ****   * CODING INFORMATION CONTAINED HEREIN IN CONNECTION WITH THEIR PRODUCTS.
  17:../StdPeripheralDriver/src/stm32f10x_cec.c ****   *
  18:../StdPeripheralDriver/src/stm32f10x_cec.c ****   * <h2><center>&copy; COPYRIGHT 2011 STMicroelectronics</center></h2>
  19:../StdPeripheralDriver/src/stm32f10x_cec.c ****   ******************************************************************************
  20:../StdPeripheralDriver/src/stm32f10x_cec.c ****   */
  21:../StdPeripheralDriver/src/stm32f10x_cec.c **** 
  22:../StdPeripheralDriver/src/stm32f10x_cec.c **** /* Includes ------------------------------------------------------------------*/
  23:../StdPeripheralDriver/src/stm32f10x_cec.c **** #include "stm32f10x_cec.h"
  24:../StdPeripheralDriver/src/stm32f10x_cec.c **** #include "stm32f10x_rcc.h"
  25:../StdPeripheralDriver/src/stm32f10x_cec.c **** 
  26:../StdPeripheralDriver/src/stm32f10x_cec.c **** /** @addtogroup STM32F10x_StdPeriph_Driver
  27:../StdPeripheralDriver/src/stm32f10x_cec.c ****   * @{
  28:../StdPeripheralDriver/src/stm32f10x_cec.c ****   */
  29:../StdPeripheralDriver/src/stm32f10x_cec.c **** 
  30:../StdPeripheralDriver/src/stm32f10x_cec.c **** /** @defgroup CEC 
  31:../StdPeripheralDriver/src/stm32f10x_cec.c ****   * @brief CEC driver modules
  32:../StdPeripheralDriver/src/stm32f10x_cec.c ****   * @{
  33:../StdPeripheralDriver/src/stm32f10x_cec.c ****   */
  34:../StdPeripheralDriver/src/stm32f10x_cec.c **** 
  35:../StdPeripheralDriver/src/stm32f10x_cec.c **** /** @defgroup CEC_Private_TypesDefinitions
  36:../StdPeripheralDriver/src/stm32f10x_cec.c ****   * @{
  37:../StdPeripheralDriver/src/stm32f10x_cec.c ****   */
  38:../StdPeripheralDriver/src/stm32f10x_cec.c **** 
  39:../StdPeripheralDriver/src/stm32f10x_cec.c **** /**
  40:../StdPeripheralDriver/src/stm32f10x_cec.c ****   * @}
  41:../StdPeripheralDriver/src/stm32f10x_cec.c ****   */
  42:../StdPeripheralDriver/src/stm32f10x_cec.c **** 
  43:../StdPeripheralDriver/src/stm32f10x_cec.c **** 
  44:../StdPeripheralDriver/src/stm32f10x_cec.c **** /** @defgroup CEC_Private_Defines
  45:../StdPeripheralDriver/src/stm32f10x_cec.c ****   * @{
  46:../StdPeripheralDriver/src/stm32f10x_cec.c ****   */ 
  47:../StdPeripheralDriver/src/stm32f10x_cec.c **** 
  48:../StdPeripheralDriver/src/stm32f10x_cec.c **** /* ------------ CEC registers bit address in the alias region ----------- */
  49:../StdPeripheralDriver/src/stm32f10x_cec.c **** #define CEC_OFFSET                (CEC_BASE - PERIPH_BASE)
  50:../StdPeripheralDriver/src/stm32f10x_cec.c **** 
  51:../StdPeripheralDriver/src/stm32f10x_cec.c **** /* --- CFGR Register ---*/
  52:../StdPeripheralDriver/src/stm32f10x_cec.c **** 
  53:../StdPeripheralDriver/src/stm32f10x_cec.c **** /* Alias word address of PE bit */
  54:../StdPeripheralDriver/src/stm32f10x_cec.c **** #define CFGR_OFFSET                 (CEC_OFFSET + 0x00)
  55:../StdPeripheralDriver/src/stm32f10x_cec.c **** #define PE_BitNumber                0x00
  56:../StdPeripheralDriver/src/stm32f10x_cec.c **** #define CFGR_PE_BB                  (PERIPH_BB_BASE + (CFGR_OFFSET * 32) + (PE_BitNumber * 4))
  57:../StdPeripheralDriver/src/stm32f10x_cec.c **** 
  58:../StdPeripheralDriver/src/stm32f10x_cec.c **** /* Alias word address of IE bit */
  59:../StdPeripheralDriver/src/stm32f10x_cec.c **** #define IE_BitNumber                0x01
  60:../StdPeripheralDriver/src/stm32f10x_cec.c **** #define CFGR_IE_BB                  (PERIPH_BB_BASE + (CFGR_OFFSET * 32) + (IE_BitNumber * 4))
  61:../StdPeripheralDriver/src/stm32f10x_cec.c **** 
  62:../StdPeripheralDriver/src/stm32f10x_cec.c **** /* --- CSR Register ---*/
  63:../StdPeripheralDriver/src/stm32f10x_cec.c **** 
  64:../StdPeripheralDriver/src/stm32f10x_cec.c **** /* Alias word address of TSOM bit */
  65:../StdPeripheralDriver/src/stm32f10x_cec.c **** #define CSR_OFFSET                  (CEC_OFFSET + 0x10)
  66:../StdPeripheralDriver/src/stm32f10x_cec.c **** #define TSOM_BitNumber              0x00
  67:../StdPeripheralDriver/src/stm32f10x_cec.c **** #define CSR_TSOM_BB                 (PERIPH_BB_BASE + (CSR_OFFSET * 32) + (TSOM_BitNumber * 4))
  68:../StdPeripheralDriver/src/stm32f10x_cec.c **** 
  69:../StdPeripheralDriver/src/stm32f10x_cec.c **** /* Alias word address of TEOM bit */
  70:../StdPeripheralDriver/src/stm32f10x_cec.c **** #define TEOM_BitNumber              0x01
  71:../StdPeripheralDriver/src/stm32f10x_cec.c **** #define CSR_TEOM_BB                 (PERIPH_BB_BASE + (CSR_OFFSET * 32) + (TEOM_BitNumber * 4))
  72:../StdPeripheralDriver/src/stm32f10x_cec.c ****   
  73:../StdPeripheralDriver/src/stm32f10x_cec.c **** #define CFGR_CLEAR_Mask            (uint8_t)(0xF3)        /* CFGR register Mask */
  74:../StdPeripheralDriver/src/stm32f10x_cec.c **** #define FLAG_Mask                  ((uint32_t)0x00FFFFFF) /* CEC FLAG mask */
  75:../StdPeripheralDriver/src/stm32f10x_cec.c ****  
  76:../StdPeripheralDriver/src/stm32f10x_cec.c **** /**
  77:../StdPeripheralDriver/src/stm32f10x_cec.c ****   * @}
  78:../StdPeripheralDriver/src/stm32f10x_cec.c ****   */ 
  79:../StdPeripheralDriver/src/stm32f10x_cec.c **** 
  80:../StdPeripheralDriver/src/stm32f10x_cec.c **** 
  81:../StdPeripheralDriver/src/stm32f10x_cec.c **** /** @defgroup CEC_Private_Macros
  82:../StdPeripheralDriver/src/stm32f10x_cec.c ****   * @{
  83:../StdPeripheralDriver/src/stm32f10x_cec.c ****   */ 
  84:../StdPeripheralDriver/src/stm32f10x_cec.c **** 
  85:../StdPeripheralDriver/src/stm32f10x_cec.c **** /**
  86:../StdPeripheralDriver/src/stm32f10x_cec.c ****   * @}
  87:../StdPeripheralDriver/src/stm32f10x_cec.c ****   */ 
  88:../StdPeripheralDriver/src/stm32f10x_cec.c **** 
  89:../StdPeripheralDriver/src/stm32f10x_cec.c **** 
  90:../StdPeripheralDriver/src/stm32f10x_cec.c **** /** @defgroup CEC_Private_Variables
  91:../StdPeripheralDriver/src/stm32f10x_cec.c ****   * @{
  92:../StdPeripheralDriver/src/stm32f10x_cec.c ****   */ 
  93:../StdPeripheralDriver/src/stm32f10x_cec.c **** 
  94:../StdPeripheralDriver/src/stm32f10x_cec.c **** /**
  95:../StdPeripheralDriver/src/stm32f10x_cec.c ****   * @}
  96:../StdPeripheralDriver/src/stm32f10x_cec.c ****   */ 
  97:../StdPeripheralDriver/src/stm32f10x_cec.c **** 
  98:../StdPeripheralDriver/src/stm32f10x_cec.c **** 
  99:../StdPeripheralDriver/src/stm32f10x_cec.c **** /** @defgroup CEC_Private_FunctionPrototypes
 100:../StdPeripheralDriver/src/stm32f10x_cec.c ****   * @{
 101:../StdPeripheralDriver/src/stm32f10x_cec.c ****   */
 102:../StdPeripheralDriver/src/stm32f10x_cec.c ****  
 103:../StdPeripheralDriver/src/stm32f10x_cec.c **** /**
 104:../StdPeripheralDriver/src/stm32f10x_cec.c ****   * @}
 105:../StdPeripheralDriver/src/stm32f10x_cec.c ****   */ 
 106:../StdPeripheralDriver/src/stm32f10x_cec.c **** 
 107:../StdPeripheralDriver/src/stm32f10x_cec.c **** 
 108:../StdPeripheralDriver/src/stm32f10x_cec.c **** /** @defgroup CEC_Private_Functions
 109:../StdPeripheralDriver/src/stm32f10x_cec.c ****   * @{
 110:../StdPeripheralDriver/src/stm32f10x_cec.c ****   */ 
 111:../StdPeripheralDriver/src/stm32f10x_cec.c **** 
 112:../StdPeripheralDriver/src/stm32f10x_cec.c **** /**
 113:../StdPeripheralDriver/src/stm32f10x_cec.c ****   * @brief  Deinitializes the CEC peripheral registers to their default reset 
 114:../StdPeripheralDriver/src/stm32f10x_cec.c ****   *         values.
 115:../StdPeripheralDriver/src/stm32f10x_cec.c ****   * @param  None
 116:../StdPeripheralDriver/src/stm32f10x_cec.c ****   * @retval None
 117:../StdPeripheralDriver/src/stm32f10x_cec.c ****   */
 118:../StdPeripheralDriver/src/stm32f10x_cec.c **** void CEC_DeInit(void)
 119:../StdPeripheralDriver/src/stm32f10x_cec.c **** {
 17629              		.loc 1 119 0
 17630              		.cfi_startproc
 17631              		@ args = 0, pretend = 0, frame = 0
 17632              		@ frame_needed = 1, uses_anonymous_args = 0
 17633 0000 80B5     		push	{r7, lr}
 17634              	.LCFI0:
 17635              		.cfi_def_cfa_offset 8
 17636 0002 00AF     		add	r7, sp, #0
 17637              		.cfi_offset 14, -4
 17638              		.cfi_offset 7, -8
 17639              	.LCFI1:
 17640              		.cfi_def_cfa_register 7
 120:../StdPeripheralDriver/src/stm32f10x_cec.c ****   /* Enable CEC reset state */
 121:../StdPeripheralDriver/src/stm32f10x_cec.c ****   RCC_APB1PeriphResetCmd(RCC_APB1Periph_CEC, ENABLE);  
 17641              		.loc 1 121 0
 17642 0004 4FF08040 		mov	r0, #1073741824
 17643 0008 4FF00101 		mov	r1, #1
 17644 000c FFF7FEFF 		bl	RCC_APB1PeriphResetCmd
 122:../StdPeripheralDriver/src/stm32f10x_cec.c ****   /* Release CEC from reset state */
 123:../StdPeripheralDriver/src/stm32f10x_cec.c ****   RCC_APB1PeriphResetCmd(RCC_APB1Periph_CEC, DISABLE); 
 17645              		.loc 1 123 0
 17646 0010 4FF08040 		mov	r0, #1073741824
 17647 0014 4FF00001 		mov	r1, #0
 17648 0018 FFF7FEFF 		bl	RCC_APB1PeriphResetCmd
 124:../StdPeripheralDriver/src/stm32f10x_cec.c **** }
 17649              		.loc 1 124 0
 17650 001c 80BD     		pop	{r7, pc}
 17651              		.cfi_endproc
 17652              	.LFE29:
 17654 001e 00BF     		.section	.text.CEC_Init,"ax",%progbits
 17655              		.align	2
 17656              		.global	CEC_Init
 17657              		.thumb
 17658              		.thumb_func
 17660              	CEC_Init:
 17661              	.LFB30:
 125:../StdPeripheralDriver/src/stm32f10x_cec.c **** 
 126:../StdPeripheralDriver/src/stm32f10x_cec.c **** 
 127:../StdPeripheralDriver/src/stm32f10x_cec.c **** /**
 128:../StdPeripheralDriver/src/stm32f10x_cec.c ****   * @brief  Initializes the CEC peripheral according to the specified 
 129:../StdPeripheralDriver/src/stm32f10x_cec.c ****   *         parameters in the CEC_InitStruct.
 130:../StdPeripheralDriver/src/stm32f10x_cec.c ****   * @param  CEC_InitStruct: pointer to an CEC_InitTypeDef structure that
 131:../StdPeripheralDriver/src/stm32f10x_cec.c ****   *         contains the configuration information for the specified
 132:../StdPeripheralDriver/src/stm32f10x_cec.c ****   *         CEC peripheral.
 133:../StdPeripheralDriver/src/stm32f10x_cec.c ****   * @retval None
 134:../StdPeripheralDriver/src/stm32f10x_cec.c ****   */
 135:../StdPeripheralDriver/src/stm32f10x_cec.c **** void CEC_Init(CEC_InitTypeDef* CEC_InitStruct)
 136:../StdPeripheralDriver/src/stm32f10x_cec.c **** {
 17662              		.loc 1 136 0
 17663              		.cfi_startproc
 17664              		@ args = 0, pretend = 0, frame = 16
 17665              		@ frame_needed = 1, uses_anonymous_args = 0
 17666              		@ link register save eliminated.
 17667 0000 80B4     		push	{r7}
 17668              	.LCFI2:
 17669              		.cfi_def_cfa_offset 4
 17670 0002 85B0     		sub	sp, sp, #20
 17671              	.LCFI3:
 17672              		.cfi_def_cfa_offset 24
 17673 0004 00AF     		add	r7, sp, #0
 17674              		.cfi_offset 7, -4
 17675              	.LCFI4:
 17676              		.cfi_def_cfa_register 7
 17677 0006 7860     		str	r0, [r7, #4]
 137:../StdPeripheralDriver/src/stm32f10x_cec.c ****   uint16_t tmpreg = 0;
 17678              		.loc 1 137 0
 17679 0008 4FF00003 		mov	r3, #0
 17680 000c FB81     		strh	r3, [r7, #14]	@ movhi
 138:../StdPeripheralDriver/src/stm32f10x_cec.c ****  
 139:../StdPeripheralDriver/src/stm32f10x_cec.c ****   /* Check the parameters */
 140:../StdPeripheralDriver/src/stm32f10x_cec.c ****   assert_param(IS_CEC_BIT_TIMING_ERROR_MODE(CEC_InitStruct->CEC_BitTimingMode)); 
 141:../StdPeripheralDriver/src/stm32f10x_cec.c ****   assert_param(IS_CEC_BIT_PERIOD_ERROR_MODE(CEC_InitStruct->CEC_BitPeriodMode));
 142:../StdPeripheralDriver/src/stm32f10x_cec.c ****      
 143:../StdPeripheralDriver/src/stm32f10x_cec.c ****   /*---------------------------- CEC CFGR Configuration -----------------*/
 144:../StdPeripheralDriver/src/stm32f10x_cec.c ****   /* Get the CEC CFGR value */
 145:../StdPeripheralDriver/src/stm32f10x_cec.c ****   tmpreg = CEC->CFGR;
 17681              		.loc 1 145 0
 17682 000e 0D4B     		ldr	r3, .L3
 17683 0010 1B68     		ldr	r3, [r3, #0]
 17684 0012 FB81     		strh	r3, [r7, #14]	@ movhi
 146:../StdPeripheralDriver/src/stm32f10x_cec.c ****   
 147:../StdPeripheralDriver/src/stm32f10x_cec.c ****   /* Clear BTEM and BPEM bits */
 148:../StdPeripheralDriver/src/stm32f10x_cec.c ****   tmpreg &= CFGR_CLEAR_Mask;
 17685              		.loc 1 148 0
 17686 0014 FB89     		ldrh	r3, [r7, #14]	@ movhi
 17687 0016 03F0F303 		and	r3, r3, #243
 17688 001a FB81     		strh	r3, [r7, #14]	@ movhi
 149:../StdPeripheralDriver/src/stm32f10x_cec.c ****   
 150:../StdPeripheralDriver/src/stm32f10x_cec.c ****   /* Configure CEC: Bit Timing Error and Bit Period Error */
 151:../StdPeripheralDriver/src/stm32f10x_cec.c ****   tmpreg |= (uint16_t)(CEC_InitStruct->CEC_BitTimingMode | CEC_InitStruct->CEC_BitPeriodMode);
 17689              		.loc 1 151 0
 17690 001c 7B68     		ldr	r3, [r7, #4]
 17691 001e 1A88     		ldrh	r2, [r3, #0]
 17692 0020 7B68     		ldr	r3, [r7, #4]
 17693 0022 5B88     		ldrh	r3, [r3, #2]
 17694 0024 42EA0303 		orr	r3, r2, r3
 17695 0028 9AB2     		uxth	r2, r3
 17696 002a FB89     		ldrh	r3, [r7, #14]	@ movhi
 17697 002c 42EA0303 		orr	r3, r2, r3
 17698 0030 FB81     		strh	r3, [r7, #14]	@ movhi
 152:../StdPeripheralDriver/src/stm32f10x_cec.c **** 
 153:../StdPeripheralDriver/src/stm32f10x_cec.c ****   /* Write to CEC CFGR  register*/
 154:../StdPeripheralDriver/src/stm32f10x_cec.c ****   CEC->CFGR = tmpreg;
 17699              		.loc 1 154 0
 17700 0032 044B     		ldr	r3, .L3
 17701 0034 FA89     		ldrh	r2, [r7, #14]
 17702 0036 1A60     		str	r2, [r3, #0]
 155:../StdPeripheralDriver/src/stm32f10x_cec.c ****   
 156:../StdPeripheralDriver/src/stm32f10x_cec.c **** }
 17703              		.loc 1 156 0
 17704 0038 07F11407 		add	r7, r7, #20
 17705 003c BD46     		mov	sp, r7
 17706 003e 80BC     		pop	{r7}
 17707 0040 7047     		bx	lr
 17708              	.L4:
 17709 0042 00BF     		.align	2
 17710              	.L3:
 17711 0044 00780040 		.word	1073772544
 17712              		.cfi_endproc
 17713              	.LFE30:
 17715              		.section	.text.CEC_Cmd,"ax",%progbits
 17716              		.align	2
 17717              		.global	CEC_Cmd
 17718              		.thumb
 17719              		.thumb_func
 17721              	CEC_Cmd:
 17722              	.LFB31:
 157:../StdPeripheralDriver/src/stm32f10x_cec.c **** 
 158:../StdPeripheralDriver/src/stm32f10x_cec.c **** /**
 159:../StdPeripheralDriver/src/stm32f10x_cec.c ****   * @brief  Enables or disables the specified CEC peripheral.
 160:../StdPeripheralDriver/src/stm32f10x_cec.c ****   * @param  NewState: new state of the CEC peripheral. 
 161:../StdPeripheralDriver/src/stm32f10x_cec.c ****   *     This parameter can be: ENABLE or DISABLE.
 162:../StdPeripheralDriver/src/stm32f10x_cec.c ****   * @retval None
 163:../StdPeripheralDriver/src/stm32f10x_cec.c ****   */
 164:../StdPeripheralDriver/src/stm32f10x_cec.c **** void CEC_Cmd(FunctionalState NewState)
 165:../StdPeripheralDriver/src/stm32f10x_cec.c **** {
 17723              		.loc 1 165 0
 17724              		.cfi_startproc
 17725              		@ args = 0, pretend = 0, frame = 8
 17726              		@ frame_needed = 1, uses_anonymous_args = 0
 17727              		@ link register save eliminated.
 17728 0000 80B4     		push	{r7}
 17729              	.LCFI5:
 17730              		.cfi_def_cfa_offset 4
 17731 0002 83B0     		sub	sp, sp, #12
 17732              	.LCFI6:
 17733              		.cfi_def_cfa_offset 16
 17734 0004 00AF     		add	r7, sp, #0
 17735              		.cfi_offset 7, -4
 17736              	.LCFI7:
 17737              		.cfi_def_cfa_register 7
 17738 0006 0346     		mov	r3, r0
 17739 0008 FB71     		strb	r3, [r7, #7]
 166:../StdPeripheralDriver/src/stm32f10x_cec.c ****   /* Check the parameters */
 167:../StdPeripheralDriver/src/stm32f10x_cec.c ****   assert_param(IS_FUNCTIONAL_STATE(NewState));
 168:../StdPeripheralDriver/src/stm32f10x_cec.c **** 
 169:../StdPeripheralDriver/src/stm32f10x_cec.c ****   *(__IO uint32_t *) CFGR_PE_BB = (uint32_t)NewState;
 17740              		.loc 1 169 0
 17741 000a 094B     		ldr	r3, .L8
 17742 000c FA79     		ldrb	r2, [r7, #7]	@ zero_extendqisi2
 17743 000e 1A60     		str	r2, [r3, #0]
 170:../StdPeripheralDriver/src/stm32f10x_cec.c **** 
 171:../StdPeripheralDriver/src/stm32f10x_cec.c ****   if(NewState == DISABLE)
 17744              		.loc 1 171 0
 17745 0010 FB79     		ldrb	r3, [r7, #7]	@ zero_extendqisi2
 17746 0012 002B     		cmp	r3, #0
 17747 0014 07D1     		bne	.L5
 172:../StdPeripheralDriver/src/stm32f10x_cec.c ****   {
 173:../StdPeripheralDriver/src/stm32f10x_cec.c ****     /* Wait until the PE bit is cleared by hardware (Idle Line detected) */
 174:../StdPeripheralDriver/src/stm32f10x_cec.c ****     while((CEC->CFGR & CEC_CFGR_PE) != (uint32_t)RESET)
 17748              		.loc 1 174 0
 17749 0016 00BF     		nop
 17750              	.L7:
 17751              		.loc 1 174 0 is_stmt 0 discriminator 1
 17752 0018 064B     		ldr	r3, .L8+4
 17753 001a 1B68     		ldr	r3, [r3, #0]
 17754 001c 03F00103 		and	r3, r3, #1
 17755 0020 DBB2     		uxtb	r3, r3
 17756 0022 002B     		cmp	r3, #0
 17757 0024 F8D1     		bne	.L7
 17758              	.L5:
 175:../StdPeripheralDriver/src/stm32f10x_cec.c ****     {
 176:../StdPeripheralDriver/src/stm32f10x_cec.c ****     }  
 177:../StdPeripheralDriver/src/stm32f10x_cec.c ****   }  
 178:../StdPeripheralDriver/src/stm32f10x_cec.c **** }
 17759              		.loc 1 178 0 is_stmt 1
 17760 0026 07F10C07 		add	r7, r7, #12
 17761 002a BD46     		mov	sp, r7
 17762 002c 80BC     		pop	{r7}
 17763 002e 7047     		bx	lr
 17764              	.L9:
 17765              		.align	2
 17766              	.L8:
 17767 0030 00000F42 		.word	1108279296
 17768 0034 00780040 		.word	1073772544
 17769              		.cfi_endproc
 17770              	.LFE31:
 17772              		.section	.text.CEC_ITConfig,"ax",%progbits
 17773              		.align	2
 17774              		.global	CEC_ITConfig
 17775              		.thumb
 17776              		.thumb_func
 17778              	CEC_ITConfig:
 17779              	.LFB32:
 179:../StdPeripheralDriver/src/stm32f10x_cec.c **** 
 180:../StdPeripheralDriver/src/stm32f10x_cec.c **** /**
 181:../StdPeripheralDriver/src/stm32f10x_cec.c ****   * @brief  Enables or disables the CEC interrupt.
 182:../StdPeripheralDriver/src/stm32f10x_cec.c ****   * @param  NewState: new state of the CEC interrupt.
 183:../StdPeripheralDriver/src/stm32f10x_cec.c ****   *   This parameter can be: ENABLE or DISABLE.
 184:../StdPeripheralDriver/src/stm32f10x_cec.c ****   * @retval None
 185:../StdPeripheralDriver/src/stm32f10x_cec.c ****   */
 186:../StdPeripheralDriver/src/stm32f10x_cec.c **** void CEC_ITConfig(FunctionalState NewState)
 187:../StdPeripheralDriver/src/stm32f10x_cec.c **** {
 17780              		.loc 1 187 0
 17781              		.cfi_startproc
 17782              		@ args = 0, pretend = 0, frame = 8
 17783              		@ frame_needed = 1, uses_anonymous_args = 0
 17784              		@ link register save eliminated.
 17785 0000 80B4     		push	{r7}
 17786              	.LCFI8:
 17787              		.cfi_def_cfa_offset 4
 17788 0002 83B0     		sub	sp, sp, #12
 17789              	.LCFI9:
 17790              		.cfi_def_cfa_offset 16
 17791 0004 00AF     		add	r7, sp, #0
 17792              		.cfi_offset 7, -4
 17793              	.LCFI10:
 17794              		.cfi_def_cfa_register 7
 17795 0006 0346     		mov	r3, r0
 17796 0008 FB71     		strb	r3, [r7, #7]
 188:../StdPeripheralDriver/src/stm32f10x_cec.c ****   /* Check the parameters */
 189:../StdPeripheralDriver/src/stm32f10x_cec.c ****   assert_param(IS_FUNCTIONAL_STATE(NewState));
 190:../StdPeripheralDriver/src/stm32f10x_cec.c **** 
 191:../StdPeripheralDriver/src/stm32f10x_cec.c ****   *(__IO uint32_t *) CFGR_IE_BB = (uint32_t)NewState;
 17797              		.loc 1 191 0
 17798 000a 044B     		ldr	r3, .L11
 17799 000c FA79     		ldrb	r2, [r7, #7]	@ zero_extendqisi2
 17800 000e 1A60     		str	r2, [r3, #0]
 192:../StdPeripheralDriver/src/stm32f10x_cec.c **** }
 17801              		.loc 1 192 0
 17802 0010 07F10C07 		add	r7, r7, #12
 17803 0014 BD46     		mov	sp, r7
 17804 0016 80BC     		pop	{r7}
 17805 0018 7047     		bx	lr
 17806              	.L12:
 17807 001a 00BF     		.align	2
 17808              	.L11:
 17809 001c 04000F42 		.word	1108279300
 17810              		.cfi_endproc
 17811              	.LFE32:
 17813              		.section	.text.CEC_OwnAddressConfig,"ax",%progbits
 17814              		.align	2
 17815              		.global	CEC_OwnAddressConfig
 17816              		.thumb
 17817              		.thumb_func
 17819              	CEC_OwnAddressConfig:
 17820              	.LFB33:
 193:../StdPeripheralDriver/src/stm32f10x_cec.c **** 
 194:../StdPeripheralDriver/src/stm32f10x_cec.c **** /**
 195:../StdPeripheralDriver/src/stm32f10x_cec.c ****   * @brief  Defines the Own Address of the CEC device.
 196:../StdPeripheralDriver/src/stm32f10x_cec.c ****   * @param  CEC_OwnAddress: The CEC own address
 197:../StdPeripheralDriver/src/stm32f10x_cec.c ****   * @retval None
 198:../StdPeripheralDriver/src/stm32f10x_cec.c ****   */
 199:../StdPeripheralDriver/src/stm32f10x_cec.c **** void CEC_OwnAddressConfig(uint8_t CEC_OwnAddress)
 200:../StdPeripheralDriver/src/stm32f10x_cec.c **** {
 17821              		.loc 1 200 0
 17822              		.cfi_startproc
 17823              		@ args = 0, pretend = 0, frame = 8
 17824              		@ frame_needed = 1, uses_anonymous_args = 0
 17825              		@ link register save eliminated.
 17826 0000 80B4     		push	{r7}
 17827              	.LCFI11:
 17828              		.cfi_def_cfa_offset 4
 17829 0002 83B0     		sub	sp, sp, #12
 17830              	.LCFI12:
 17831              		.cfi_def_cfa_offset 16
 17832 0004 00AF     		add	r7, sp, #0
 17833              		.cfi_offset 7, -4
 17834              	.LCFI13:
 17835              		.cfi_def_cfa_register 7
 17836 0006 0346     		mov	r3, r0
 17837 0008 FB71     		strb	r3, [r7, #7]
 201:../StdPeripheralDriver/src/stm32f10x_cec.c ****   /* Check the parameters */
 202:../StdPeripheralDriver/src/stm32f10x_cec.c ****   assert_param(IS_CEC_ADDRESS(CEC_OwnAddress));
 203:../StdPeripheralDriver/src/stm32f10x_cec.c **** 
 204:../StdPeripheralDriver/src/stm32f10x_cec.c ****   /* Set the CEC own address */
 205:../StdPeripheralDriver/src/stm32f10x_cec.c ****   CEC->OAR = CEC_OwnAddress;
 17838              		.loc 1 205 0
 17839 000a 044B     		ldr	r3, .L14
 17840 000c FA79     		ldrb	r2, [r7, #7]	@ zero_extendqisi2
 17841 000e 5A60     		str	r2, [r3, #4]
 206:../StdPeripheralDriver/src/stm32f10x_cec.c **** }
 17842              		.loc 1 206 0
 17843 0010 07F10C07 		add	r7, r7, #12
 17844 0014 BD46     		mov	sp, r7
 17845 0016 80BC     		pop	{r7}
 17846 0018 7047     		bx	lr
 17847              	.L15:
 17848 001a 00BF     		.align	2
 17849              	.L14:
 17850 001c 00780040 		.word	1073772544
 17851              		.cfi_endproc
 17852              	.LFE33:
 17854              		.section	.text.CEC_SetPrescaler,"ax",%progbits
 17855              		.align	2
 17856              		.global	CEC_SetPrescaler
 17857              		.thumb
 17858              		.thumb_func
 17860              	CEC_SetPrescaler:
 17861              	.LFB34:
 207:../StdPeripheralDriver/src/stm32f10x_cec.c **** 
 208:../StdPeripheralDriver/src/stm32f10x_cec.c **** /**
 209:../StdPeripheralDriver/src/stm32f10x_cec.c ****   * @brief  Sets the CEC prescaler value.
 210:../StdPeripheralDriver/src/stm32f10x_cec.c ****   * @param  CEC_Prescaler: CEC prescaler new value
 211:../StdPeripheralDriver/src/stm32f10x_cec.c ****   * @retval None
 212:../StdPeripheralDriver/src/stm32f10x_cec.c ****   */
 213:../StdPeripheralDriver/src/stm32f10x_cec.c **** void CEC_SetPrescaler(uint16_t CEC_Prescaler)
 214:../StdPeripheralDriver/src/stm32f10x_cec.c **** {
 17862              		.loc 1 214 0
 17863              		.cfi_startproc
 17864              		@ args = 0, pretend = 0, frame = 8
 17865              		@ frame_needed = 1, uses_anonymous_args = 0
 17866              		@ link register save eliminated.
 17867 0000 80B4     		push	{r7}
 17868              	.LCFI14:
 17869              		.cfi_def_cfa_offset 4
 17870 0002 83B0     		sub	sp, sp, #12
 17871              	.LCFI15:
 17872              		.cfi_def_cfa_offset 16
 17873 0004 00AF     		add	r7, sp, #0
 17874              		.cfi_offset 7, -4
 17875              	.LCFI16:
 17876              		.cfi_def_cfa_register 7
 17877 0006 0346     		mov	r3, r0
 17878 0008 FB80     		strh	r3, [r7, #6]	@ movhi
 215:../StdPeripheralDriver/src/stm32f10x_cec.c ****   /* Check the parameters */
 216:../StdPeripheralDriver/src/stm32f10x_cec.c ****   assert_param(IS_CEC_PRESCALER(CEC_Prescaler));
 217:../StdPeripheralDriver/src/stm32f10x_cec.c **** 
 218:../StdPeripheralDriver/src/stm32f10x_cec.c ****   /* Set the  Prescaler value*/
 219:../StdPeripheralDriver/src/stm32f10x_cec.c ****   CEC->PRES = CEC_Prescaler;
 17879              		.loc 1 219 0
 17880 000a 044B     		ldr	r3, .L17
 17881 000c FA88     		ldrh	r2, [r7, #6]
 17882 000e 9A60     		str	r2, [r3, #8]
 220:../StdPeripheralDriver/src/stm32f10x_cec.c **** }
 17883              		.loc 1 220 0
 17884 0010 07F10C07 		add	r7, r7, #12
 17885 0014 BD46     		mov	sp, r7
 17886 0016 80BC     		pop	{r7}
 17887 0018 7047     		bx	lr
 17888              	.L18:
 17889 001a 00BF     		.align	2
 17890              	.L17:
 17891 001c 00780040 		.word	1073772544
 17892              		.cfi_endproc
 17893              	.LFE34:
 17895              		.section	.text.CEC_SendDataByte,"ax",%progbits
 17896              		.align	2
 17897              		.global	CEC_SendDataByte
 17898              		.thumb
 17899              		.thumb_func
 17901              	CEC_SendDataByte:
 17902              	.LFB35:
 221:../StdPeripheralDriver/src/stm32f10x_cec.c **** 
 222:../StdPeripheralDriver/src/stm32f10x_cec.c **** /**
 223:../StdPeripheralDriver/src/stm32f10x_cec.c ****   * @brief  Transmits single data through the CEC peripheral.
 224:../StdPeripheralDriver/src/stm32f10x_cec.c ****   * @param  Data: the data to transmit.
 225:../StdPeripheralDriver/src/stm32f10x_cec.c ****   * @retval None
 226:../StdPeripheralDriver/src/stm32f10x_cec.c ****   */
 227:../StdPeripheralDriver/src/stm32f10x_cec.c **** void CEC_SendDataByte(uint8_t Data)
 228:../StdPeripheralDriver/src/stm32f10x_cec.c **** {  
 17903              		.loc 1 228 0
 17904              		.cfi_startproc
 17905              		@ args = 0, pretend = 0, frame = 8
 17906              		@ frame_needed = 1, uses_anonymous_args = 0
 17907              		@ link register save eliminated.
 17908 0000 80B4     		push	{r7}
 17909              	.LCFI17:
 17910              		.cfi_def_cfa_offset 4
 17911 0002 83B0     		sub	sp, sp, #12
 17912              	.LCFI18:
 17913              		.cfi_def_cfa_offset 16
 17914 0004 00AF     		add	r7, sp, #0
 17915              		.cfi_offset 7, -4
 17916              	.LCFI19:
 17917              		.cfi_def_cfa_register 7
 17918 0006 0346     		mov	r3, r0
 17919 0008 FB71     		strb	r3, [r7, #7]
 229:../StdPeripheralDriver/src/stm32f10x_cec.c ****   /* Transmit Data */
 230:../StdPeripheralDriver/src/stm32f10x_cec.c ****   CEC->TXD = Data ;
 17920              		.loc 1 230 0
 17921 000a 044B     		ldr	r3, .L20
 17922 000c FA79     		ldrb	r2, [r7, #7]	@ zero_extendqisi2
 17923 000e 5A61     		str	r2, [r3, #20]
 231:../StdPeripheralDriver/src/stm32f10x_cec.c **** }
 17924              		.loc 1 231 0
 17925 0010 07F10C07 		add	r7, r7, #12
 17926 0014 BD46     		mov	sp, r7
 17927 0016 80BC     		pop	{r7}
 17928 0018 7047     		bx	lr
 17929              	.L21:
 17930 001a 00BF     		.align	2
 17931              	.L20:
 17932 001c 00780040 		.word	1073772544
 17933              		.cfi_endproc
 17934              	.LFE35:
 17936              		.section	.text.CEC_ReceiveDataByte,"ax",%progbits
 17937              		.align	2
 17938              		.global	CEC_ReceiveDataByte
 17939              		.thumb
 17940              		.thumb_func
 17942              	CEC_ReceiveDataByte:
 17943              	.LFB36:
 232:../StdPeripheralDriver/src/stm32f10x_cec.c **** 
 233:../StdPeripheralDriver/src/stm32f10x_cec.c **** 
 234:../StdPeripheralDriver/src/stm32f10x_cec.c **** /**
 235:../StdPeripheralDriver/src/stm32f10x_cec.c ****   * @brief  Returns the most recent received data by the CEC peripheral.
 236:../StdPeripheralDriver/src/stm32f10x_cec.c ****   * @param  None
 237:../StdPeripheralDriver/src/stm32f10x_cec.c ****   * @retval The received data.
 238:../StdPeripheralDriver/src/stm32f10x_cec.c ****   */
 239:../StdPeripheralDriver/src/stm32f10x_cec.c **** uint8_t CEC_ReceiveDataByte(void)
 240:../StdPeripheralDriver/src/stm32f10x_cec.c **** {
 17944              		.loc 1 240 0
 17945              		.cfi_startproc
 17946              		@ args = 0, pretend = 0, frame = 0
 17947              		@ frame_needed = 1, uses_anonymous_args = 0
 17948              		@ link register save eliminated.
 17949 0000 80B4     		push	{r7}
 17950              	.LCFI20:
 17951              		.cfi_def_cfa_offset 4
 17952 0002 00AF     		add	r7, sp, #0
 17953              		.cfi_offset 7, -4
 17954              	.LCFI21:
 17955              		.cfi_def_cfa_register 7
 241:../StdPeripheralDriver/src/stm32f10x_cec.c ****   /* Receive Data */
 242:../StdPeripheralDriver/src/stm32f10x_cec.c ****   return (uint8_t)(CEC->RXD);
 17956              		.loc 1 242 0
 17957 0004 034B     		ldr	r3, .L23
 17958 0006 9B69     		ldr	r3, [r3, #24]
 17959 0008 DBB2     		uxtb	r3, r3
 243:../StdPeripheralDriver/src/stm32f10x_cec.c **** }
 17960              		.loc 1 243 0
 17961 000a 1846     		mov	r0, r3
 17962 000c BD46     		mov	sp, r7
 17963 000e 80BC     		pop	{r7}
 17964 0010 7047     		bx	lr
 17965              	.L24:
 17966 0012 00BF     		.align	2
 17967              	.L23:
 17968 0014 00780040 		.word	1073772544
 17969              		.cfi_endproc
 17970              	.LFE36:
 17972              		.section	.text.CEC_StartOfMessage,"ax",%progbits
 17973              		.align	2
 17974              		.global	CEC_StartOfMessage
 17975              		.thumb
 17976              		.thumb_func
 17978              	CEC_StartOfMessage:
 17979              	.LFB37:
 244:../StdPeripheralDriver/src/stm32f10x_cec.c **** 
 245:../StdPeripheralDriver/src/stm32f10x_cec.c **** /**
 246:../StdPeripheralDriver/src/stm32f10x_cec.c ****   * @brief  Starts a new message.
 247:../StdPeripheralDriver/src/stm32f10x_cec.c ****   * @param  None
 248:../StdPeripheralDriver/src/stm32f10x_cec.c ****   * @retval None
 249:../StdPeripheralDriver/src/stm32f10x_cec.c ****   */
 250:../StdPeripheralDriver/src/stm32f10x_cec.c **** void CEC_StartOfMessage(void)
 251:../StdPeripheralDriver/src/stm32f10x_cec.c **** {  
 17980              		.loc 1 251 0
 17981              		.cfi_startproc
 17982              		@ args = 0, pretend = 0, frame = 0
 17983              		@ frame_needed = 1, uses_anonymous_args = 0
 17984              		@ link register save eliminated.
 17985 0000 80B4     		push	{r7}
 17986              	.LCFI22:
 17987              		.cfi_def_cfa_offset 4
 17988 0002 00AF     		add	r7, sp, #0
 17989              		.cfi_offset 7, -4
 17990              	.LCFI23:
 17991              		.cfi_def_cfa_register 7
 252:../StdPeripheralDriver/src/stm32f10x_cec.c ****   /* Starts of new message */
 253:../StdPeripheralDriver/src/stm32f10x_cec.c ****   *(__IO uint32_t *) CSR_TSOM_BB = (uint32_t)0x1;
 17992              		.loc 1 253 0
 17993 0004 034B     		ldr	r3, .L26
 17994 0006 4FF00102 		mov	r2, #1
 17995 000a 1A60     		str	r2, [r3, #0]
 254:../StdPeripheralDriver/src/stm32f10x_cec.c **** }
 17996              		.loc 1 254 0
 17997 000c BD46     		mov	sp, r7
 17998 000e 80BC     		pop	{r7}
 17999 0010 7047     		bx	lr
 18000              	.L27:
 18001 0012 00BF     		.align	2
 18002              	.L26:
 18003 0014 00020F42 		.word	1108279808
 18004              		.cfi_endproc
 18005              	.LFE37:
 18007              		.section	.text.CEC_EndOfMessageCmd,"ax",%progbits
 18008              		.align	2
 18009              		.global	CEC_EndOfMessageCmd
 18010              		.thumb
 18011              		.thumb_func
 18013              	CEC_EndOfMessageCmd:
 18014              	.LFB38:
 255:../StdPeripheralDriver/src/stm32f10x_cec.c **** 
 256:../StdPeripheralDriver/src/stm32f10x_cec.c **** /**
 257:../StdPeripheralDriver/src/stm32f10x_cec.c ****   * @brief  Transmits message with or without an EOM bit.
 258:../StdPeripheralDriver/src/stm32f10x_cec.c ****   * @param  NewState: new state of the CEC Tx End Of Message. 
 259:../StdPeripheralDriver/src/stm32f10x_cec.c ****   *     This parameter can be: ENABLE or DISABLE.
 260:../StdPeripheralDriver/src/stm32f10x_cec.c ****   * @retval None
 261:../StdPeripheralDriver/src/stm32f10x_cec.c ****   */
 262:../StdPeripheralDriver/src/stm32f10x_cec.c **** void CEC_EndOfMessageCmd(FunctionalState NewState)
 263:../StdPeripheralDriver/src/stm32f10x_cec.c **** {   
 18015              		.loc 1 263 0
 18016              		.cfi_startproc
 18017              		@ args = 0, pretend = 0, frame = 8
 18018              		@ frame_needed = 1, uses_anonymous_args = 0
 18019              		@ link register save eliminated.
 18020 0000 80B4     		push	{r7}
 18021              	.LCFI24:
 18022              		.cfi_def_cfa_offset 4
 18023 0002 83B0     		sub	sp, sp, #12
 18024              	.LCFI25:
 18025              		.cfi_def_cfa_offset 16
 18026 0004 00AF     		add	r7, sp, #0
 18027              		.cfi_offset 7, -4
 18028              	.LCFI26:
 18029              		.cfi_def_cfa_register 7
 18030 0006 0346     		mov	r3, r0
 18031 0008 FB71     		strb	r3, [r7, #7]
 264:../StdPeripheralDriver/src/stm32f10x_cec.c ****   /* Check the parameters */
 265:../StdPeripheralDriver/src/stm32f10x_cec.c ****   assert_param(IS_FUNCTIONAL_STATE(NewState));
 266:../StdPeripheralDriver/src/stm32f10x_cec.c ****   
 267:../StdPeripheralDriver/src/stm32f10x_cec.c ****   /* The data byte will be transmitted with or without an EOM bit*/
 268:../StdPeripheralDriver/src/stm32f10x_cec.c ****   *(__IO uint32_t *) CSR_TEOM_BB = (uint32_t)NewState;
 18032              		.loc 1 268 0
 18033 000a 044B     		ldr	r3, .L29
 18034 000c FA79     		ldrb	r2, [r7, #7]	@ zero_extendqisi2
 18035 000e 1A60     		str	r2, [r3, #0]
 269:../StdPeripheralDriver/src/stm32f10x_cec.c **** }
 18036              		.loc 1 269 0
 18037 0010 07F10C07 		add	r7, r7, #12
 18038 0014 BD46     		mov	sp, r7
 18039 0016 80BC     		pop	{r7}
 18040 0018 7047     		bx	lr
 18041              	.L30:
 18042 001a 00BF     		.align	2
 18043              	.L29:
 18044 001c 04020F42 		.word	1108279812
 18045              		.cfi_endproc
 18046              	.LFE38:
 18048              		.section	.text.CEC_GetFlagStatus,"ax",%progbits
 18049              		.align	2
 18050              		.global	CEC_GetFlagStatus
 18051              		.thumb
 18052              		.thumb_func
 18054              	CEC_GetFlagStatus:
 18055              	.LFB39:
 270:../StdPeripheralDriver/src/stm32f10x_cec.c **** 
 271:../StdPeripheralDriver/src/stm32f10x_cec.c **** /**
 272:../StdPeripheralDriver/src/stm32f10x_cec.c ****   * @brief  Gets the CEC flag status
 273:../StdPeripheralDriver/src/stm32f10x_cec.c ****   * @param  CEC_FLAG: specifies the CEC flag to check. 
 274:../StdPeripheralDriver/src/stm32f10x_cec.c ****   *   This parameter can be one of the following values:
 275:../StdPeripheralDriver/src/stm32f10x_cec.c ****   *     @arg CEC_FLAG_BTE: Bit Timing Error
 276:../StdPeripheralDriver/src/stm32f10x_cec.c ****   *     @arg CEC_FLAG_BPE: Bit Period Error
 277:../StdPeripheralDriver/src/stm32f10x_cec.c ****   *     @arg CEC_FLAG_RBTFE: Rx Block Transfer Finished Error
 278:../StdPeripheralDriver/src/stm32f10x_cec.c ****   *     @arg CEC_FLAG_SBE: Start Bit Error
 279:../StdPeripheralDriver/src/stm32f10x_cec.c ****   *     @arg CEC_FLAG_ACKE: Block Acknowledge Error
 280:../StdPeripheralDriver/src/stm32f10x_cec.c ****   *     @arg CEC_FLAG_LINE: Line Error
 281:../StdPeripheralDriver/src/stm32f10x_cec.c ****   *     @arg CEC_FLAG_TBTFE: Tx Block Transfer Finished Error
 282:../StdPeripheralDriver/src/stm32f10x_cec.c ****   *     @arg CEC_FLAG_TEOM: Tx End Of Message 
 283:../StdPeripheralDriver/src/stm32f10x_cec.c ****   *     @arg CEC_FLAG_TERR: Tx Error
 284:../StdPeripheralDriver/src/stm32f10x_cec.c ****   *     @arg CEC_FLAG_TBTRF: Tx Byte Transfer Request or Block Transfer Finished
 285:../StdPeripheralDriver/src/stm32f10x_cec.c ****   *     @arg CEC_FLAG_RSOM: Rx Start Of Message
 286:../StdPeripheralDriver/src/stm32f10x_cec.c ****   *     @arg CEC_FLAG_REOM: Rx End Of Message
 287:../StdPeripheralDriver/src/stm32f10x_cec.c ****   *     @arg CEC_FLAG_RERR: Rx Error
 288:../StdPeripheralDriver/src/stm32f10x_cec.c ****   *     @arg CEC_FLAG_RBTF: Rx Byte/Block Transfer Finished
 289:../StdPeripheralDriver/src/stm32f10x_cec.c ****   * @retval The new state of CEC_FLAG (SET or RESET)
 290:../StdPeripheralDriver/src/stm32f10x_cec.c ****   */
 291:../StdPeripheralDriver/src/stm32f10x_cec.c **** FlagStatus CEC_GetFlagStatus(uint32_t CEC_FLAG) 
 292:../StdPeripheralDriver/src/stm32f10x_cec.c **** {
 18056              		.loc 1 292 0
 18057              		.cfi_startproc
 18058              		@ args = 0, pretend = 0, frame = 24
 18059              		@ frame_needed = 1, uses_anonymous_args = 0
 18060              		@ link register save eliminated.
 18061 0000 80B4     		push	{r7}
 18062              	.LCFI27:
 18063              		.cfi_def_cfa_offset 4
 18064 0002 87B0     		sub	sp, sp, #28
 18065              	.LCFI28:
 18066              		.cfi_def_cfa_offset 32
 18067 0004 00AF     		add	r7, sp, #0
 18068              		.cfi_offset 7, -4
 18069              	.LCFI29:
 18070              		.cfi_def_cfa_register 7
 18071 0006 7860     		str	r0, [r7, #4]
 293:../StdPeripheralDriver/src/stm32f10x_cec.c ****   FlagStatus bitstatus = RESET;
 18072              		.loc 1 293 0
 18073 0008 4FF00003 		mov	r3, #0
 18074 000c FB75     		strb	r3, [r7, #23]
 294:../StdPeripheralDriver/src/stm32f10x_cec.c ****   uint32_t cecreg = 0, cecbase = 0;
 18075              		.loc 1 294 0
 18076 000e 4FF00003 		mov	r3, #0
 18077 0012 FB60     		str	r3, [r7, #12]
 18078 0014 4FF00003 		mov	r3, #0
 18079 0018 3B61     		str	r3, [r7, #16]
 295:../StdPeripheralDriver/src/stm32f10x_cec.c ****   
 296:../StdPeripheralDriver/src/stm32f10x_cec.c ****   /* Check the parameters */
 297:../StdPeripheralDriver/src/stm32f10x_cec.c ****   assert_param(IS_CEC_GET_FLAG(CEC_FLAG));
 298:../StdPeripheralDriver/src/stm32f10x_cec.c ****  
 299:../StdPeripheralDriver/src/stm32f10x_cec.c ****   /* Get the CEC peripheral base address */
 300:../StdPeripheralDriver/src/stm32f10x_cec.c ****   cecbase = (uint32_t)(CEC_BASE);
 18080              		.loc 1 300 0
 18081 001a 174B     		ldr	r3, .L36
 18082 001c 3B61     		str	r3, [r7, #16]
 301:../StdPeripheralDriver/src/stm32f10x_cec.c ****   
 302:../StdPeripheralDriver/src/stm32f10x_cec.c ****   /* Read flag register index */
 303:../StdPeripheralDriver/src/stm32f10x_cec.c ****   cecreg = CEC_FLAG >> 28;
 18083              		.loc 1 303 0
 18084 001e 7B68     		ldr	r3, [r7, #4]
 18085 0020 4FEA1373 		lsr	r3, r3, #28
 18086 0024 FB60     		str	r3, [r7, #12]
 304:../StdPeripheralDriver/src/stm32f10x_cec.c ****   
 305:../StdPeripheralDriver/src/stm32f10x_cec.c ****   /* Get bit[23:0] of the flag */
 306:../StdPeripheralDriver/src/stm32f10x_cec.c ****   CEC_FLAG &= FLAG_Mask;
 18087              		.loc 1 306 0
 18088 0026 7B68     		ldr	r3, [r7, #4]
 18089 0028 23F07F43 		bic	r3, r3, #-16777216
 18090 002c 7B60     		str	r3, [r7, #4]
 307:../StdPeripheralDriver/src/stm32f10x_cec.c ****   
 308:../StdPeripheralDriver/src/stm32f10x_cec.c ****   if(cecreg != 0)
 18091              		.loc 1 308 0
 18092 002e FB68     		ldr	r3, [r7, #12]
 18093 0030 002B     		cmp	r3, #0
 18094 0032 08D0     		beq	.L32
 309:../StdPeripheralDriver/src/stm32f10x_cec.c ****   {
 310:../StdPeripheralDriver/src/stm32f10x_cec.c ****     /* Flag in CEC ESR Register */
 311:../StdPeripheralDriver/src/stm32f10x_cec.c ****     CEC_FLAG = (uint32_t)(CEC_FLAG >> 16);
 18095              		.loc 1 311 0
 18096 0034 7B68     		ldr	r3, [r7, #4]
 18097 0036 4FEA1343 		lsr	r3, r3, #16
 18098 003a 7B60     		str	r3, [r7, #4]
 312:../StdPeripheralDriver/src/stm32f10x_cec.c ****     
 313:../StdPeripheralDriver/src/stm32f10x_cec.c ****     /* Get the CEC ESR register address */
 314:../StdPeripheralDriver/src/stm32f10x_cec.c ****     cecbase += 0xC;
 18099              		.loc 1 314 0
 18100 003c 3B69     		ldr	r3, [r7, #16]
 18101 003e 03F10C03 		add	r3, r3, #12
 18102 0042 3B61     		str	r3, [r7, #16]
 18103 0044 03E0     		b	.L33
 18104              	.L32:
 315:../StdPeripheralDriver/src/stm32f10x_cec.c ****   }
 316:../StdPeripheralDriver/src/stm32f10x_cec.c ****   else
 317:../StdPeripheralDriver/src/stm32f10x_cec.c ****   {
 318:../StdPeripheralDriver/src/stm32f10x_cec.c ****     /* Get the CEC CSR register address */
 319:../StdPeripheralDriver/src/stm32f10x_cec.c ****     cecbase += 0x10;
 18105              		.loc 1 319 0
 18106 0046 3B69     		ldr	r3, [r7, #16]
 18107 0048 03F11003 		add	r3, r3, #16
 18108 004c 3B61     		str	r3, [r7, #16]
 18109              	.L33:
 320:../StdPeripheralDriver/src/stm32f10x_cec.c ****   }
 321:../StdPeripheralDriver/src/stm32f10x_cec.c ****   
 322:../StdPeripheralDriver/src/stm32f10x_cec.c ****   if(((*(__IO uint32_t *)cecbase) & CEC_FLAG) != (uint32_t)RESET)
 18110              		.loc 1 322 0
 18111 004e 3B69     		ldr	r3, [r7, #16]
 18112 0050 1A68     		ldr	r2, [r3, #0]
 18113 0052 7B68     		ldr	r3, [r7, #4]
 18114 0054 02EA0303 		and	r3, r2, r3
 18115 0058 002B     		cmp	r3, #0
 18116 005a 03D0     		beq	.L34
 323:../StdPeripheralDriver/src/stm32f10x_cec.c ****   {
 324:../StdPeripheralDriver/src/stm32f10x_cec.c ****     /* CEC_FLAG is set */
 325:../StdPeripheralDriver/src/stm32f10x_cec.c ****     bitstatus = SET;
 18117              		.loc 1 325 0
 18118 005c 4FF00103 		mov	r3, #1
 18119 0060 FB75     		strb	r3, [r7, #23]
 18120 0062 02E0     		b	.L35
 18121              	.L34:
 326:../StdPeripheralDriver/src/stm32f10x_cec.c ****   }
 327:../StdPeripheralDriver/src/stm32f10x_cec.c ****   else
 328:../StdPeripheralDriver/src/stm32f10x_cec.c ****   {
 329:../StdPeripheralDriver/src/stm32f10x_cec.c ****     /* CEC_FLAG is reset */
 330:../StdPeripheralDriver/src/stm32f10x_cec.c ****     bitstatus = RESET;
 18122              		.loc 1 330 0
 18123 0064 4FF00003 		mov	r3, #0
 18124 0068 FB75     		strb	r3, [r7, #23]
 18125              	.L35:
 331:../StdPeripheralDriver/src/stm32f10x_cec.c ****   }
 332:../StdPeripheralDriver/src/stm32f10x_cec.c ****   
 333:../StdPeripheralDriver/src/stm32f10x_cec.c ****   /* Return the CEC_FLAG status */
 334:../StdPeripheralDriver/src/stm32f10x_cec.c ****   return  bitstatus;
 18126              		.loc 1 334 0
 18127 006a FB7D     		ldrb	r3, [r7, #23]	@ zero_extendqisi2
 335:../StdPeripheralDriver/src/stm32f10x_cec.c **** }
 18128              		.loc 1 335 0
 18129 006c 1846     		mov	r0, r3
 18130 006e 07F11C07 		add	r7, r7, #28
 18131 0072 BD46     		mov	sp, r7
 18132 0074 80BC     		pop	{r7}
 18133 0076 7047     		bx	lr
 18134              	.L37:
 18135              		.align	2
 18136              	.L36:
 18137 0078 00780040 		.word	1073772544
 18138              		.cfi_endproc
 18139              	.LFE39:
 18141              		.section	.text.CEC_ClearFlag,"ax",%progbits
 18142              		.align	2
 18143              		.global	CEC_ClearFlag
 18144              		.thumb
 18145              		.thumb_func
 18147              	CEC_ClearFlag:
 18148              	.LFB40:
 336:../StdPeripheralDriver/src/stm32f10x_cec.c **** 
 337:../StdPeripheralDriver/src/stm32f10x_cec.c **** /**
 338:../StdPeripheralDriver/src/stm32f10x_cec.c ****   * @brief  Clears the CEC's pending flags.
 339:../StdPeripheralDriver/src/stm32f10x_cec.c ****   * @param  CEC_FLAG: specifies the flag to clear. 
 340:../StdPeripheralDriver/src/stm32f10x_cec.c ****   *   This parameter can be any combination of the following values:
 341:../StdPeripheralDriver/src/stm32f10x_cec.c ****   *     @arg CEC_FLAG_TERR: Tx Error
 342:../StdPeripheralDriver/src/stm32f10x_cec.c ****   *     @arg CEC_FLAG_TBTRF: Tx Byte Transfer Request or Block Transfer Finished
 343:../StdPeripheralDriver/src/stm32f10x_cec.c ****   *     @arg CEC_FLAG_RSOM: Rx Start Of Message
 344:../StdPeripheralDriver/src/stm32f10x_cec.c ****   *     @arg CEC_FLAG_REOM: Rx End Of Message
 345:../StdPeripheralDriver/src/stm32f10x_cec.c ****   *     @arg CEC_FLAG_RERR: Rx Error
 346:../StdPeripheralDriver/src/stm32f10x_cec.c ****   *     @arg CEC_FLAG_RBTF: Rx Byte/Block Transfer Finished
 347:../StdPeripheralDriver/src/stm32f10x_cec.c ****   * @retval None
 348:../StdPeripheralDriver/src/stm32f10x_cec.c ****   */
 349:../StdPeripheralDriver/src/stm32f10x_cec.c **** void CEC_ClearFlag(uint32_t CEC_FLAG)
 350:../StdPeripheralDriver/src/stm32f10x_cec.c **** { 
 18149              		.loc 1 350 0
 18150              		.cfi_startproc
 18151              		@ args = 0, pretend = 0, frame = 16
 18152              		@ frame_needed = 1, uses_anonymous_args = 0
 18153              		@ link register save eliminated.
 18154 0000 80B4     		push	{r7}
 18155              	.LCFI30:
 18156              		.cfi_def_cfa_offset 4
 18157 0002 85B0     		sub	sp, sp, #20
 18158              	.LCFI31:
 18159              		.cfi_def_cfa_offset 24
 18160 0004 00AF     		add	r7, sp, #0
 18161              		.cfi_offset 7, -4
 18162              	.LCFI32:
 18163              		.cfi_def_cfa_register 7
 18164 0006 7860     		str	r0, [r7, #4]
 351:../StdPeripheralDriver/src/stm32f10x_cec.c ****   uint32_t tmp = 0x0;
 18165              		.loc 1 351 0
 18166 0008 4FF00003 		mov	r3, #0
 18167 000c FB60     		str	r3, [r7, #12]
 352:../StdPeripheralDriver/src/stm32f10x_cec.c ****   
 353:../StdPeripheralDriver/src/stm32f10x_cec.c ****   /* Check the parameters */
 354:../StdPeripheralDriver/src/stm32f10x_cec.c ****   assert_param(IS_CEC_CLEAR_FLAG(CEC_FLAG));
 355:../StdPeripheralDriver/src/stm32f10x_cec.c **** 
 356:../StdPeripheralDriver/src/stm32f10x_cec.c ****   tmp = CEC->CSR & 0x2;
 18168              		.loc 1 356 0
 18169 000e 0C4B     		ldr	r3, .L39
 18170 0010 1B69     		ldr	r3, [r3, #16]
 18171 0012 03F00203 		and	r3, r3, #2
 18172 0016 FB60     		str	r3, [r7, #12]
 357:../StdPeripheralDriver/src/stm32f10x_cec.c ****        
 358:../StdPeripheralDriver/src/stm32f10x_cec.c ****   /* Clear the selected CEC flags */
 359:../StdPeripheralDriver/src/stm32f10x_cec.c ****   CEC->CSR &= (uint32_t)(((~(uint32_t)CEC_FLAG) & 0xFFFFFFFC) | tmp);
 18173              		.loc 1 359 0
 18174 0018 094B     		ldr	r3, .L39
 18175 001a 094A     		ldr	r2, .L39
 18176 001c 1169     		ldr	r1, [r2, #16]
 18177 001e 7A68     		ldr	r2, [r7, #4]
 18178 0020 6FEA0202 		mvn	r2, r2
 18179 0024 22F00300 		bic	r0, r2, #3
 18180 0028 FA68     		ldr	r2, [r7, #12]
 18181 002a 40EA0202 		orr	r2, r0, r2
 18182 002e 01EA0202 		and	r2, r1, r2
 18183 0032 1A61     		str	r2, [r3, #16]
 360:../StdPeripheralDriver/src/stm32f10x_cec.c **** }
 18184              		.loc 1 360 0
 18185 0034 07F11407 		add	r7, r7, #20
 18186 0038 BD46     		mov	sp, r7
 18187 003a 80BC     		pop	{r7}
 18188 003c 7047     		bx	lr
 18189              	.L40:
 18190 003e 00BF     		.align	2
 18191              	.L39:
 18192 0040 00780040 		.word	1073772544
 18193              		.cfi_endproc
 18194              	.LFE40:
 18196              		.section	.text.CEC_GetITStatus,"ax",%progbits
 18197              		.align	2
 18198              		.global	CEC_GetITStatus
 18199              		.thumb
 18200              		.thumb_func
 18202              	CEC_GetITStatus:
 18203              	.LFB41:
 361:../StdPeripheralDriver/src/stm32f10x_cec.c **** 
 362:../StdPeripheralDriver/src/stm32f10x_cec.c **** /**
 363:../StdPeripheralDriver/src/stm32f10x_cec.c ****   * @brief  Checks whether the specified CEC interrupt has occurred or not.
 364:../StdPeripheralDriver/src/stm32f10x_cec.c ****   * @param  CEC_IT: specifies the CEC interrupt source to check. 
 365:../StdPeripheralDriver/src/stm32f10x_cec.c ****   *   This parameter can be one of the following values:
 366:../StdPeripheralDriver/src/stm32f10x_cec.c ****   *     @arg CEC_IT_TERR: Tx Error
 367:../StdPeripheralDriver/src/stm32f10x_cec.c ****   *     @arg CEC_IT_TBTF: Tx Block Transfer Finished
 368:../StdPeripheralDriver/src/stm32f10x_cec.c ****   *     @arg CEC_IT_RERR: Rx Error
 369:../StdPeripheralDriver/src/stm32f10x_cec.c ****   *     @arg CEC_IT_RBTF: Rx Block Transfer Finished
 370:../StdPeripheralDriver/src/stm32f10x_cec.c ****   * @retval The new state of CEC_IT (SET or RESET).
 371:../StdPeripheralDriver/src/stm32f10x_cec.c ****   */
 372:../StdPeripheralDriver/src/stm32f10x_cec.c **** ITStatus CEC_GetITStatus(uint8_t CEC_IT)
 373:../StdPeripheralDriver/src/stm32f10x_cec.c **** {
 18204              		.loc 1 373 0
 18205              		.cfi_startproc
 18206              		@ args = 0, pretend = 0, frame = 16
 18207              		@ frame_needed = 1, uses_anonymous_args = 0
 18208              		@ link register save eliminated.
 18209 0000 80B4     		push	{r7}
 18210              	.LCFI33:
 18211              		.cfi_def_cfa_offset 4
 18212 0002 85B0     		sub	sp, sp, #20
 18213              	.LCFI34:
 18214              		.cfi_def_cfa_offset 24
 18215 0004 00AF     		add	r7, sp, #0
 18216              		.cfi_offset 7, -4
 18217              	.LCFI35:
 18218              		.cfi_def_cfa_register 7
 18219 0006 0346     		mov	r3, r0
 18220 0008 FB71     		strb	r3, [r7, #7]
 374:../StdPeripheralDriver/src/stm32f10x_cec.c ****   ITStatus bitstatus = RESET;
 18221              		.loc 1 374 0
 18222 000a 4FF00003 		mov	r3, #0
 18223 000e FB73     		strb	r3, [r7, #15]
 375:../StdPeripheralDriver/src/stm32f10x_cec.c ****   uint32_t enablestatus = 0;
 18224              		.loc 1 375 0
 18225 0010 4FF00003 		mov	r3, #0
 18226 0014 BB60     		str	r3, [r7, #8]
 376:../StdPeripheralDriver/src/stm32f10x_cec.c ****   
 377:../StdPeripheralDriver/src/stm32f10x_cec.c ****   /* Check the parameters */
 378:../StdPeripheralDriver/src/stm32f10x_cec.c ****    assert_param(IS_CEC_GET_IT(CEC_IT));
 379:../StdPeripheralDriver/src/stm32f10x_cec.c ****    
 380:../StdPeripheralDriver/src/stm32f10x_cec.c ****   /* Get the CEC IT enable bit status */
 381:../StdPeripheralDriver/src/stm32f10x_cec.c ****   enablestatus = (CEC->CFGR & (uint8_t)CEC_CFGR_IE) ;
 18227              		.loc 1 381 0
 18228 0016 0E4B     		ldr	r3, .L44
 18229 0018 1B68     		ldr	r3, [r3, #0]
 18230 001a 03F00203 		and	r3, r3, #2
 18231 001e BB60     		str	r3, [r7, #8]
 382:../StdPeripheralDriver/src/stm32f10x_cec.c ****   
 383:../StdPeripheralDriver/src/stm32f10x_cec.c ****   /* Check the status of the specified CEC interrupt */
 384:../StdPeripheralDriver/src/stm32f10x_cec.c ****   if (((CEC->CSR & CEC_IT) != (uint32_t)RESET) && enablestatus)
 18232              		.loc 1 384 0
 18233 0020 0B4B     		ldr	r3, .L44
 18234 0022 1A69     		ldr	r2, [r3, #16]
 18235 0024 FB79     		ldrb	r3, [r7, #7]	@ zero_extendqisi2
 18236 0026 02EA0303 		and	r3, r2, r3
 18237 002a 002B     		cmp	r3, #0
 18238 002c 06D0     		beq	.L42
 18239              		.loc 1 384 0 is_stmt 0 discriminator 1
 18240 002e BB68     		ldr	r3, [r7, #8]
 18241 0030 002B     		cmp	r3, #0
 18242 0032 03D0     		beq	.L42
 385:../StdPeripheralDriver/src/stm32f10x_cec.c ****   {
 386:../StdPeripheralDriver/src/stm32f10x_cec.c ****     /* CEC_IT is set */
 387:../StdPeripheralDriver/src/stm32f10x_cec.c ****     bitstatus = SET;
 18243              		.loc 1 387 0 is_stmt 1
 18244 0034 4FF00103 		mov	r3, #1
 18245 0038 FB73     		strb	r3, [r7, #15]
 18246 003a 02E0     		b	.L43
 18247              	.L42:
 388:../StdPeripheralDriver/src/stm32f10x_cec.c ****   }
 389:../StdPeripheralDriver/src/stm32f10x_cec.c ****   else
 390:../StdPeripheralDriver/src/stm32f10x_cec.c ****   {
 391:../StdPeripheralDriver/src/stm32f10x_cec.c ****     /* CEC_IT is reset */
 392:../StdPeripheralDriver/src/stm32f10x_cec.c ****     bitstatus = RESET;
 18248              		.loc 1 392 0
 18249 003c 4FF00003 		mov	r3, #0
 18250 0040 FB73     		strb	r3, [r7, #15]
 18251              	.L43:
 393:../StdPeripheralDriver/src/stm32f10x_cec.c ****   }
 394:../StdPeripheralDriver/src/stm32f10x_cec.c ****   /* Return the CEC_IT status */
 395:../StdPeripheralDriver/src/stm32f10x_cec.c ****   return  bitstatus;
 18252              		.loc 1 395 0
 18253 0042 FB7B     		ldrb	r3, [r7, #15]	@ zero_extendqisi2
 396:../StdPeripheralDriver/src/stm32f10x_cec.c **** }
 18254              		.loc 1 396 0
 18255 0044 1846     		mov	r0, r3
 18256 0046 07F11407 		add	r7, r7, #20
 18257 004a BD46     		mov	sp, r7
 18258 004c 80BC     		pop	{r7}
 18259 004e 7047     		bx	lr
 18260              	.L45:
 18261              		.align	2
 18262              	.L44:
 18263 0050 00780040 		.word	1073772544
 18264              		.cfi_endproc
 18265              	.LFE41:
 18267              		.section	.text.CEC_ClearITPendingBit,"ax",%progbits
 18268              		.align	2
 18269              		.global	CEC_ClearITPendingBit
 18270              		.thumb
 18271              		.thumb_func
 18273              	CEC_ClearITPendingBit:
 18274              	.LFB42:
 397:../StdPeripheralDriver/src/stm32f10x_cec.c **** 
 398:../StdPeripheralDriver/src/stm32f10x_cec.c **** /**
 399:../StdPeripheralDriver/src/stm32f10x_cec.c ****   * @brief  Clears the CEC's interrupt pending bits.
 400:../StdPeripheralDriver/src/stm32f10x_cec.c ****   * @param  CEC_IT: specifies the CEC interrupt pending bit to clear.
 401:../StdPeripheralDriver/src/stm32f10x_cec.c ****   *   This parameter can be any combination of the following values:
 402:../StdPeripheralDriver/src/stm32f10x_cec.c ****   *     @arg CEC_IT_TERR: Tx Error
 403:../StdPeripheralDriver/src/stm32f10x_cec.c ****   *     @arg CEC_IT_TBTF: Tx Block Transfer Finished
 404:../StdPeripheralDriver/src/stm32f10x_cec.c ****   *     @arg CEC_IT_RERR: Rx Error
 405:../StdPeripheralDriver/src/stm32f10x_cec.c ****   *     @arg CEC_IT_RBTF: Rx Block Transfer Finished
 406:../StdPeripheralDriver/src/stm32f10x_cec.c ****   * @retval None
 407:../StdPeripheralDriver/src/stm32f10x_cec.c ****   */
 408:../StdPeripheralDriver/src/stm32f10x_cec.c **** void CEC_ClearITPendingBit(uint16_t CEC_IT)
 409:../StdPeripheralDriver/src/stm32f10x_cec.c **** {
 18275              		.loc 1 409 0
 18276              		.cfi_startproc
 18277              		@ args = 0, pretend = 0, frame = 16
 18278              		@ frame_needed = 1, uses_anonymous_args = 0
 18279              		@ link register save eliminated.
 18280 0000 80B4     		push	{r7}
 18281              	.LCFI36:
 18282              		.cfi_def_cfa_offset 4
 18283 0002 85B0     		sub	sp, sp, #20
 18284              	.LCFI37:
 18285              		.cfi_def_cfa_offset 24
 18286 0004 00AF     		add	r7, sp, #0
 18287              		.cfi_offset 7, -4
 18288              	.LCFI38:
 18289              		.cfi_def_cfa_register 7
 18290 0006 0346     		mov	r3, r0
 18291 0008 FB80     		strh	r3, [r7, #6]	@ movhi
 410:../StdPeripheralDriver/src/stm32f10x_cec.c ****   uint32_t tmp = 0x0;
 18292              		.loc 1 410 0
 18293 000a 4FF00003 		mov	r3, #0
 18294 000e FB60     		str	r3, [r7, #12]
 411:../StdPeripheralDriver/src/stm32f10x_cec.c ****   
 412:../StdPeripheralDriver/src/stm32f10x_cec.c ****   /* Check the parameters */
 413:../StdPeripheralDriver/src/stm32f10x_cec.c ****   assert_param(IS_CEC_GET_IT(CEC_IT));
 414:../StdPeripheralDriver/src/stm32f10x_cec.c ****   
 415:../StdPeripheralDriver/src/stm32f10x_cec.c ****   tmp = CEC->CSR & 0x2;
 18295              		.loc 1 415 0
 18296 0010 0B4B     		ldr	r3, .L47
 18297 0012 1B69     		ldr	r3, [r3, #16]
 18298 0014 03F00203 		and	r3, r3, #2
 18299 0018 FB60     		str	r3, [r7, #12]
 416:../StdPeripheralDriver/src/stm32f10x_cec.c ****   
 417:../StdPeripheralDriver/src/stm32f10x_cec.c ****   /* Clear the selected CEC interrupt pending bits */
 418:../StdPeripheralDriver/src/stm32f10x_cec.c ****   CEC->CSR &= (uint32_t)(((~(uint32_t)CEC_IT) & 0xFFFFFFFC) | tmp);
 18300              		.loc 1 418 0
 18301 001a 094B     		ldr	r3, .L47
 18302 001c 084A     		ldr	r2, .L47
 18303 001e 1169     		ldr	r1, [r2, #16]
 18304 0020 FA88     		ldrh	r2, [r7, #6]
 18305 0022 6FEA0202 		mvn	r2, r2
 18306 0026 22F00300 		bic	r0, r2, #3
 18307 002a FA68     		ldr	r2, [r7, #12]
 18308 002c 40EA0202 		orr	r2, r0, r2
 18309 0030 01EA0202 		and	r2, r1, r2
 18310 0034 1A61     		str	r2, [r3, #16]
 419:../StdPeripheralDriver/src/stm32f10x_cec.c **** }
 18311              		.loc 1 419 0
 18312 0036 07F11407 		add	r7, r7, #20
 18313 003a BD46     		mov	sp, r7
 18314 003c 80BC     		pop	{r7}
 18315 003e 7047     		bx	lr
 18316              	.L48:
 18317              		.align	2
 18318              	.L47:
 18319 0040 00780040 		.word	1073772544
 18320              		.cfi_endproc
 18321              	.LFE42:
 18323              		.text
 18324              	.Letext0:
DEFINED SYMBOLS
                            *ABS*:00000000 stm32f10x_cec.c
     /tmp/cc5vO6nf.s:17622  .text.CEC_DeInit:00000000 $t
     /tmp/cc5vO6nf.s:17627  .text.CEC_DeInit:00000000 CEC_DeInit
     /tmp/cc5vO6nf.s:17655  .text.CEC_Init:00000000 $t
     /tmp/cc5vO6nf.s:17660  .text.CEC_Init:00000000 CEC_Init
     /tmp/cc5vO6nf.s:17711  .text.CEC_Init:00000044 $d
     /tmp/cc5vO6nf.s:17716  .text.CEC_Cmd:00000000 $t
     /tmp/cc5vO6nf.s:17721  .text.CEC_Cmd:00000000 CEC_Cmd
     /tmp/cc5vO6nf.s:17767  .text.CEC_Cmd:00000030 $d
     /tmp/cc5vO6nf.s:17773  .text.CEC_ITConfig:00000000 $t
     /tmp/cc5vO6nf.s:17778  .text.CEC_ITConfig:00000000 CEC_ITConfig
     /tmp/cc5vO6nf.s:17809  .text.CEC_ITConfig:0000001c $d
     /tmp/cc5vO6nf.s:17814  .text.CEC_OwnAddressConfig:00000000 $t
     /tmp/cc5vO6nf.s:17819  .text.CEC_OwnAddressConfig:00000000 CEC_OwnAddressConfig
     /tmp/cc5vO6nf.s:17850  .text.CEC_OwnAddressConfig:0000001c $d
     /tmp/cc5vO6nf.s:17855  .text.CEC_SetPrescaler:00000000 $t
     /tmp/cc5vO6nf.s:17860  .text.CEC_SetPrescaler:00000000 CEC_SetPrescaler
     /tmp/cc5vO6nf.s:17891  .text.CEC_SetPrescaler:0000001c $d
     /tmp/cc5vO6nf.s:17896  .text.CEC_SendDataByte:00000000 $t
     /tmp/cc5vO6nf.s:17901  .text.CEC_SendDataByte:00000000 CEC_SendDataByte
     /tmp/cc5vO6nf.s:17932  .text.CEC_SendDataByte:0000001c $d
     /tmp/cc5vO6nf.s:17937  .text.CEC_ReceiveDataByte:00000000 $t
     /tmp/cc5vO6nf.s:17942  .text.CEC_ReceiveDataByte:00000000 CEC_ReceiveDataByte
     /tmp/cc5vO6nf.s:17968  .text.CEC_ReceiveDataByte:00000014 $d
     /tmp/cc5vO6nf.s:17973  .text.CEC_StartOfMessage:00000000 $t
     /tmp/cc5vO6nf.s:17978  .text.CEC_StartOfMessage:00000000 CEC_StartOfMessage
     /tmp/cc5vO6nf.s:18003  .text.CEC_StartOfMessage:00000014 $d
     /tmp/cc5vO6nf.s:18008  .text.CEC_EndOfMessageCmd:00000000 $t
     /tmp/cc5vO6nf.s:18013  .text.CEC_EndOfMessageCmd:00000000 CEC_EndOfMessageCmd
     /tmp/cc5vO6nf.s:18044  .text.CEC_EndOfMessageCmd:0000001c $d
     /tmp/cc5vO6nf.s:18049  .text.CEC_GetFlagStatus:00000000 $t
     /tmp/cc5vO6nf.s:18054  .text.CEC_GetFlagStatus:00000000 CEC_GetFlagStatus
     /tmp/cc5vO6nf.s:18137  .text.CEC_GetFlagStatus:00000078 $d
     /tmp/cc5vO6nf.s:18142  .text.CEC_ClearFlag:00000000 $t
     /tmp/cc5vO6nf.s:18147  .text.CEC_ClearFlag:00000000 CEC_ClearFlag
     /tmp/cc5vO6nf.s:18192  .text.CEC_ClearFlag:00000040 $d
     /tmp/cc5vO6nf.s:18197  .text.CEC_GetITStatus:00000000 $t
     /tmp/cc5vO6nf.s:18202  .text.CEC_GetITStatus:00000000 CEC_GetITStatus
     /tmp/cc5vO6nf.s:18263  .text.CEC_GetITStatus:00000050 $d
     /tmp/cc5vO6nf.s:18268  .text.CEC_ClearITPendingBit:00000000 $t
     /tmp/cc5vO6nf.s:18273  .text.CEC_ClearITPendingBit:00000000 CEC_ClearITPendingBit
     /tmp/cc5vO6nf.s:18319  .text.CEC_ClearITPendingBit:00000040 $d
                     .debug_frame:00000010 $d

UNDEFINED SYMBOLS
RCC_APB1PeriphResetCmd
